../Core/Src/main.c:116:5:main	8	static
../Core/Src/main.c:240:6:SystemClock_Config	88	static
../Core/Src/main.c:282:6:us50Hzgen	8	static
../Core/Src/main.c:296:6:Update_TIM3_Period	16	static
../Core/Src/main.c:302:6:delay_us	16	static
../Core/Src/main.c:308:6:ADC_ReadChannels	8	static
../Core/Src/main.c:326:6:HAL_I2C_SlaveRxCpltCallback	24	static
../Core/Src/main.c:343:6:HAL_I2C_SlaveTxCpltCallback	16	static
../Core/Src/main.c:350:6:HAL_I2C_ErrorCallback	16	static
../Core/Src/main.c:361:6:Boost_SetVoltage	40	static
../Core/Src/main.c:399:6:Error_Handler	8	static,ignoring_inline_asm
