../Core/Src/Stepper.cpp:3:1:Stepper::Stepper(TIM_HandleTypeDef*, uint32_t, GPIO_TypeDef*, uint16_t, GPIO_TypeDef*, uint16_t, GPIO_TypeDef*, uint16_t, GPIO_TypeDef*, uint16_t)	24	static
../Core/Src/Stepper.cpp:29:6:void Stepper::Init(uint16_t, uint32_t)	24	static
../Core/Src/Stepper.cpp:35:6:void Stepper::Enable()	16	static
../Core/Src/Stepper.cpp:40:6:void Stepper::Disable()	16	static
../Core/Src/Stepper.cpp:53:6:void Stepper::SetSpeed(float)	32	static
../Core/Src/Stepper.cpp:75:6:void Stepper::MoveForward(uint32_t, uint32_t)	24	static
../Core/Src/Stepper.cpp:93:6:void Stepper::MoveReverse(uint32_t, uint32_t)	24	static
../Core/Src/Stepper.cpp:99:6:void Stepper::MoveHome(uint32_t)	16	static
../Core/Src/Stepper.cpp:112:6:void Stepper::MoveEnd(uint32_t)	16	static
../Core/Src/Stepper.cpp:125:6:void Stepper::Stop()	16	static
../Core/Src/Stepper.cpp:132:6:void Stepper::pass()	16	static
../Core/Src/Stepper.cpp:138:6:void Stepper::resume()	16	static
../Core/Src/Stepper.cpp:144:6:void Stepper::HandlePulse()	16	static
../Core/Src/Stepper.cpp:157:6:void Stepper::HandleExti(uint16_t)	16	static
../Core/Src/Stepper.cpp:170:6:void Stepper::HandleExtio()	16	static
../Core/Src/Stepper.cpp:183:6:bool Stepper::IsBusy()	16	static
../Core/Src/Stepper.cpp:188:6:bool Stepper::IsDone()	16	static
