../Core/Inc/sysmain.h:14:7:SysMain::SysMain()	16	static
../Core/Src/sysmain.cpp:39:6:void SysMain::SysUpdate()	16	static
../Core/Src/sysmain.cpp:43:6:void SysMain::SystemInit()	136	static
../Core/Src/sysmain.cpp:92:6:void SysMain::SystemProcess()	48	static
../Core/Src/sysmain.cpp:249:10:uint32_t SysMain::mapValue(uint32_t, uint32_t, uint32_t, uint32_t, uint32_t)	56	static
../Core/Src/sysmain.cpp:261:7:float SysMain::mapFloat(float, float, float, float, float)	32	static
../Core/Src/sysmain.cpp:272:10:uint32_t SysMain::calculate_step_pulses_for_mm(float)	32	static
../Core/Src/sysmain.cpp:279:17:void HAL_TIM_PWM_PulseFinishedCallback(TIM_HandleTypeDef*)	16	static
../Core/Src/sysmain.cpp:285:17:void HAL_GPIO_EXTI_Callback(uint16_t)	16	static
../Core/Src/sysmain.cpp:293:17:void HAL_UART_RxCpltCallback(UART_HandleTypeDef*)	16	static
../Core/Src/sysmain.cpp:301:1:void __static_initialization_and_destruction_0()	40	static
../Core/Src/sysmain.cpp:301:1:cpp)	8	static
