../USB_HOST/Target/usbh_conf.c:62:6:HAL_HCD_MspInit	136	static
../USB_HOST/Target/usbh_conf.c:105:6:HAL_HCD_MspDeInit	8	static
../USB_HOST/Target/usbh_conf.c:135:6:HAL_HCD_SOF_Callback	0	static
../USB_HOST/Target/usbh_conf.c:145:6:HAL_HCD_Connect_Callback	0	static
../USB_HOST/Target/usbh_conf.c:155:6:HAL_HCD_Disconnect_Callback	0	static
../USB_HOST/Target/usbh_conf.c:167:6:HAL_HCD_HC_NotifyURBChange_Callback	0	static
../USB_HOST/Target/usbh_conf.c:179:6:HAL_HCD_PortEnabled_Callback	0	static
../USB_HOST/Target/usbh_conf.c:189:6:HAL_HCD_PortDisabled_Callback	0	static
../USB_HOST/Target/usbh_conf.c:203:20:USBH_LL_Init	8	static
../USB_HOST/Target/usbh_conf.c:287:19:USBH_LL_GetSpeed	8	static
../USB_HOST/Target/usbh_conf.c:335:10:USBH_LL_GetLastXferSize	0	static
../USB_HOST/Target/usbh_conf.c:376:20:USBH_LL_ClosePipe	0	static
../USB_HOST/Target/usbh_conf.c:392:20:USBH_LL_ActivatePipe	0	static
../USB_HOST/Target/usbh_conf.c:457:22:USBH_LL_GetURBState	0	static
../USB_HOST/Target/usbh_conf.c:471:20:USBH_LL_DriverVBUS	8	static
../USB_HOST/Target/usbh_conf.c:492:20:USBH_LL_SetToggle	0	static
../USB_HOST/Target/usbh_conf.c:515:9:USBH_LL_GetToggle	0	static
../USB_HOST/Target/usbh_conf.c:537:6:USBH_Delay	0	static
../USB_HOST/Target/usbh_conf.c:547:20:USBH_Get_USB_Status	0	static
../USB_HOST/Target/usbh_conf.c:236:20:USBH_LL_DeInit	8	static
../USB_HOST/Target/usbh_conf.c:253:20:USBH_LL_Start	8	static
../USB_HOST/Target/usbh_conf.c:270:20:USBH_LL_Stop	8	static
../USB_HOST/Target/usbh_conf.c:317:20:USBH_LL_ResetPort	8	static
../USB_HOST/Target/usbh_conf.c:351:20:USBH_LL_OpenPipe	32	static
../USB_HOST/Target/usbh_conf.c:428:20:USBH_LL_SubmitURB	32	static
