Archive member included to satisfy reference by file (symbol)

A:/APPS/STM/STM32 CubeIDE/APP Data/STM32CubeIDE_2.0.0/STM32CubeIDE/plugins/com.st.stm32cube.ide.mcu.externaltools.gnu-tools-for-stm32.13.3.rel1.win32_1.0.100.202509120712/tools/bin/../lib/gcc/arm-none-eabi/13.3.1/../../../../arm-none-eabi/lib/thumb/v6-m/nofp\libc_nano.a(libc_a-exit.o)
                              A:/APPS/STM/STM32 CubeIDE/APP Data/STM32CubeIDE_2.0.0/STM32CubeIDE/plugins/com.st.stm32cube.ide.mcu.externaltools.gnu-tools-for-stm32.13.3.rel1.win32_1.0.100.202509120712/tools/bin/../lib/gcc/arm-none-eabi/13.3.1/../../../../arm-none-eabi/lib/thumb/v6-m/nofp/crt0.o (exit)
A:/APPS/STM/STM32 CubeIDE/APP Data/STM32CubeIDE_2.0.0/STM32CubeIDE/plugins/com.st.stm32cube.ide.mcu.externaltools.gnu-tools-for-stm32.13.3.rel1.win32_1.0.100.202509120712/tools/bin/../lib/gcc/arm-none-eabi/13.3.1/../../../../arm-none-eabi/lib/thumb/v6-m/nofp\libc_nano.a(libc_a-findfp.o)
                              A:/APPS/STM/STM32 CubeIDE/APP Data/STM32CubeIDE_2.0.0/STM32CubeIDE/plugins/com.st.stm32cube.ide.mcu.externaltools.gnu-tools-for-stm32.13.3.rel1.win32_1.0.100.202509120712/tools/bin/../lib/gcc/arm-none-eabi/13.3.1/../../../../arm-none-eabi/lib/thumb/v6-m/nofp\libc_nano.a(libc_a-exit.o) (__stdio_exit_handler)
A:/APPS/STM/STM32 CubeIDE/APP Data/STM32CubeIDE_2.0.0/STM32CubeIDE/plugins/com.st.stm32cube.ide.mcu.externaltools.gnu-tools-for-stm32.13.3.rel1.win32_1.0.100.202509120712/tools/bin/../lib/gcc/arm-none-eabi/13.3.1/../../../../arm-none-eabi/lib/thumb/v6-m/nofp\libc_nano.a(libc_a-fwalk.o)
                              A:/APPS/STM/STM32 CubeIDE/APP Data/STM32CubeIDE_2.0.0/STM32CubeIDE/plugins/com.st.stm32cube.ide.mcu.externaltools.gnu-tools-for-stm32.13.3.rel1.win32_1.0.100.202509120712/tools/bin/../lib/gcc/arm-none-eabi/13.3.1/../../../../arm-none-eabi/lib/thumb/v6-m/nofp\libc_nano.a(libc_a-findfp.o) (_fwalk_sglue)
A:/APPS/STM/STM32 CubeIDE/APP Data/STM32CubeIDE_2.0.0/STM32CubeIDE/plugins/com.st.stm32cube.ide.mcu.externaltools.gnu-tools-for-stm32.13.3.rel1.win32_1.0.100.202509120712/tools/bin/../lib/gcc/arm-none-eabi/13.3.1/../../../../arm-none-eabi/lib/thumb/v6-m/nofp\libc_nano.a(libc_a-stdio.o)
                              A:/APPS/STM/STM32 CubeIDE/APP Data/STM32CubeIDE_2.0.0/STM32CubeIDE/plugins/com.st.stm32cube.ide.mcu.externaltools.gnu-tools-for-stm32.13.3.rel1.win32_1.0.100.202509120712/tools/bin/../lib/gcc/arm-none-eabi/13.3.1/../../../../arm-none-eabi/lib/thumb/v6-m/nofp\libc_nano.a(libc_a-findfp.o) (__sread)
A:/APPS/STM/STM32 CubeIDE/APP Data/STM32CubeIDE_2.0.0/STM32CubeIDE/plugins/com.st.stm32cube.ide.mcu.externaltools.gnu-tools-for-stm32.13.3.rel1.win32_1.0.100.202509120712/tools/bin/../lib/gcc/arm-none-eabi/13.3.1/../../../../arm-none-eabi/lib/thumb/v6-m/nofp\libc_nano.a(libc_a-memset.o)
                              A:/APPS/STM/STM32 CubeIDE/APP Data/STM32CubeIDE_2.0.0/STM32CubeIDE/plugins/com.st.stm32cube.ide.mcu.externaltools.gnu-tools-for-stm32.13.3.rel1.win32_1.0.100.202509120712/tools/bin/../lib/gcc/arm-none-eabi/13.3.1/../../../../arm-none-eabi/lib/thumb/v6-m/nofp/crt0.o (memset)
A:/APPS/STM/STM32 CubeIDE/APP Data/STM32CubeIDE_2.0.0/STM32CubeIDE/plugins/com.st.stm32cube.ide.mcu.externaltools.gnu-tools-for-stm32.13.3.rel1.win32_1.0.100.202509120712/tools/bin/../lib/gcc/arm-none-eabi/13.3.1/../../../../arm-none-eabi/lib/thumb/v6-m/nofp\libc_nano.a(libc_a-closer.o)
                              A:/APPS/STM/STM32 CubeIDE/APP Data/STM32CubeIDE_2.0.0/STM32CubeIDE/plugins/com.st.stm32cube.ide.mcu.externaltools.gnu-tools-for-stm32.13.3.rel1.win32_1.0.100.202509120712/tools/bin/../lib/gcc/arm-none-eabi/13.3.1/../../../../arm-none-eabi/lib/thumb/v6-m/nofp\libc_nano.a(libc_a-stdio.o) (_close_r)
A:/APPS/STM/STM32 CubeIDE/APP Data/STM32CubeIDE_2.0.0/STM32CubeIDE/plugins/com.st.stm32cube.ide.mcu.externaltools.gnu-tools-for-stm32.13.3.rel1.win32_1.0.100.202509120712/tools/bin/../lib/gcc/arm-none-eabi/13.3.1/../../../../arm-none-eabi/lib/thumb/v6-m/nofp\libc_nano.a(libc_a-reent.o)
                              A:/APPS/STM/STM32 CubeIDE/APP Data/STM32CubeIDE_2.0.0/STM32CubeIDE/plugins/com.st.stm32cube.ide.mcu.externaltools.gnu-tools-for-stm32.13.3.rel1.win32_1.0.100.202509120712/tools/bin/../lib/gcc/arm-none-eabi/13.3.1/../../../../arm-none-eabi/lib/thumb/v6-m/nofp\libc_nano.a(libc_a-closer.o) (errno)
A:/APPS/STM/STM32 CubeIDE/APP Data/STM32CubeIDE_2.0.0/STM32CubeIDE/plugins/com.st.stm32cube.ide.mcu.externaltools.gnu-tools-for-stm32.13.3.rel1.win32_1.0.100.202509120712/tools/bin/../lib/gcc/arm-none-eabi/13.3.1/../../../../arm-none-eabi/lib/thumb/v6-m/nofp\libc_nano.a(libc_a-impure.o)
                              A:/APPS/STM/STM32 CubeIDE/APP Data/STM32CubeIDE_2.0.0/STM32CubeIDE/plugins/com.st.stm32cube.ide.mcu.externaltools.gnu-tools-for-stm32.13.3.rel1.win32_1.0.100.202509120712/tools/bin/../lib/gcc/arm-none-eabi/13.3.1/../../../../arm-none-eabi/lib/thumb/v6-m/nofp\libc_nano.a(libc_a-reent.o) (_impure_ptr)
[...]
Memory Configuration

Name             Origin             Length             Attributes
RAM              0x20000000         0x00002000         xrw
FLASH            0x08000000         0x00008000         xr
*default*        0x00000000         0xffffffff

Linker script and memory map

LOAD A:/APPS/STM/STM32 CubeIDE/APP Data/STM32CubeIDE_2.0.0/STM32CubeIDE/plugins/com.st.stm32cube.ide.mcu.externaltools.gnu-tools-for-stm32.13.3.rel1.win32_1.0.100.202509120712/tools/bin/../lib/gcc/arm-none-eabi/13.3.1/thumb/v6-m/nofp/crti.o
LOAD A:/APPS/STM/STM32 CubeIDE/APP Data/STM32CubeIDE_2.0.0/STM32CubeIDE/plugins/com.st.stm32cube.ide.mcu.externaltools.gnu-tools-for-stm32.13.3.rel1.win32_1.0.100.202509120712/tools/bin/../lib/gcc/arm-none-eabi/13.3.1/thumb/v6-m/nofp/crtbegin.o
LOAD A:/APPS/STM/STM32 CubeIDE/APP Data/STM32CubeIDE_2.0.0/STM32CubeIDE/plugins/com.st.stm32cube.ide.mcu.externaltools.gnu-tools-for-stm32.13.3.rel1.win32_1.0.100.202509120712/tools/bin/../lib/gcc/arm-none-eabi/13.3.1/../../../../arm-none-eabi/lib/thumb/v6-m/nofp/crt0.o
LOAD ./Core/Src/adc.o
LOAD ./Core/Src/gpio.o
LOAD ./Core/Src/i2c.o
LOAD ./Core/Src/main.o
LOAD ./Core/Src/stm32g0xx_hal_msp.o
LOAD ./Core/Src/stm32g0xx_it.o
LOAD ./Core/Src/syscalls.o
LOAD ./Core/Src/sysmem.o
LOAD ./Core/Src/system_stm32g0xx.o
LOAD ./Core/Src/tim.o
LOAD ./Core/Startup/startup_stm32g030f6px.o
LOAD ./Drivers/STM32G0xx_HAL_Driver/Src/stm32g0xx_hal.o
LOAD ./Drivers/STM32G0xx_HAL_Driver/Src/stm32g0xx_hal_adc.o
LOAD ./Drivers/STM32G0xx_HAL_Driver/Src/stm32g0xx_hal_adc_ex.o
LOAD ./Drivers/STM32G0xx_HAL_Driver/Src/stm32g0xx_hal_cortex.o
LOAD ./Drivers/STM32G0xx_HAL_Driver/Src/stm32g0xx_hal_dma.o
LOAD ./Drivers/STM32G0xx_HAL_Driver/Src/stm32g0xx_hal_dma_ex.o
LOAD ./Drivers/STM32G0xx_HAL_Driver/Src/stm32g0xx_hal_exti.o
LOAD ./Drivers/STM32G0xx_HAL_Driver/Src/stm32g0xx_hal_flash.o
LOAD ./Drivers/STM32G0xx_HAL_Driver/Src/stm32g0xx_hal_flash_ex.o
LOAD ./Drivers/STM32G0xx_HAL_Driver/Src/stm32g0xx_hal_gpio.o
LOAD ./Drivers/STM32G0xx_HAL_Driver/Src/stm32g0xx_hal_i2c.o
LOAD ./Drivers/STM32G0xx_HAL_Driver/Src/stm32g0xx_hal_i2c_ex.o
LOAD ./Drivers/STM32G0xx_HAL_Driver/Src/stm32g0xx_hal_pwr.o
LOAD ./Drivers/STM32G0xx_HAL_Driver/Src/stm32g0xx_hal_pwr_ex.o
LOAD ./Drivers/STM32G0xx_HAL_Driver/Src/stm32g0xx_hal_rcc.o
LOAD ./Drivers/STM32G0xx_HAL_Driver/Src/stm32g0xx_hal_rcc_ex.o
LOAD ./Drivers/STM32G0xx_HAL_Driver/Src/stm32g0xx_hal_tim.o
LOAD ./Drivers/STM32G0xx_HAL_Driver/Src/stm32g0xx_hal_tim_ex.o
LOAD ./Drivers/STM32G0xx_HAL_Driver/Src/stm32g0xx_ll_adc.o
LOAD ./Drivers/STM32G0xx_HAL_Driver/Src/stm32g0xx_ll_rcc.o
START GROUP
LOAD A:/APPS/STM/STM32 CubeIDE/APP Data/STM32CubeIDE_2.0.0/STM32CubeIDE/plugins/com.st.stm32cube.ide.mcu.externaltools.gnu-tools-for-stm32.13.3.rel1.win32_1.0.100.202509120712/tools/bin/../lib/gcc/arm-none-eabi/13.3.1/../../../../arm-none-eabi/lib/thumb/v6-m/nofp\libc_nano.a
LOAD A:/APPS/STM/STM32 CubeIDE/APP Data/STM32CubeIDE_2.0.0/STM32CubeIDE/plugins/com.st.stm32cube.ide.mcu.externaltools.gnu-tools-for-stm32.13.3.rel1.win32_1.0.100.202509120712/tools/bin/../lib/gcc/arm-none-eabi/13.3.1/../../../../arm-none-eabi/lib/thumb/v6-m/nofp\libm.a
END GROUP
START GROUP
LOAD A:/APPS/STM/STM32 CubeIDE/APP Data/STM32CubeIDE_2.0.0/STM32CubeIDE/plugins/com.st.stm32cube.ide.mcu.externaltools.gnu-tools-for-stm32.13.3.rel1.win32_1.0.100.202509120712/tools/bin/../lib/gcc/arm-none-eabi/13.3.1/thumb/v6-m/nofp\libgcc.a
LOAD A:/APPS/STM/STM32 CubeIDE/APP Data/STM32CubeIDE_2.0.0/STM32CubeIDE/plugins/com.st.stm32cube.ide.mcu.externaltools.gnu-tools-for-stm32.13.3.rel1.win32_1.0.100.202509120712/tools/bin/../lib/gcc/arm-none-eabi/13.3.1/../../../../arm-none-eabi/lib/thumb/v6-m/nofp\libc_nano.a
END GROUP
START GROUP
LOAD A:/APPS/STM/STM32 CubeIDE/APP Data/STM32CubeIDE_2.0.0/STM32CubeIDE/plugins/com.st.stm32cube.ide.mcu.externaltools.gnu-tools-for-stm32.13.3.rel1.win32_1.0.100.202509120712/tools/bin/../lib/gcc/arm-none-eabi/13.3.1/thumb/v6-m/nofp\libgcc.a
LOAD A:/APPS/STM/STM32 CubeIDE/APP Data/STM32CubeIDE_2.0.0/STM32CubeIDE/plugins/com.st.stm32cube.ide.mcu.externaltools.gnu-tools-for-stm32.13.3.rel1.win32_1.0.100.202509120712/tools/bin/../lib/gcc/arm-none-eabi/13.3.1/../../../../arm-none-eabi/lib/thumb/v6-m/nofp\libc_nano.a
END GROUP
LOAD A:/APPS/STM/STM32 CubeIDE/APP Data/STM32CubeIDE_2.0.0/STM32CubeIDE/plugins/com.st.stm32cube.ide.mcu.externaltools.gnu-tools-for-stm32.13.3.rel1.win32_1.0.100.202509120712/tools/bin/../lib/gcc/arm-none-eabi/13.3.1/thumb/v6-m/nofp/crtend.o
LOAD A:/APPS/STM/STM32 CubeIDE/APP Data/STM32CubeIDE_2.0.0/STM32CubeIDE/plugins/com.st.stm32cube.ide.mcu.externaltools.gnu-tools-for-stm32.13.3.rel1.win32_1.0.100.202509120712/tools/bin/../lib/gcc/arm-none-eabi/13.3.1/thumb/v6-m/nofp/crtn.o
                0x20002000                        _estack = (ORIGIN (RAM) + LENGTH (RAM))
                0x00000200                        _Min_Heap_Size = 0x200
                0x00000400                        _Min_Stack_Size = 0x400

.isr_vector     0x08000000       0xb8
                0x08000000                        . = ALIGN (0x4)
 *(.isr_vector)
 .isr_vector    0x08000000       0xb8 ./Core/Startup/startup_stm32g030f6px.o
                0x08000000                g_pfnVectors
                0x080000b8                        . = ALIGN (0x4)

.text           0x080000b8     0x72c0
                0x080000b8                        . = ALIGN (0x4)
 *(.text)
 .text          0x080000b8       0x48 A:/APPS/STM/STM32 CubeIDE/APP Data/STM32CubeIDE_2.0.0/STM32CubeIDE/plugins/com.st.stm32cube.ide.mcu.externaltools.gnu-tools-for-stm32.13.3.rel1.win32_1.0.100.202509120712/tools/bin/../lib/gcc/arm-none-eabi/13.3.1/thumb/v6-m/nofp/crtbegin.o
 .text          0x08000100      0x114 A:/APPS/STM/STM32 CubeIDE/APP Data/STM32CubeIDE_2.0.0/STM32CubeIDE/plugins/com.st.stm32cube.ide.mcu.externaltools.gnu-tools-for-stm32.13.3.rel1.win32_1.0.100.202509120712/tools/bin/../lib/gcc/arm-none-eabi/13.3.1/thumb/v6-m/nofp\libgcc.a(_udivsi3.o)
                0x08000100                __aeabi_uidiv
                0x08000100                __udivsi3
                0x0800020c                __aeabi_uidivmod
 .text          0x08000214      0x1d4 A:/APPS/STM/STM32 CubeIDE/APP Data/STM32CubeIDE_2.0.0/STM32CubeIDE/plugins/com.st.stm32cube.ide.mcu.externaltools.gnu-tools-for-stm32.13.3.rel1.win32_1.0.100.202509120712/tools/bin/../lib/gcc/arm-none-eabi/13.3.1/thumb/v6-m/nofp\libgcc.a(_divsi3.o)
                0x08000214                __divsi3
                0x08000214                __aeabi_idiv
                0x080003e0                __aeabi_idivmod
 .text          0x080003e8        0x4 A:/APPS/STM/STM32 CubeIDE/APP Data/STM32CubeIDE_2.0.0/STM32CubeIDE/plugins/com.st.stm32cube.ide.mcu.externaltools.gnu-tools-for-stm32.13.3.rel1.win32_1.0.100.202509120712/tools/bin/../lib/gcc/arm-none-eabi/13.3.1/thumb/v6-m/nofp\libgcc.a(_dvmd_tls.o)
                0x080003e8                __aeabi_idiv0
                0x080003e8                __aeabi_ldiv0
 .text          0x080003ec       0x30 A:/APPS/STM/STM32 CubeIDE/APP Data/STM32CubeIDE_2.0.0/STM32CubeIDE/plugins/com.st.stm32cube.ide.mcu.externaltools.gnu-tools-for-stm32.13.3.rel1.win32_1.0.100.202509120712/tools/bin/../lib/gcc/arm-none-eabi/13.3.1/thumb/v6-m/nofp\libgcc.a(_fixunssfsi.o)
                0x080003ec                __fixunssfsi
                0x080003ec                __aeabi_f2uiz
 .text          0x0800041c      0x22c A:/APPS/STM/STM32 CubeIDE/APP Data/STM32CubeIDE_2.0.0/STM32CubeIDE/plugins/com.st.stm32cube.ide.mcu.externaltools.gnu-tools-for-stm32.13.3.rel1.win32_1.0.100.202509120712/tools/bin/../lib/gcc/arm-none-eabi/13.3.1/thumb/v6-m/nofp\libgcc.a(divsf3.o)
                0x0800041c                __aeabi_fdiv
 .text          0x08000648      0x2b4 A:/APPS/STM/STM32 CubeIDE/APP Data/STM32CubeIDE_2.0.0/STM32CubeIDE/plugins/com.st.stm32cube.ide.mcu.externaltools.gnu-tools-for-stm32.13.3.rel1.win32_1.0.100.202509120712/tools/bin/../lib/gcc/arm-none-eabi/13.3.1/thumb/v6-m/nofp\libgcc.a(mulsf3.o)
                0x08000648                __aeabi_fmul
 .text          0x080008fc      0x4c8 A:/APPS/STM/STM32 CubeIDE/APP Data/STM32CubeIDE_2.0.0/STM32CubeIDE/plugins/com.st.stm32cube.ide.mcu.externaltools.gnu-tools-for-stm32.13.3.rel1.win32_1.0.100.202509120712/tools/bin/../lib/gcc/arm-none-eabi/13.3.1/thumb/v6-m/nofp\libgcc.a(subsf3.o)
                0x080008fc                __aeabi_fsub
 .text          0x08000dc4       0x40 A:/APPS/STM/STM32 CubeIDE/APP Data/STM32CubeIDE_2.0.0/STM32CubeIDE/plugins/com.st.stm32cube.ide.mcu.externaltools.gnu-tools-for-stm32.13.3.rel1.win32_1.0.100.202509120712/tools/bin/../lib/gcc/arm-none-eabi/13.3.1/thumb/v6-m/nofp\libgcc.a(fixsfsi.o)
                0x08000dc4                __aeabi_f2iz
 .text          0x08000e04       0x8c A:/APPS/STM/STM32 CubeIDE/APP Data/STM32CubeIDE_2.0.0/STM32CubeIDE/plugins/com.st.stm32cube.ide.mcu.externaltools.gnu-tools-for-stm32.13.3.rel1.win32_1.0.100.202509120712/tools/bin/../lib/gcc/arm-none-eabi/13.3.1/thumb/v6-m/nofp\libgcc.a(floatunsisf.o)
                0x08000e04                __aeabi_ui2f
 .text          0x08000e90       0x74 A:/APPS/STM/STM32 CubeIDE/APP Data/STM32CubeIDE_2.0.0/STM32CubeIDE/plugins/com.st.stm32cube.ide.mcu.externaltools.gnu-tools-for-stm32.13.3.rel1.win32_1.0.100.202509120712/tools/bin/../lib/gcc/arm-none-eabi/13.3.1/thumb/v6-m/nofp\libgcc.a(_arm_cmpsf2.o)
                0x08000e90                __aeabi_cfrcmple
                0x08000e98                __aeabi_cfcmpeq
                0x08000e98                __aeabi_cfcmple
                0x08000ea8                __aeabi_fcmpeq
                0x08000eb4                __aeabi_fcmplt
                0x08000ec8                __aeabi_fcmple
                0x08000edc                __aeabi_fcmpgt
                0x08000ef0                __aeabi_fcmpge
 .text          0x08000f04       0x3c A:/APPS/STM/STM32 CubeIDE/APP Data/STM32CubeIDE_2.0.0/STM32CubeIDE/plugins/com.st.stm32cube.ide.mcu.externaltools.gnu-tools-for-stm32.13.3.rel1.win32_1.0.100.202509120712/tools/bin/../lib/gcc/arm-none-eabi/13.3.1/thumb/v6-m/nofp\libgcc.a(_clzsi2.o)
                0x08000f04                __clzsi2
 .text          0x08000f40       0x50 A:/APPS/STM/STM32 CubeIDE/APP Data/STM32CubeIDE_2.0.0/STM32CubeIDE/plugins/com.st.stm32cube.ide.mcu.externaltools.gnu-tools-for-stm32.13.3.rel1.win32_1.0.100.202509120712/tools/bin/../lib/gcc/arm-none-eabi/13.3.1/thumb/v6-m/nofp\libgcc.a(eqsf2.o)
                0x08000f40                __eqsf2
                0x08000f40                __nesf2
 .text          0x08000f90       0x90 A:/APPS/STM/STM32 CubeIDE/APP Data/STM32CubeIDE_2.0.0/STM32CubeIDE/plugins/com.st.stm32cube.ide.mcu.externaltools.gnu-tools-for-stm32.13.3.rel1.win32_1.0.100.202509120712/tools/bin/../lib/gcc/arm-none-eabi/13.3.1/thumb/v6-m/nofp\libgcc.a(gesf2.o)
                0x08000f90                __gesf2
                0x08000f90                __gtsf2
 .text          0x08001020       0x90 A:/APPS/STM/STM32 CubeIDE/APP Data/STM32CubeIDE_2.0.0/STM32CubeIDE/plugins/com.st.stm32cube.ide.mcu.externaltools.gnu-tools-for-stm32.13.3.rel1.win32_1.0.100.202509120712/tools/bin/../lib/gcc/arm-none-eabi/13.3.1/thumb/v6-m/nofp\libgcc.a(lesf2.o)
                0x08001020                __ltsf2
                0x08001020                __lesf2
 *(.text*)
 .text.MX_ADC1_Init
                0x080010b0       0xf8 ./Core/Src/adc.o
                0x080010b0                MX_ADC1_Init
 .text.HAL_ADC_MspInit
                0x080011a8       0x88 ./Core/Src/adc.o
                0x080011a8                HAL_ADC_MspInit
 .text.MX_GPIO_Init
                0x08001230       0xbc ./Core/Src/gpio.o
                0x08001230                MX_GPIO_Init
 .text.MX_I2C1_Init
                0x080012ec       0x80 ./Core/Src/i2c.o
                0x080012ec                MX_I2C1_Init
 .text.HAL_I2C_MspInit
                0x0800136c       0xd4 ./Core/Src/i2c.o
                0x0800136c                HAL_I2C_MspInit
 .text.HAL_I2C_MspDeInit
                0x08001440       0x58 ./Core/Src/i2c.o
                0x08001440                HAL_I2C_MspDeInit
 .text.main     0x08001498      0x240 ./Core/Src/main.o
                0x08001498                main
 .text.SystemClock_Config
                0x080016d8       0xb4 ./Core/Src/main.o
                0x080016d8                SystemClock_Config
 .text.us50Hzgen
                0x0800178c       0x6c ./Core/Src/main.o
                0x0800178c                us50Hzgen
 .text.Update_TIM3_Period
                0x080017f8       0x34 ./Core/Src/main.o
                0x080017f8                Update_TIM3_Period
 .text.delay_us
                0x0800182c       0x34 ./Core/Src/main.o
                0x0800182c                delay_us
 .text.ADC_ReadChannels
                0x08001860       0x64 ./Core/Src/main.o
                0x08001860                ADC_ReadChannels
 .text.HAL_I2C_SlaveRxCpltCallback
                0x080018c4       0x60 ./Core/Src/main.o
                0x080018c4                HAL_I2C_SlaveRxCpltCallback
 .text.HAL_I2C_SlaveTxCpltCallback
                0x08001924       0x30 ./Core/Src/main.o
                0x08001924                HAL_I2C_SlaveTxCpltCallback
 .text.HAL_I2C_ErrorCallback
                0x08001954       0x44 ./Core/Src/main.o
                0x08001954                HAL_I2C_ErrorCallback
 .text.Boost_SetVoltage
                0x08001998      0x184 ./Core/Src/main.o
                0x08001998                Boost_SetVoltage
 .text.Error_Handler
                0x08001b1c        0xc ./Core/Src/main.o
                0x08001b1c                Error_Handler
 .text.HAL_MspInit
                0x08001b28       0x54 ./Core/Src/stm32g0xx_hal_msp.o
                0x08001b28                HAL_MspInit
 .text.NMI_Handler
                0x08001b7c        0x8 ./Core/Src/stm32g0xx_it.o
                0x08001b7c                NMI_Handler
 .text.HardFault_Handler
                0x08001b84        0x8 ./Core/Src/stm32g0xx_it.o
                0x08001b84                HardFault_Handler
 .text.SVC_Handler
                0x08001b8c        0xa ./Core/Src/stm32g0xx_it.o
                0x08001b8c                SVC_Handler
 .text.PendSV_Handler
                0x08001b96        0xa ./Core/Src/stm32g0xx_it.o
                0x08001b96                PendSV_Handler
 .text.SysTick_Handler
                0x08001ba0        0xe ./Core/Src/stm32g0xx_it.o
                0x08001ba0                SysTick_Handler
 *fill*         0x08001bae        0x2 
 .text.I2C1_IRQHandler
                0x08001bb0       0x30 ./Core/Src/stm32g0xx_it.o
                0x08001bb0                I2C1_IRQHandler
 .text.SystemInit
                0x08001be0        0xa ./Core/Src/system_stm32g0xx.o
                0x08001be0                SystemInit
 *fill*         0x08001bea        0x2 
 .text.MX_TIM1_Init
                0x08001bec      0x1dc ./Core/Src/tim.o
                0x08001bec                MX_TIM1_Init
 .text.MX_TIM3_Init
                0x08001dc8       0xa8 ./Core/Src/tim.o
                0x08001dc8                MX_TIM3_Init
 .text.MX_TIM16_Init
                0x08001e70       0x50 ./Core/Src/tim.o
                0x08001e70                MX_TIM16_Init
 .text.HAL_TIM_Base_MspInit
                0x08001ec0       0x94 ./Core/Src/tim.o
                0x08001ec0                HAL_TIM_Base_MspInit
 .text.HAL_TIM_MspPostInit
                0x08001f54       0x7c ./Core/Src/tim.o
                0x08001f54                HAL_TIM_MspPostInit
 .text.Reset_Handler
                0x08001fd0       0x50 ./Core/Startup/startup_stm32g030f6px.o
                0x08001fd0                Reset_Handler
 .text.Default_Handler
                0x08002020        0x2 ./Core/Startup/startup_stm32g030f6px.o
                0x08002020                TIM1_CC_IRQHandler
                0x08002020                RTC_TAMP_IRQHandler
                0x08002020                SPI1_IRQHandler
                0x08002020                DMA1_Ch4_5_DMAMUX1_OVR_IRQHandler
                0x08002020                EXTI2_3_IRQHandler
                0x08002020                ADC1_IRQHandler
                0x08002020                I2C2_IRQHandler
                0x08002020                TIM17_IRQHandler
                0x08002020                TIM16_IRQHandler
                0x08002020                TIM3_IRQHandler
                0x08002020                EXTI4_15_IRQHandler
                0x08002020                RCC_IRQHandler
                0x08002020                DMA1_Channel1_IRQHandler
                0x08002020                Default_Handler
                0x08002020                TIM14_IRQHandler
                0x08002020                EXTI0_1_IRQHandler
                0x08002020                SPI2_IRQHandler
                0x08002020                WWDG_IRQHandler
                0x08002020                DMA1_Channel2_3_IRQHandler
                0x08002020                USART2_IRQHandler
                0x08002020                FLASH_IRQHandler
                0x08002020                USART1_IRQHandler
                0x08002020                TIM1_BRK_UP_TRG_COM_IRQHandler
 *fill*         0x08002022        0x2 
 .text.HAL_Init
                0x08002024       0x40 ./Drivers/STM32G0xx_HAL_Driver/Src/stm32g0xx_hal.o
                0x08002024                HAL_Init
 .text.HAL_InitTick
                0x08002064       0x94 ./Drivers/STM32G0xx_HAL_Driver/Src/stm32g0xx_hal.o
                0x08002064                HAL_InitTick
 .text.HAL_IncTick
                0x080020f8       0x24 ./Drivers/STM32G0xx_HAL_Driver/Src/stm32g0xx_hal.o
                0x080020f8                HAL_IncTick
 .text.HAL_GetTick
                0x0800211c       0x14 ./Drivers/STM32G0xx_HAL_Driver/Src/stm32g0xx_hal.o
                0x0800211c                HAL_GetTick
 .text.HAL_Delay
                0x08002130       0x48 ./Drivers/STM32G0xx_HAL_Driver/Src/stm32g0xx_hal.o
                0x08002130                HAL_Delay
 .text.HAL_SYSCFG_EnableRemap
                0x08002178       0x20 ./Drivers/STM32G0xx_HAL_Driver/Src/stm32g0xx_hal.o
                0x08002178                HAL_SYSCFG_EnableRemap
 .text.LL_ADC_SetCommonPathInternalCh
                0x08002198       0x28 ./Drivers/STM32G0xx_HAL_Driver/Src/stm32g0xx_hal_adc.o
 .text.LL_ADC_GetCommonPathInternalCh
                0x080021c0       0x1a ./Drivers/STM32G0xx_HAL_Driver/Src/stm32g0xx_hal_adc.o
 .text.LL_ADC_SetSamplingTimeCommonChannels
                0x080021da       0x3a ./Drivers/STM32G0xx_HAL_Driver/Src/stm32g0xx_hal_adc.o
 .text.LL_ADC_GetSamplingTimeCommonChannels
                0x08002214       0x2e ./Drivers/STM32G0xx_HAL_Driver/Src/stm32g0xx_hal_adc.o
 .text.LL_ADC_REG_IsTriggerSourceSWStart
                0x08002242       0x22 ./Drivers/STM32G0xx_HAL_Driver/Src/stm32g0xx_hal_adc.o
 .text.LL_ADC_REG_SetSequencerRanks
                0x08002264       0x40 ./Drivers/STM32G0xx_HAL_Driver/Src/stm32g0xx_hal_adc.o
 .text.LL_ADC_REG_SetSequencerChAdd
                0x080022a4       0x22 ./Drivers/STM32G0xx_HAL_Driver/Src/stm32g0xx_hal_adc.o
 .text.LL_ADC_REG_SetSequencerChRem
                0x080022c6       0x24 ./Drivers/STM32G0xx_HAL_Driver/Src/stm32g0xx_hal_adc.o
 *fill*         0x080022ea        0x2 
 .text.LL_ADC_SetChannelSamplingTime
                0x080022ec       0x38 ./Drivers/STM32G0xx_HAL_Driver/Src/stm32g0xx_hal_adc.o
 .text.LL_ADC_EnableInternalRegulator
                0x08002324       0x28 ./Drivers/STM32G0xx_HAL_Driver/Src/stm32g0xx_hal_adc.o
 .text.LL_ADC_IsInternalRegulatorEnabled
                0x0800234c       0x28 ./Drivers/STM32G0xx_HAL_Driver/Src/stm32g0xx_hal_adc.o
 .text.LL_ADC_Enable
                0x08002374       0x24 ./Drivers/STM32G0xx_HAL_Driver/Src/stm32g0xx_hal_adc.o
 .text.LL_ADC_Disable
                0x08002398       0x24 ./Drivers/STM32G0xx_HAL_Driver/Src/stm32g0xx_hal_adc.o
 .text.LL_ADC_IsEnabled
                0x080023bc       0x22 ./Drivers/STM32G0xx_HAL_Driver/Src/stm32g0xx_hal_adc.o
 .text.LL_ADC_IsDisableOngoing
                0x080023de       0x22 ./Drivers/STM32G0xx_HAL_Driver/Src/stm32g0xx_hal_adc.o
 .text.LL_ADC_REG_StartConversion
                0x08002400       0x24 ./Drivers/STM32G0xx_HAL_Driver/Src/stm32g0xx_hal_adc.o
 .text.LL_ADC_REG_StopConversion
                0x08002424       0x24 ./Drivers/STM32G0xx_HAL_Driver/Src/stm32g0xx_hal_adc.o
 .text.LL_ADC_REG_IsConversionOngoing
                0x08002448       0x22 ./Drivers/STM32G0xx_HAL_Driver/Src/stm32g0xx_hal_adc.o
 *fill*         0x0800246a        0x2 
 .text.HAL_ADC_Init
                0x0800246c      0x350 ./Drivers/STM32G0xx_HAL_Driver/Src/stm32g0xx_hal_adc.o
                0x0800246c                HAL_ADC_Init
 .text.HAL_ADC_Start
                0x080027bc       0x9c ./Drivers/STM32G0xx_HAL_Driver/Src/stm32g0xx_hal_adc.o
                0x080027bc                HAL_ADC_Start
 .text.HAL_ADC_Stop
                0x08002858       0x78 ./Drivers/STM32G0xx_HAL_Driver/Src/stm32g0xx_hal_adc.o
                0x08002858                HAL_ADC_Stop
 .text.HAL_ADC_PollForConversion
                0x080028d0      0x128 ./Drivers/STM32G0xx_HAL_Driver/Src/stm32g0xx_hal_adc.o
                0x080028d0                HAL_ADC_PollForConversion
 .text.HAL_ADC_GetValue
                0x080029f8       0x16 ./Drivers/STM32G0xx_HAL_Driver/Src/stm32g0xx_hal_adc.o
                0x080029f8                HAL_ADC_GetValue
 *fill*         0x08002a0e        0x2 
 .text.HAL_ADC_ConfigChannel
                0x08002a10      0x3b0 ./Drivers/STM32G0xx_HAL_Driver/Src/stm32g0xx_hal_adc.o
                0x08002a10                HAL_ADC_ConfigChannel
 .text.ADC_ConversionStop
                0x08002dc0       0x84 ./Drivers/STM32G0xx_HAL_Driver/Src/stm32g0xx_hal_adc.o
                0x08002dc0                ADC_ConversionStop
 .text.ADC_Enable
                0x08002e44      0x10c ./Drivers/STM32G0xx_HAL_Driver/Src/stm32g0xx_hal_adc.o
                0x08002e44                ADC_Enable
 .text.ADC_Disable
                0x08002f50       0xbc ./Drivers/STM32G0xx_HAL_Driver/Src/stm32g0xx_hal_adc.o
                0x08002f50                ADC_Disable
 .text.__NVIC_EnableIRQ
                0x0800300c       0x34 ./Drivers/STM32G0xx_HAL_Driver/Src/stm32g0xx_hal_cortex.o
 .text.__NVIC_DisableIRQ
                0x08003040       0x44 ./Drivers/STM32G0xx_HAL_Driver/Src/stm32g0xx_hal_cortex.o
 .text.__NVIC_SetPriority
                0x08003084       0xdc ./Drivers/STM32G0xx_HAL_Driver/Src/stm32g0xx_hal_cortex.o
 .text.SysTick_Config
                0x08003160       0x48 ./Drivers/STM32G0xx_HAL_Driver/Src/stm32g0xx_hal_cortex.o
 .text.HAL_NVIC_SetPriority
                0x080031a8       0x2a ./Drivers/STM32G0xx_HAL_Driver/Src/stm32g0xx_hal_cortex.o
                0x080031a8                HAL_NVIC_SetPriority
 .text.HAL_NVIC_EnableIRQ
                0x080031d2       0x20 ./Drivers/STM32G0xx_HAL_Driver/Src/stm32g0xx_hal_cortex.o
                0x080031d2                HAL_NVIC_EnableIRQ
 .text.HAL_NVIC_DisableIRQ
                0x080031f2       0x20 ./Drivers/STM32G0xx_HAL_Driver/Src/stm32g0xx_hal_cortex.o
                0x080031f2                HAL_NVIC_DisableIRQ
 .text.HAL_SYSTICK_Config
                0x08003212       0x1a ./Drivers/STM32G0xx_HAL_Driver/Src/stm32g0xx_hal_cortex.o
                0x08003212                HAL_SYSTICK_Config
 .text.HAL_DMA_Abort_IT
                0x0800322c       0xd4 ./Drivers/STM32G0xx_HAL_Driver/Src/stm32g0xx_hal_dma.o
                0x0800322c                HAL_DMA_Abort_IT
 .text.HAL_DMA_GetState
                0x08003300       0x18 ./Drivers/STM32G0xx_HAL_Driver/Src/stm32g0xx_hal_dma.o
                0x08003300                HAL_DMA_GetState
 .text.HAL_GPIO_Init
                0x08003318      0x2c8 ./Drivers/STM32G0xx_HAL_Driver/Src/stm32g0xx_hal_gpio.o
                0x08003318                HAL_GPIO_Init
 .text.HAL_GPIO_DeInit
                0x080035e0      0x1a0 ./Drivers/STM32G0xx_HAL_Driver/Src/stm32g0xx_hal_gpio.o
                0x080035e0                HAL_GPIO_DeInit
 .text.HAL_GPIO_WritePin
                0x08003780       0x3a ./Drivers/STM32G0xx_HAL_Driver/Src/stm32g0xx_hal_gpio.o
                0x08003780                HAL_GPIO_WritePin
 .text.HAL_GPIO_TogglePin
                0x080037ba       0x36 ./Drivers/STM32G0xx_HAL_Driver/Src/stm32g0xx_hal_gpio.o
                0x080037ba                HAL_GPIO_TogglePin
 .text.HAL_I2C_Init
                0x080037f0      0x14c ./Drivers/STM32G0xx_HAL_Driver/Src/stm32g0xx_hal_i2c.o
                0x080037f0                HAL_I2C_Init
 .text.HAL_I2C_DeInit
                0x0800393c       0x60 ./Drivers/STM32G0xx_HAL_Driver/Src/stm32g0xx_hal_i2c.o
                0x0800393c                HAL_I2C_DeInit
 .text.HAL_I2C_Slave_Transmit_IT
                0x0800399c       0xe8 ./Drivers/STM32G0xx_HAL_Driver/Src/stm32g0xx_hal_i2c.o
                0x0800399c                HAL_I2C_Slave_Transmit_IT
 .text.HAL_I2C_Slave_Receive_IT
                0x08003a84       0xac ./Drivers/STM32G0xx_HAL_Driver/Src/stm32g0xx_hal_i2c.o
                0x08003a84                HAL_I2C_Slave_Receive_IT
 .text.HAL_I2C_EV_IRQHandler
                0x08003b30       0x34 ./Drivers/STM32G0xx_HAL_Driver/Src/stm32g0xx_hal_i2c.o
                0x08003b30                HAL_I2C_EV_IRQHandler
 .text.HAL_I2C_ER_IRQHandler
                0x08003b64       0xc4 ./Drivers/STM32G0xx_HAL_Driver/Src/stm32g0xx_hal_i2c.o
                0x08003b64                HAL_I2C_ER_IRQHandler
 .text.HAL_I2C_MasterTxCpltCallback
                0x08003c28       0x10 ./Drivers/STM32G0xx_HAL_Driver/Src/stm32g0xx_hal_i2c.o
                0x08003c28                HAL_I2C_MasterTxCpltCallback
 .text.HAL_I2C_MasterRxCpltCallback
                0x08003c38       0x10 ./Drivers/STM32G0xx_HAL_Driver/Src/stm32g0xx_hal_i2c.o
                0x08003c38                HAL_I2C_MasterRxCpltCallback
 .text.HAL_I2C_AddrCallback
                0x08003c48       0x20 ./Drivers/STM32G0xx_HAL_Driver/Src/stm32g0xx_hal_i2c.o
                0x08003c48                HAL_I2C_AddrCallback
 .text.HAL_I2C_ListenCpltCallback
                0x08003c68       0x10 ./Drivers/STM32G0xx_HAL_Driver/Src/stm32g0xx_hal_i2c.o
                0x08003c68                HAL_I2C_ListenCpltCallback
 .text.HAL_I2C_MemTxCpltCallback
                0x08003c78       0x10 ./Drivers/STM32G0xx_HAL_Driver/Src/stm32g0xx_hal_i2c.o
                0x08003c78                HAL_I2C_MemTxCpltCallback
 .text.HAL_I2C_MemRxCpltCallback
                0x08003c88       0x10 ./Drivers/STM32G0xx_HAL_Driver/Src/stm32g0xx_hal_i2c.o
                0x08003c88                HAL_I2C_MemRxCpltCallback
 .text.HAL_I2C_AbortCpltCallback
                0x08003c98       0x10 ./Drivers/STM32G0xx_HAL_Driver/Src/stm32g0xx_hal_i2c.o
                0x08003c98                HAL_I2C_AbortCpltCallback
 .text.I2C_Slave_ISR_IT
                0x08003ca8      0x228 ./Drivers/STM32G0xx_HAL_Driver/Src/stm32g0xx_hal_i2c.o
 .text.I2C_Master_ISR_DMA
                0x08003ed0      0x218 ./Drivers/STM32G0xx_HAL_Driver/Src/stm32g0xx_hal_i2c.o
 .text.I2C_Mem_ISR_DMA
                0x080040e8      0x280 ./Drivers/STM32G0xx_HAL_Driver/Src/stm32g0xx_hal_i2c.o
 .text.I2C_Slave_ISR_DMA
                0x08004368      0x1f0 ./Drivers/STM32G0xx_HAL_Driver/Src/stm32g0xx_hal_i2c.o
 .text.I2C_ITAddrCplt
                0x08004558      0x148 ./Drivers/STM32G0xx_HAL_Driver/Src/stm32g0xx_hal_i2c.o
 .text.I2C_ITMasterSeqCplt
                0x080046a0       0x82 ./Drivers/STM32G0xx_HAL_Driver/Src/stm32g0xx_hal_i2c.o
 *fill*         0x08004722        0x2 
 .text.I2C_ITSlaveSeqCplt
                0x08004724       0xcc ./Drivers/STM32G0xx_HAL_Driver/Src/stm32g0xx_hal_i2c.o
 .text.I2C_ITMasterCplt
                0x080047f0      0x1a4 ./Drivers/STM32G0xx_HAL_Driver/Src/stm32g0xx_hal_i2c.o
 .text.I2C_ITSlaveCplt
                0x08004994      0x320 ./Drivers/STM32G0xx_HAL_Driver/Src/stm32g0xx_hal_i2c.o
 .text.I2C_ITListenCplt
                0x08004cb4       0xb4 ./Drivers/STM32G0xx_HAL_Driver/Src/stm32g0xx_hal_i2c.o
 .text.I2C_ITError
                0x08004d68      0x204 ./Drivers/STM32G0xx_HAL_Driver/Src/stm32g0xx_hal_i2c.o
 .text.I2C_TreatErrorCallback
                0x08004f6c       0x52 ./Drivers/STM32G0xx_HAL_Driver/Src/stm32g0xx_hal_i2c.o
 .text.I2C_Flush_TXDR
                0x08004fbe       0x44 ./Drivers/STM32G0xx_HAL_Driver/Src/stm32g0xx_hal_i2c.o
 .text.I2C_DMAAbort
                0x08005002       0x3e ./Drivers/STM32G0xx_HAL_Driver/Src/stm32g0xx_hal_i2c.o
 .text.I2C_TransferConfig
                0x08005040       0x74 ./Drivers/STM32G0xx_HAL_Driver/Src/stm32g0xx_hal_i2c.o
 .text.I2C_Enable_IRQ
                0x080050b4      0x114 ./Drivers/STM32G0xx_HAL_Driver/Src/stm32g0xx_hal_i2c.o
 .text.I2C_Disable_IRQ
                0x080051c8       0xc6 ./Drivers/STM32G0xx_HAL_Driver/Src/stm32g0xx_hal_i2c.o
 *fill*         0x0800528e        0x2 
 .text.HAL_I2CEx_ConfigAnalogFilter
                0x08005290       0x98 ./Drivers/STM32G0xx_HAL_Driver/Src/stm32g0xx_hal_i2c_ex.o
                0x08005290                HAL_I2CEx_ConfigAnalogFilter
 .text.HAL_I2CEx_ConfigDigitalFilter
                0x08005328       0x98 ./Drivers/STM32G0xx_HAL_Driver/Src/stm32g0xx_hal_i2c_ex.o
                0x08005328                HAL_I2CEx_ConfigDigitalFilter
 .text.HAL_PWREx_ControlVoltageScaling
                0x080053c0       0x80 ./Drivers/STM32G0xx_HAL_Driver/Src/stm32g0xx_hal_pwr_ex.o
                0x080053c0                HAL_PWREx_ControlVoltageScaling
 .text.HAL_RCC_OscConfig
                0x08005440      0x620 ./Drivers/STM32G0xx_HAL_Driver/Src/stm32g0xx_hal_rcc.o
                0x08005440                HAL_RCC_OscConfig
 .text.HAL_RCC_ClockConfig
                0x08005a60      0x210 ./Drivers/STM32G0xx_HAL_Driver/Src/stm32g0xx_hal_rcc.o
                0x08005a60                HAL_RCC_ClockConfig
 .text.HAL_RCC_GetSysClockFreq
                0x08005c70      0x104 ./Drivers/STM32G0xx_HAL_Driver/Src/stm32g0xx_hal_rcc.o
                0x08005c70                HAL_RCC_GetSysClockFreq
 .text.HAL_RCCEx_PeriphCLKConfig
                0x08005d74      0x24c ./Drivers/STM32G0xx_HAL_Driver/Src/stm32g0xx_hal_rcc_ex.o
                0x08005d74                HAL_RCCEx_PeriphCLKConfig
 .text.HAL_TIM_Base_Init
                0x08005fc0       0xb0 ./Drivers/STM32G0xx_HAL_Driver/Src/stm32g0xx_hal_tim.o
                0x08005fc0                HAL_TIM_Base_Init
 .text.HAL_TIM_Base_Start
                0x08006070       0x8c ./Drivers/STM32G0xx_HAL_Driver/Src/stm32g0xx_hal_tim.o
                0x08006070                HAL_TIM_Base_Start
 .text.HAL_TIM_PWM_Init
                0x080060fc       0xb0 ./Drivers/STM32G0xx_HAL_Driver/Src/stm32g0xx_hal_tim.o
                0x080060fc                HAL_TIM_PWM_Init
 .text.HAL_TIM_PWM_MspInit
                0x080061ac       0x10 ./Drivers/STM32G0xx_HAL_Driver/Src/stm32g0xx_hal_tim.o
                0x080061ac                HAL_TIM_PWM_MspInit
 .text.HAL_TIM_OnePulse_Init
                0x080061bc       0xa2 ./Drivers/STM32G0xx_HAL_Driver/Src/stm32g0xx_hal_tim.o
                0x080061bc                HAL_TIM_OnePulse_Init
 .text.HAL_TIM_OnePulse_MspInit
                0x0800625e       0x10 ./Drivers/STM32G0xx_HAL_Driver/Src/stm32g0xx_hal_tim.o
                0x0800625e                HAL_TIM_OnePulse_MspInit
 *fill*         0x0800626e        0x2 
 .text.HAL_TIM_OnePulse_Start
                0x08006270       0xec ./Drivers/STM32G0xx_HAL_Driver/Src/stm32g0xx_hal_tim.o
                0x08006270                HAL_TIM_OnePulse_Start
 .text.HAL_TIM_PWM_ConfigChannel
                0x0800635c      0x200 ./Drivers/STM32G0xx_HAL_Driver/Src/stm32g0xx_hal_tim.o
                0x0800635c                HAL_TIM_PWM_ConfigChannel
 .text.HAL_TIM_GenerateEvent
                0x0800655c       0x4a ./Drivers/STM32G0xx_HAL_Driver/Src/stm32g0xx_hal_tim.o
                0x0800655c                HAL_TIM_GenerateEvent
 *fill*         0x080065a6        0x2 
 .text.HAL_TIM_ConfigClockSource
                0x080065a8      0x1ac ./Drivers/STM32G0xx_HAL_Driver/Src/stm32g0xx_hal_tim.o
                0x080065a8                HAL_TIM_ConfigClockSource
 .text.HAL_TIM_SlaveConfigSynchro
                0x08006754       0x8c ./Drivers/STM32G0xx_HAL_Driver/Src/stm32g0xx_hal_tim.o
                0x08006754                HAL_TIM_SlaveConfigSynchro
 .text.TIM_Base_SetConfig
                0x080067e0       0xec ./Drivers/STM32G0xx_HAL_Driver/Src/stm32g0xx_hal_tim.o
                0x080067e0                TIM_Base_SetConfig
 .text.TIM_OC1_SetConfig
                0x080068cc      0x104 ./Drivers/STM32G0xx_HAL_Driver/Src/stm32g0xx_hal_tim.o
 .text.TIM_OC2_SetConfig
                0x080069d0      0x104 ./Drivers/STM32G0xx_HAL_Driver/Src/stm32g0xx_hal_tim.o
                0x080069d0                TIM_OC2_SetConfig
 .text.TIM_OC3_SetConfig
                0x08006ad4      0x108 ./Drivers/STM32G0xx_HAL_Driver/Src/stm32g0xx_hal_tim.o
 .text.TIM_OC4_SetConfig
                0x08006bdc       0xc8 ./Drivers/STM32G0xx_HAL_Driver/Src/stm32g0xx_hal_tim.o
 .text.TIM_OC5_SetConfig
                0x08006ca4       0xb4 ./Drivers/STM32G0xx_HAL_Driver/Src/stm32g0xx_hal_tim.o
 .text.TIM_OC6_SetConfig
                0x08006d58       0xbc ./Drivers/STM32G0xx_HAL_Driver/Src/stm32g0xx_hal_tim.o
 .text.TIM_SlaveTimer_SetConfig
                0x08006e14      0x12c ./Drivers/STM32G0xx_HAL_Driver/Src/stm32g0xx_hal_tim.o
 .text.TIM_TI1_ConfigInputStage
                0x08006f40       0x90 ./Drivers/STM32G0xx_HAL_Driver/Src/stm32g0xx_hal_tim.o
 .text.TIM_TI2_ConfigInputStage
                0x08006fd0       0x7c ./Drivers/STM32G0xx_HAL_Driver/Src/stm32g0xx_hal_tim.o
 .text.TIM_ITRx_SetConfig
                0x0800704c       0x38 ./Drivers/STM32G0xx_HAL_Driver/Src/stm32g0xx_hal_tim.o
 .text.TIM_ETR_SetConfig
                0x08007084       0x40 ./Drivers/STM32G0xx_HAL_Driver/Src/stm32g0xx_hal_tim.o
                0x08007084                TIM_ETR_SetConfig
 .text.TIM_CCxChannelCmd
                0x080070c4       0x46 ./Drivers/STM32G0xx_HAL_Driver/Src/stm32g0xx_hal_tim.o
                0x080070c4                TIM_CCxChannelCmd
 *fill*         0x0800710a        0x2 
 .text.HAL_TIMEx_MasterConfigSynchronization
                0x0800710c       0xc4 ./Drivers/STM32G0xx_HAL_Driver/Src/stm32g0xx_hal_tim_ex.o
                0x0800710c                HAL_TIMEx_MasterConfigSynchronization
 .text.HAL_TIMEx_ConfigBreakDeadTime
                0x080071d0      0x138 ./Drivers/STM32G0xx_HAL_Driver/Src/stm32g0xx_hal_tim_ex.o
                0x080071d0                HAL_TIMEx_ConfigBreakDeadTime
 .text.memset   0x08007308       0x10 A:/APPS/STM/STM32 CubeIDE/APP Data/STM32CubeIDE_2.0.0/STM32CubeIDE/plugins/com.st.stm32cube.ide.mcu.externaltools.gnu-tools-for-stm32.13.3.rel1.win32_1.0.100.202509120712/tools/bin/../lib/gcc/arm-none-eabi/13.3.1/../../../../arm-none-eabi/lib/thumb/v6-m/nofp\libc_nano.a(libc_a-memset.o)
                0x08007308                memset
 .text.__libc_init_array
                0x08007318       0x48 A:/APPS/STM/STM32 CubeIDE/APP Data/STM32CubeIDE_2.0.0/STM32CubeIDE/plugins/com.st.stm32cube.ide.mcu.externaltools.gnu-tools-for-stm32.13.3.rel1.win32_1.0.100.202509120712/tools/bin/../lib/gcc/arm-none-eabi/13.3.1/../../../../arm-none-eabi/lib/thumb/v6-m/nofp\libc_nano.a(libc_a-init.o)
                0x08007318                __libc_init_array
 *(.glue_7)
 .glue_7        0x08007360        0x0 linker stubs
 *(.glue_7t)
 .glue_7t       0x08007360        0x0 linker stubs
 *(.eh_frame)
 .eh_frame      0x08007360        0x0 A:/APPS/STM/STM32 CubeIDE/APP Data/STM32CubeIDE_2.0.0/STM32CubeIDE/plugins/com.st.stm32cube.ide.mcu.externaltools.gnu-tools-for-stm32.13.3.rel1.win32_1.0.100.202509120712/tools/bin/../lib/gcc/arm-none-eabi/13.3.1/thumb/v6-m/nofp/crtbegin.o
 *(.init)
 .init          0x08007360        0x4 A:/APPS/STM/STM32 CubeIDE/APP Data/STM32CubeIDE_2.0.0/STM32CubeIDE/plugins/com.st.stm32cube.ide.mcu.externaltools.gnu-tools-for-stm32.13.3.rel1.win32_1.0.100.202509120712/tools/bin/../lib/gcc/arm-none-eabi/13.3.1/thumb/v6-m/nofp/crti.o
                0x08007360                _init
 .init          0x08007364        0x8 A:/APPS/STM/STM32 CubeIDE/APP Data/STM32CubeIDE_2.0.0/STM32CubeIDE/plugins/com.st.stm32cube.ide.mcu.externaltools.gnu-tools-for-stm32.13.3.rel1.win32_1.0.100.202509120712/tools/bin/../lib/gcc/arm-none-eabi/13.3.1/thumb/v6-m/nofp/crtn.o
 *(.fini)
 .fini          0x0800736c        0x4 A:/APPS/STM/STM32 CubeIDE/APP Data/STM32CubeIDE_2.0.0/STM32CubeIDE/plugins/com.st.stm32cube.ide.mcu.externaltools.gnu-tools-for-stm32.13.3.rel1.win32_1.0.100.202509120712/tools/bin/../lib/gcc/arm-none-eabi/13.3.1/thumb/v6-m/nofp/crti.o
                0x0800736c                _fini
 .fini          0x08007370        0x8 A:/APPS/STM/STM32 CubeIDE/APP Data/STM32CubeIDE_2.0.0/STM32CubeIDE/plugins/com.st.stm32cube.ide.mcu.externaltools.gnu-tools-for-stm32.13.3.rel1.win32_1.0.100.202509120712/tools/bin/../lib/gcc/arm-none-eabi/13.3.1/thumb/v6-m/nofp/crtn.o
                0x08007378                        . = ALIGN (0x4)
                0x08007378                        _etext = .

.vfp11_veneer   0x08007378        0x0
 .vfp11_veneer  0x08007378        0x0 linker stubs

.v4_bx          0x08007378        0x0
 .v4_bx         0x08007378        0x0 linker stubs

.iplt           0x08007378        0x0
 .iplt          0x08007378        0x0 A:/APPS/STM/STM32 CubeIDE/APP Data/STM32CubeIDE_2.0.0/STM32CubeIDE/plugins/com.st.stm32cube.ide.mcu.externaltools.gnu-tools-for-stm32.13.3.rel1.win32_1.0.100.202509120712/tools/bin/../lib/gcc/arm-none-eabi/13.3.1/thumb/v6-m/nofp/crtbegin.o

.rodata         0x08007378      0x14c
                0x08007378                        . = ALIGN (0x4)
 *(.rodata)
 .rodata        0x08007378       0x7c A:/APPS/STM/STM32 CubeIDE/APP Data/STM32CubeIDE_2.0.0/STM32CubeIDE/plugins/com.st.stm32cube.ide.mcu.externaltools.gnu-tools-for-stm32.13.3.rel1.win32_1.0.100.202509120712/tools/bin/../lib/gcc/arm-none-eabi/13.3.1/thumb/v6-m/nofp\libgcc.a(divsf3.o)
 *(.rodata*)
 .rodata.BoostTable
                0x080073f4       0x3c ./Core/Src/main.o
                0x080073f4                BoostTable
 .rodata.AHBPrescTable
                0x08007430       0x40 ./Core/Src/system_stm32g0xx.o
                0x08007430                AHBPrescTable
 .rodata.HAL_TIM_PWM_ConfigChannel
                0x08007470       0x54 ./Drivers/STM32G0xx_HAL_Driver/Src/stm32g0xx_hal_tim.o
                0x080074c4                        . = ALIGN (0x4)

.ARM.extab      0x080074c4        0x0
                0x080074c4                        . = ALIGN (0x4)
 *(.ARM.extab* .gnu.linkonce.armextab.*)
                0x080074c4                        . = ALIGN (0x4)

.ARM            0x080074c4        0x0
                0x080074c4                        . = ALIGN (0x4)
                0x080074c4                        __exidx_start = .
 *(.ARM.exidx*)
                0x080074c4                        __exidx_end = .
                0x080074c4                        . = ALIGN (0x4)

.preinit_array  0x080074c4        0x0
                0x080074c4                        . = ALIGN (0x4)
                0x080074c4                        PROVIDE (__preinit_array_start = .)
 *(.preinit_array*)
                0x080074c4                        PROVIDE (__preinit_array_end = .)
                0x080074c4                        . = ALIGN (0x4)

.init_array     0x080074c4        0x4
                0x080074c4                        . = ALIGN (0x4)
                0x080074c4                        PROVIDE (__init_array_start = .)
 *(SORT_BY_NAME(.init_array.*))
 *(.init_array*)
 .init_array    0x080074c4        0x4 A:/APPS/STM/STM32 CubeIDE/APP Data/STM32CubeIDE_2.0.0/STM32CubeIDE/plugins/com.st.stm32cube.ide.mcu.externaltools.gnu-tools-for-stm32.13.3.rel1.win32_1.0.100.202509120712/tools/bin/../lib/gcc/arm-none-eabi/13.3.1/thumb/v6-m/nofp/crtbegin.o
                0x080074c8                        PROVIDE (__init_array_end = .)
                0x080074c8                        . = ALIGN (0x4)

.fini_array     0x080074c8        0x4
                0x080074c8                        . = ALIGN (0x4)
                [!provide]                        PROVIDE (__fini_array_start = .)
 *(SORT_BY_NAME(.fini_array.*))
 *(.fini_array*)
 .fini_array    0x080074c8        0x4 A:/APPS/STM/STM32 CubeIDE/APP Data/STM32CubeIDE_2.0.0/STM32CubeIDE/plugins/com.st.stm32cube.ide.mcu.externaltools.gnu-tools-for-stm32.13.3.rel1.win32_1.0.100.202509120712/tools/bin/../lib/gcc/arm-none-eabi/13.3.1/thumb/v6-m/nofp/crtbegin.o
                [!provide]                        PROVIDE (__fini_array_end = .)
                0x080074cc                        . = ALIGN (0x4)
                0x080074cc                        _sidata = LOADADDR (.data)

.rel.dyn        0x080074cc        0x0
 .rel.iplt      0x080074cc        0x0 A:/APPS/STM/STM32 CubeIDE/APP Data/STM32CubeIDE_2.0.0/STM32CubeIDE/plugins/com.st.stm32cube.ide.mcu.externaltools.gnu-tools-for-stm32.13.3.rel1.win32_1.0.100.202509120712/tools/bin/../lib/gcc/arm-none-eabi/13.3.1/thumb/v6-m/nofp/crtbegin.o

.data           0x20000000        0xc load address 0x080074cc
                0x20000000                        . = ALIGN (0x4)
                0x20000000                        _sdata = .
 *(.data)
 *(.data*)
 .data.SystemCoreClock
                0x20000000        0x4 ./Core/Src/system_stm32g0xx.o
                0x20000000                SystemCoreClock
 .data.uwTickPrio
                0x20000004        0x4 ./Drivers/STM32G0xx_HAL_Driver/Src/stm32g0xx_hal.o
                0x20000004                uwTickPrio
 .data.uwTickFreq
                0x20000008        0x1 ./Drivers/STM32G0xx_HAL_Driver/Src/stm32g0xx_hal.o
                0x20000008                uwTickFreq
 *(.RamFunc)
 *(.RamFunc*)
                0x2000000c                        . = ALIGN (0x4)
 *fill*         0x20000009        0x3 
                0x2000000c                        _edata = .

.igot.plt       0x2000000c        0x0 load address 0x080074d8
 .igot.plt      0x2000000c        0x0 A:/APPS/STM/STM32 CubeIDE/APP Data/STM32CubeIDE_2.0.0/STM32CubeIDE/plugins/com.st.stm32cube.ide.mcu.externaltools.gnu-tools-for-stm32.13.3.rel1.win32_1.0.100.202509120712/tools/bin/../lib/gcc/arm-none-eabi/13.3.1/thumb/v6-m/nofp/crtbegin.o
                0x2000000c                        . = ALIGN (0x4)

.bss            0x2000000c      0x1e0 load address 0x080074d8
                0x2000000c                        _sbss = .
                0x2000000c                        __bss_start__ = _sbss
 *(.bss)
 .bss           0x2000000c       0x1c A:/APPS/STM/STM32 CubeIDE/APP Data/STM32CubeIDE_2.0.0/STM32CubeIDE/plugins/com.st.stm32cube.ide.mcu.externaltools.gnu-tools-for-stm32.13.3.rel1.win32_1.0.100.202509120712/tools/bin/../lib/gcc/arm-none-eabi/13.3.1/thumb/v6-m/nofp/crtbegin.o
 *(.bss*)
 .bss.hadc1     0x20000028       0x64 ./Core/Src/adc.o
                0x20000028                hadc1
 .bss.hi2c1     0x2000008c       0x54 ./Core/Src/i2c.o
                0x2000008c                hi2c1
 .bss.rx_channel
                0x200000e0        0x5 ./Core/Src/main.o
                0x200000e0                rx_channel
 *fill*         0x200000e5        0x3 
 .bss.tx_channel
                0x200000e8        0x5 ./Core/Src/main.o
                0x200000e8                tx_channel
 *fill*         0x200000ed        0x1 
 .bss.i         0x200000ee        0x2 ./Core/Src/main.o
                0x200000ee                i
 .bss.pulseSeq  0x200000f0        0x2 ./Core/Src/main.o
                0x200000f0                pulseSeq
 *fill*         0x200000f2        0x2 
 .bss.timertiks
                0x200000f4        0x4 ./Core/Src/main.o
                0x200000f4                timertiks
 .bss.leddelay  0x200000f8        0x4 ./Core/Src/main.o
                0x200000f8                leddelay
 .bss.resiveflag
                0x200000fc        0x1 ./Core/Src/main.o
                0x200000fc                resiveflag
 *fill*         0x200000fd        0x1 
 .bss.adc_ch1   0x200000fe        0x2 ./Core/Src/main.o
                0x200000fe                adc_ch1
 .bss.adc_ch2   0x20000100        0x2 ./Core/Src/main.o
                0x20000100                adc_ch2
 *fill*         0x20000102        0x2 
 .bss.htim1     0x20000104       0x4c ./Core/Src/tim.o
                0x20000104                htim1
 .bss.htim3     0x20000150       0x4c ./Core/Src/tim.o
                0x20000150                htim3
 .bss.htim16    0x2000019c       0x4c ./Core/Src/tim.o
                0x2000019c                htim16
 .bss.uwTick    0x200001e8        0x4 ./Drivers/STM32G0xx_HAL_Driver/Src/stm32g0xx_hal.o
                0x200001e8                uwTick
 *(COMMON)
                0x200001ec                        . = ALIGN (0x4)
                0x200001ec                        _ebss = .
                0x200001ec                        __bss_end__ = _ebss

._user_heap_stack
                0x200001ec      0x604 load address 0x080074d8
                0x200001f0                        . = ALIGN (0x8)
 *fill*         0x200001ec        0x4 
                [!provide]                        PROVIDE (end = .)
                0x200001f0                        PROVIDE (_end = .)
                0x200003f0                        . = (. + _Min_Heap_Size)
 *fill*         0x200001f0      0x200 
                0x200007f0                        . = (. + _Min_Stack_Size)
 *fill*         0x200003f0      0x400 
                0x200007f0                        . = ALIGN (0x8)

/DISCARD/
 libc.a(*)
 libm.a(*)
 libgcc.a(*)

.ARM.attributes
                0x00000000       0x28
 *(.ARM.attributes)
 .ARM.attributes
                0x00000000       0x1e A:/APPS/STM/STM32 CubeIDE/APP Data/STM32CubeIDE_2.0.0/STM32CubeIDE/plugins/com.st.stm32cube.ide.mcu.externaltools.gnu-tools-for-stm32.13.3.rel1.win32_1.0.100.202509120712/tools/bin/../lib/gcc/arm-none-eabi/13.3.1/thumb/v6-m/nofp/crti.o
 .ARM.attributes
                0x0000001e       0x2c A:/APPS/STM/STM32 CubeIDE/APP Data/STM32CubeIDE_2.0.0/STM32CubeIDE/plugins/com.st.stm32cube.ide.mcu.externaltools.gnu-tools-for-stm32.13.3.rel1.win32_1.0.100.202509120712/tools/bin/../lib/gcc/arm-none-eabi/13.3.1/thumb/v6-m/nofp/crtbegin.o
 .ARM.attributes
                0x0000004a       0x2c ./Core/Src/adc.o
 .ARM.attributes
                0x00000076       0x2c ./Core/Src/gpio.o
 .ARM.attributes
                0x000000a2       0x2c ./Core/Src/i2c.o
 .ARM.attributes
                0x000000ce       0x2c ./Core/Src/main.o
 .ARM.attributes
                0x000000fa       0x2c ./Core/Src/stm32g0xx_hal_msp.o
 .ARM.attributes
                0x00000126       0x2c ./Core/Src/stm32g0xx_it.o
 .ARM.attributes
                0x00000152       0x2c ./Core/Src/system_stm32g0xx.o
 .ARM.attributes
                0x0000017e       0x2c ./Core/Src/tim.o
 .ARM.attributes
                0x000001aa       0x22 ./Core/Startup/startup_stm32g030f6px.o
 .ARM.attributes
                0x000001cc       0x2c ./Drivers/STM32G0xx_HAL_Driver/Src/stm32g0xx_hal.o
 .ARM.attributes
                0x000001f8       0x2c ./Drivers/STM32G0xx_HAL_Driver/Src/stm32g0xx_hal_adc.o
 .ARM.attributes
                0x00000224       0x2c ./Drivers/STM32G0xx_HAL_Driver/Src/stm32g0xx_hal_cortex.o
 .ARM.attributes
                0x00000250       0x2c ./Drivers/STM32G0xx_HAL_Driver/Src/stm32g0xx_hal_dma.o
 .ARM.attributes
                0x0000027c       0x2c ./Drivers/STM32G0xx_HAL_Driver/Src/stm32g0xx_hal_gpio.o
 .ARM.attributes
                0x000002a8       0x2c ./Drivers/STM32G0xx_HAL_Driver/Src/stm32g0xx_hal_i2c.o
 .ARM.attributes
                0x000002d4       0x2c ./Drivers/STM32G0xx_HAL_Driver/Src/stm32g0xx_hal_i2c_ex.o
 .ARM.attributes
                0x00000300       0x2c ./Drivers/STM32G0xx_HAL_Driver/Src/stm32g0xx_hal_pwr_ex.o
 .ARM.attributes
                0x0000032c       0x2c ./Drivers/STM32G0xx_HAL_Driver/Src/stm32g0xx_hal_rcc.o
 .ARM.attributes
                0x00000358       0x2c ./Drivers/STM32G0xx_HAL_Driver/Src/stm32g0xx_hal_rcc_ex.o
 .ARM.attributes
                0x00000384       0x2c ./Drivers/STM32G0xx_HAL_Driver/Src/stm32g0xx_hal_tim.o
 .ARM.attributes
                0x000003b0       0x2c ./Drivers/STM32G0xx_HAL_Driver/Src/stm32g0xx_hal_tim_ex.o
 .ARM.attributes
                0x000003dc       0x2c A:/APPS/STM/STM32 CubeIDE/APP Data/STM32CubeIDE_2.0.0/STM32CubeIDE/plugins/com.st.stm32cube.ide.mcu.externaltools.gnu-tools-for-stm32.13.3.rel1.win32_1.0.100.202509120712/tools/bin/../lib/gcc/arm-none-eabi/13.3.1/../../../../arm-none-eabi/lib/thumb/v6-m/nofp\libc_nano.a(libc_a-memset.o)
 .ARM.attributes
                0x00000408       0x2c A:/APPS/STM/STM32 CubeIDE/APP Data/STM32CubeIDE_2.0.0/STM32CubeIDE/plugins/com.st.stm32cube.ide.mcu.externaltools.gnu-tools-for-stm32.13.3.rel1.win32_1.0.100.202509120712/tools/bin/../lib/gcc/arm-none-eabi/13.3.1/../../../../arm-none-eabi/lib/thumb/v6-m/nofp\libc_nano.a(libc_a-init.o)
 .ARM.attributes
                0x00000434       0x1e A:/APPS/STM/STM32 CubeIDE/APP Data/STM32CubeIDE_2.0.0/STM32CubeIDE/plugins/com.st.stm32cube.ide.mcu.externaltools.gnu-tools-for-stm32.13.3.rel1.win32_1.0.100.202509120712/tools/bin/../lib/gcc/arm-none-eabi/13.3.1/thumb/v6-m/nofp\libgcc.a(_udivsi3.o)
 .ARM.attributes
                0x00000452       0x1e A:/APPS/STM/STM32 CubeIDE/APP Data/STM32CubeIDE_2.0.0/STM32CubeIDE/plugins/com.st.stm32cube.ide.mcu.externaltools.gnu-tools-for-stm32.13.3.rel1.win32_1.0.100.202509120712/tools/bin/../lib/gcc/arm-none-eabi/13.3.1/thumb/v6-m/nofp\libgcc.a(_divsi3.o)
 .ARM.attributes
                0x00000470       0x1e A:/APPS/STM/STM32 CubeIDE/APP Data/STM32CubeIDE_2.0.0/STM32CubeIDE/plugins/com.st.stm32cube.ide.mcu.externaltools.gnu-tools-for-stm32.13.3.rel1.win32_1.0.100.202509120712/tools/bin/../lib/gcc/arm-none-eabi/13.3.1/thumb/v6-m/nofp\libgcc.a(_dvmd_tls.o)
 .ARM.attributes
                0x0000048e       0x2c A:/APPS/STM/STM32 CubeIDE/APP Data/STM32CubeIDE_2.0.0/STM32CubeIDE/plugins/com.st.stm32cube.ide.mcu.externaltools.gnu-tools-for-stm32.13.3.rel1.win32_1.0.100.202509120712/tools/bin/../lib/gcc/arm-none-eabi/13.3.1/thumb/v6-m/nofp\libgcc.a(_fixunssfsi.o)
 .ARM.attributes
                0x000004ba       0x2c A:/APPS/STM/STM32 CubeIDE/APP Data/STM32CubeIDE_2.0.0/STM32CubeIDE/plugins/com.st.stm32cube.ide.mcu.externaltools.gnu-tools-for-stm32.13.3.rel1.win32_1.0.100.202509120712/tools/bin/../lib/gcc/arm-none-eabi/13.3.1/thumb/v6-m/nofp\libgcc.a(divsf3.o)
 .ARM.attributes
                0x000004e6       0x2c A:/APPS/STM/STM32 CubeIDE/APP Data/STM32CubeIDE_2.0.0/STM32CubeIDE/plugins/com.st.stm32cube.ide.mcu.externaltools.gnu-tools-for-stm32.13.3.rel1.win32_1.0.100.202509120712/tools/bin/../lib/gcc/arm-none-eabi/13.3.1/thumb/v6-m/nofp\libgcc.a(mulsf3.o)
 .ARM.attributes
                0x00000512       0x2c A:/APPS/STM/STM32 CubeIDE/APP Data/STM32CubeIDE_2.0.0/STM32CubeIDE/plugins/com.st.stm32cube.ide.mcu.externaltools.gnu-tools-for-stm32.13.3.rel1.win32_1.0.100.202509120712/tools/bin/../lib/gcc/arm-none-eabi/13.3.1/thumb/v6-m/nofp\libgcc.a(subsf3.o)
 .ARM.attributes
                0x0000053e       0x2c A:/APPS/STM/STM32 CubeIDE/APP Data/STM32CubeIDE_2.0.0/STM32CubeIDE/plugins/com.st.stm32cube.ide.mcu.externaltools.gnu-tools-for-stm32.13.3.rel1.win32_1.0.100.202509120712/tools/bin/../lib/gcc/arm-none-eabi/13.3.1/thumb/v6-m/nofp\libgcc.a(fixsfsi.o)
 .ARM.attributes
                0x0000056a       0x2c A:/APPS/STM/STM32 CubeIDE/APP Data/STM32CubeIDE_2.0.0/STM32CubeIDE/plugins/com.st.stm32cube.ide.mcu.externaltools.gnu-tools-for-stm32.13.3.rel1.win32_1.0.100.202509120712/tools/bin/../lib/gcc/arm-none-eabi/13.3.1/thumb/v6-m/nofp\libgcc.a(floatunsisf.o)
 .ARM.attributes
                0x00000596       0x1e A:/APPS/STM/STM32 CubeIDE/APP Data/STM32CubeIDE_2.0.0/STM32CubeIDE/plugins/com.st.stm32cube.ide.mcu.externaltools.gnu-tools-for-stm32.13.3.rel1.win32_1.0.100.202509120712/tools/bin/../lib/gcc/arm-none-eabi/13.3.1/thumb/v6-m/nofp\libgcc.a(_arm_cmpsf2.o)
 .ARM.attributes
                0x000005b4       0x1e A:/APPS/STM/STM32 CubeIDE/APP Data/STM32CubeIDE_2.0.0/STM32CubeIDE/plugins/com.st.stm32cube.ide.mcu.externaltools.gnu-tools-for-stm32.13.3.rel1.win32_1.0.100.202509120712/tools/bin/../lib/gcc/arm-none-eabi/13.3.1/thumb/v6-m/nofp\libgcc.a(_clzsi2.o)
 .ARM.attributes
                0x000005d2       0x2c A:/APPS/STM/STM32 CubeIDE/APP Data/STM32CubeIDE_2.0.0/STM32CubeIDE/plugins/com.st.stm32cube.ide.mcu.externaltools.gnu-tools-for-stm32.13.3.rel1.win32_1.0.100.202509120712/tools/bin/../lib/gcc/arm-none-eabi/13.3.1/thumb/v6-m/nofp\libgcc.a(eqsf2.o)
 .ARM.attributes
                0x000005fe       0x2c A:/APPS/STM/STM32 CubeIDE/APP Data/STM32CubeIDE_2.0.0/STM32CubeIDE/plugins/com.st.stm32cube.ide.mcu.externaltools.gnu-tools-for-stm32.13.3.rel1.win32_1.0.100.202509120712/tools/bin/../lib/gcc/arm-none-eabi/13.3.1/thumb/v6-m/nofp\libgcc.a(gesf2.o)
 .ARM.attributes
                0x0000062a       0x2c A:/APPS/STM/STM32 CubeIDE/APP Data/STM32CubeIDE_2.0.0/STM32CubeIDE/plugins/com.st.stm32cube.ide.mcu.externaltools.gnu-tools-for-stm32.13.3.rel1.win32_1.0.100.202509120712/tools/bin/../lib/gcc/arm-none-eabi/13.3.1/thumb/v6-m/nofp\libgcc.a(lesf2.o)
 .ARM.attributes
                0x00000656       0x1e A:/APPS/STM/STM32 CubeIDE/APP Data/STM32CubeIDE_2.0.0/STM32CubeIDE/plugins/com.st.stm32cube.ide.mcu.externaltools.gnu-tools-for-stm32.13.3.rel1.win32_1.0.100.202509120712/tools/bin/../lib/gcc/arm-none-eabi/13.3.1/thumb/v6-m/nofp/crtn.o
OUTPUT(boostconverter.elf elf32-littlearm)
LOAD linker stubs
LOAD A:/APPS/STM/STM32 CubeIDE/APP Data/STM32CubeIDE_2.0.0/STM32CubeIDE/plugins/com.st.stm32cube.ide.mcu.externaltools.gnu-tools-for-stm32.13.3.rel1.win32_1.0.100.202509120712/tools/bin/../lib/gcc/arm-none-eabi/13.3.1/../../../../arm-none-eabi/lib/thumb/v6-m/nofp\libc.a
LOAD A:/APPS/STM/STM32 CubeIDE/APP Data/STM32CubeIDE_2.0.0/STM32CubeIDE/plugins/com.st.stm32cube.ide.mcu.externaltools.gnu-tools-for-stm32.13.3.rel1.win32_1.0.100.202509120712/tools/bin/../lib/gcc/arm-none-eabi/13.3.1/../../../../arm-none-eabi/lib/thumb/v6-m/nofp\libm.a
LOAD A:/APPS/STM/STM32 CubeIDE/APP Data/STM32CubeIDE_2.0.0/STM32CubeIDE/plugins/com.st.stm32cube.ide.mcu.externaltools.gnu-tools-for-stm32.13.3.rel1.win32_1.0.100.202509120712/tools/bin/../lib/gcc/arm-none-eabi/13.3.1/thumb/v6-m/nofp\libgcc.a

.debug_info     0x00000000    0x1090c
 .debug_info    0x00000000      0xb30 ./Core/Src/adc.o
 .debug_info    0x00000b30      0x3df ./Core/Src/gpio.o
 .debug_info    0x00000f0f      0xbe3 ./Core/Src/i2c.o
 .debug_info    0x00001af2     0x15db ./Core/Src/main.o
 .debug_info    0x000030cd      0x278 ./Core/Src/stm32g0xx_hal_msp.o
 .debug_info    0x00003345      0x76e ./Core/Src/stm32g0xx_it.o
 .debug_info    0x00003ab3      0x316 ./Core/Src/system_stm32g0xx.o
 .debug_info    0x00003dc9      0xf28 ./Core/Src/tim.o
 .debug_info    0x00004cf1       0x30 ./Core/Startup/startup_stm32g030f6px.o
 .debug_info    0x00004d21      0x8f0 ./Drivers/STM32G0xx_HAL_Driver/Src/stm32g0xx_hal.o
 .debug_info    0x00005611     0x155e ./Drivers/STM32G0xx_HAL_Driver/Src/stm32g0xx_hal_adc.o
 .debug_info    0x00006b6f      0x8a9 ./Drivers/STM32G0xx_HAL_Driver/Src/stm32g0xx_hal_cortex.o
 .debug_info    0x00007418      0x86b ./Drivers/STM32G0xx_HAL_Driver/Src/stm32g0xx_hal_dma.o
 .debug_info    0x00007c83      0x5ac ./Drivers/STM32G0xx_HAL_Driver/Src/stm32g0xx_hal_gpio.o
 .debug_info    0x0000822f     0x21cb ./Drivers/STM32G0xx_HAL_Driver/Src/stm32g0xx_hal_i2c.o
 .debug_info    0x0000a3fa      0x9d9 ./Drivers/STM32G0xx_HAL_Driver/Src/stm32g0xx_hal_i2c_ex.o
 .debug_info    0x0000add3      0x496 ./Drivers/STM32G0xx_HAL_Driver/Src/stm32g0xx_hal_pwr_ex.o
 .debug_info    0x0000b269      0xae9 ./Drivers/STM32G0xx_HAL_Driver/Src/stm32g0xx_hal_rcc.o
 .debug_info    0x0000bd52      0x73e ./Drivers/STM32G0xx_HAL_Driver/Src/stm32g0xx_hal_rcc_ex.o
 .debug_info    0x0000c490     0x2bc4 ./Drivers/STM32G0xx_HAL_Driver/Src/stm32g0xx_hal_tim.o
 .debug_info    0x0000f054     0x18b8 ./Drivers/STM32G0xx_HAL_Driver/Src/stm32g0xx_hal_tim_ex.o

.debug_abbrev   0x00000000     0x2a90
 .debug_abbrev  0x00000000      0x1f4 ./Core/Src/adc.o
 .debug_abbrev  0x000001f4      0x158 ./Core/Src/gpio.o
 .debug_abbrev  0x0000034c      0x23b ./Core/Src/i2c.o
 .debug_abbrev  0x00000587      0x301 ./Core/Src/main.o
 .debug_abbrev  0x00000888       0xf9 ./Core/Src/stm32g0xx_hal_msp.o
 .debug_abbrev  0x00000981      0x1b3 ./Core/Src/stm32g0xx_it.o
 .debug_abbrev  0x00000b34      0x119 ./Core/Src/system_stm32g0xx.o
 .debug_abbrev  0x00000c4d      0x242 ./Core/Src/tim.o
 .debug_abbrev  0x00000e8f       0x24 ./Core/Startup/startup_stm32g030f6px.o
 .debug_abbrev  0x00000eb3      0x2b4 ./Drivers/STM32G0xx_HAL_Driver/Src/stm32g0xx_hal.o
 .debug_abbrev  0x00001167      0x267 ./Drivers/STM32G0xx_HAL_Driver/Src/stm32g0xx_hal_adc.o
 .debug_abbrev  0x000013ce      0x2ab ./Drivers/STM32G0xx_HAL_Driver/Src/stm32g0xx_hal_cortex.o
 .debug_abbrev  0x00001679      0x1e1 ./Drivers/STM32G0xx_HAL_Driver/Src/stm32g0xx_hal_dma.o
 .debug_abbrev  0x0000185a      0x1c3 ./Drivers/STM32G0xx_HAL_Driver/Src/stm32g0xx_hal_gpio.o
 .debug_abbrev  0x00001a1d      0x291 ./Drivers/STM32G0xx_HAL_Driver/Src/stm32g0xx_hal_i2c.o
 .debug_abbrev  0x00001cae      0x1ea ./Drivers/STM32G0xx_HAL_Driver/Src/stm32g0xx_hal_i2c_ex.o
 .debug_abbrev  0x00001e98      0x1d7 ./Drivers/STM32G0xx_HAL_Driver/Src/stm32g0xx_hal_pwr_ex.o
 .debug_abbrev  0x0000206f      0x2a9 ./Drivers/STM32G0xx_HAL_Driver/Src/stm32g0xx_hal_rcc.o
 .debug_abbrev  0x00002318      0x22b ./Drivers/STM32G0xx_HAL_Driver/Src/stm32g0xx_hal_rcc_ex.o
 .debug_abbrev  0x00002543      0x2a2 ./Drivers/STM32G0xx_HAL_Driver/Src/stm32g0xx_hal_tim.o
 .debug_abbrev  0x000027e5      0x2ab ./Drivers/STM32G0xx_HAL_Driver/Src/stm32g0xx_hal_tim_ex.o

.debug_aranges  0x00000000     0x1090
 .debug_aranges
                0x00000000       0x30 ./Core/Src/adc.o
 .debug_aranges
                0x00000030       0x20 ./Core/Src/gpio.o
 .debug_aranges
                0x00000050       0x30 ./Core/Src/i2c.o
 .debug_aranges
                0x00000080       0x70 ./Core/Src/main.o
 .debug_aranges
                0x000000f0       0x20 ./Core/Src/stm32g0xx_hal_msp.o
 .debug_aranges
                0x00000110       0x48 ./Core/Src/stm32g0xx_it.o
 .debug_aranges
                0x00000158       0x28 ./Core/Src/system_stm32g0xx.o
 .debug_aranges
                0x00000180       0x48 ./Core/Src/tim.o
 .debug_aranges
                0x000001c8       0x28 ./Core/Startup/startup_stm32g030f6px.o
 .debug_aranges
                0x000001f0      0x100 ./Drivers/STM32G0xx_HAL_Driver/Src/stm32g0xx_hal.o
 .debug_aranges
                0x000002f0      0x1f0 ./Drivers/STM32G0xx_HAL_Driver/Src/stm32g0xx_hal_adc.o
 .debug_aranges
                0x000004e0       0xe8 ./Drivers/STM32G0xx_HAL_Driver/Src/stm32g0xx_hal_cortex.o
 .debug_aranges
                0x000005c8       0x90 ./Drivers/STM32G0xx_HAL_Driver/Src/stm32g0xx_hal_dma.o
 .debug_aranges
                0x00000658       0x60 ./Drivers/STM32G0xx_HAL_Driver/Src/stm32g0xx_hal_gpio.o
 .debug_aranges
                0x000006b8      0x2a0 ./Drivers/STM32G0xx_HAL_Driver/Src/stm32g0xx_hal_i2c.o
 .debug_aranges
                0x00000958       0x48 ./Drivers/STM32G0xx_HAL_Driver/Src/stm32g0xx_hal_i2c_ex.o
 .debug_aranges
                0x000009a0       0x98 ./Drivers/STM32G0xx_HAL_Driver/Src/stm32g0xx_hal_pwr_ex.o
 .debug_aranges
                0x00000a38       0xa0 ./Drivers/STM32G0xx_HAL_Driver/Src/stm32g0xx_hal_rcc.o
 .debug_aranges
                0x00000ad8       0x40 ./Drivers/STM32G0xx_HAL_Driver/Src/stm32g0xx_hal_rcc_ex.o
 .debug_aranges
                0x00000b18      0x3e0 ./Drivers/STM32G0xx_HAL_Driver/Src/stm32g0xx_hal_tim.o
 .debug_aranges
                0x00000ef8      0x198 ./Drivers/STM32G0xx_HAL_Driver/Src/stm32g0xx_hal_tim_ex.o

.debug_rnglists
                0x00000000      0xce0
 .debug_rnglists
                0x00000000       0x21 ./Core/Src/adc.o
 .debug_rnglists
                0x00000021       0x14 ./Core/Src/gpio.o
 .debug_rnglists
                0x00000035       0x21 ./Core/Src/i2c.o
 .debug_rnglists
                0x00000056       0x52 ./Core/Src/main.o
 .debug_rnglists
                0x000000a8       0x13 ./Core/Src/stm32g0xx_hal_msp.o
 .debug_rnglists
                0x000000bb       0x31 ./Core/Src/stm32g0xx_it.o
 .debug_rnglists
                0x000000ec       0x1a ./Core/Src/system_stm32g0xx.o
 .debug_rnglists
                0x00000106       0x34 ./Core/Src/tim.o
 .debug_rnglists
                0x0000013a       0x19 ./Core/Startup/startup_stm32g030f6px.o
 .debug_rnglists
                0x00000153       0xbc ./Drivers/STM32G0xx_HAL_Driver/Src/stm32g0xx_hal.o
 .debug_rnglists
                0x0000020f      0x17f ./Drivers/STM32G0xx_HAL_Driver/Src/stm32g0xx_hal_adc.o
 .debug_rnglists
                0x0000038e       0xaa ./Drivers/STM32G0xx_HAL_Driver/Src/stm32g0xx_hal_cortex.o
 .debug_rnglists
                0x00000438       0x72 ./Drivers/STM32G0xx_HAL_Driver/Src/stm32g0xx_hal_dma.o
 .debug_rnglists
                0x000004aa       0x45 ./Drivers/STM32G0xx_HAL_Driver/Src/stm32g0xx_hal_gpio.o
 .debug_rnglists
                0x000004ef      0x229 ./Drivers/STM32G0xx_HAL_Driver/Src/stm32g0xx_hal_i2c.o
 .debug_rnglists
                0x00000718       0x35 ./Drivers/STM32G0xx_HAL_Driver/Src/stm32g0xx_hal_i2c_ex.o
 .debug_rnglists
                0x0000074d       0x72 ./Drivers/STM32G0xx_HAL_Driver/Src/stm32g0xx_hal_pwr_ex.o
 .debug_rnglists
                0x000007bf       0x79 ./Drivers/STM32G0xx_HAL_Driver/Src/stm32g0xx_hal_rcc.o
 .debug_rnglists
                0x00000838       0x2f ./Drivers/STM32G0xx_HAL_Driver/Src/stm32g0xx_hal_rcc_ex.o
 .debug_rnglists
                0x00000867      0x32b ./Drivers/STM32G0xx_HAL_Driver/Src/stm32g0xx_hal_tim.o
 .debug_rnglists
                0x00000b92      0x14e ./Drivers/STM32G0xx_HAL_Driver/Src/stm32g0xx_hal_tim_ex.o

.debug_macro    0x00000000    0x16697
 .debug_macro   0x00000000      0x225 ./Core/Src/adc.o
 .debug_macro   0x00000225      0xaae ./Core/Src/adc.o
 .debug_macro   0x00000cd3      0x123 ./Core/Src/adc.o
 .debug_macro   0x00000df6       0x2e ./Core/Src/adc.o
 .debug_macro   0x00000e24       0x28 ./Core/Src/adc.o
 .debug_macro   0x00000e4c       0x22 ./Core/Src/adc.o
 .debug_macro   0x00000e6e       0x8e ./Core/Src/adc.o
 .debug_macro   0x00000efc       0x51 ./Core/Src/adc.o
 .debug_macro   0x00000f4d      0x103 ./Core/Src/adc.o
 .debug_macro   0x00001050       0x6a ./Core/Src/adc.o
 .debug_macro   0x000010ba      0x1df ./Core/Src/adc.o
 .debug_macro   0x00001299       0x1c ./Core/Src/adc.o
 .debug_macro   0x000012b5       0x22 ./Core/Src/adc.o
 .debug_macro   0x000012d7       0xd1 ./Core/Src/adc.o
 .debug_macro   0x000013a8      0x4da ./Core/Src/adc.o
 .debug_macro   0x00001882      0x11f ./Core/Src/adc.o
 .debug_macro   0x000019a1     0xa120 ./Core/Src/adc.o
 .debug_macro   0x0000bac1       0x66 ./Core/Src/adc.o
 .debug_macro   0x0000bb27     0x3512 ./Core/Src/adc.o
 .debug_macro   0x0000f039      0x190 ./Core/Src/adc.o
 .debug_macro   0x0000f1c9       0x5c ./Core/Src/adc.o
 .debug_macro   0x0000f225      0x462 ./Core/Src/adc.o
 .debug_macro   0x0000f687      0xe1a ./Core/Src/adc.o
 .debug_macro   0x000104a1      0x106 ./Core/Src/adc.o
 .debug_macro   0x000105a7      0x1cf ./Core/Src/adc.o
 .debug_macro   0x00010776       0xff ./Core/Src/adc.o
 .debug_macro   0x00010875      0x33c ./Core/Src/adc.o
 .debug_macro   0x00010bb1      0x202 ./Core/Src/adc.o
 .debug_macro   0x00010db3      0x2c7 ./Core/Src/adc.o
 .debug_macro   0x0001107a      0x198 ./Core/Src/adc.o
 .debug_macro   0x00011212       0x43 ./Core/Src/adc.o
 .debug_macro   0x00011255      0x1f1 ./Core/Src/adc.o
 .debug_macro   0x00011446      0x89f ./Core/Src/adc.o
 .debug_macro   0x00011ce5      0x5ad ./Core/Src/adc.o
 .debug_macro   0x00012292       0x2e ./Core/Src/adc.o
 .debug_macro   0x000122c0      0x1d6 ./Core/Src/adc.o
 .debug_macro   0x00012496      0x2a3 ./Core/Src/adc.o
 .debug_macro   0x00012739       0x28 ./Core/Src/adc.o
 .debug_macro   0x00012761       0xcf ./Core/Src/adc.o
 .debug_macro   0x00012830      0x22c ./Core/Src/adc.o
 .debug_macro   0x00012a5c       0x67 ./Core/Src/adc.o
 .debug_macro   0x00012ac3       0xa5 ./Core/Src/adc.o
 .debug_macro   0x00012b68       0xff ./Core/Src/adc.o
 .debug_macro   0x00012c67      0x10d ./Core/Src/adc.o
 .debug_macro   0x00012d74      0xac2 ./Core/Src/adc.o
 .debug_macro   0x00013836       0xfa ./Core/Src/adc.o
 .debug_macro   0x00013930      0x412 ./Core/Src/adc.o
 .debug_macro   0x00013d42       0x1c ./Core/Src/adc.o
 .debug_macro   0x00013d5e      0x225 ./Core/Src/gpio.o
 .debug_macro   0x00013f83      0x225 ./Core/Src/i2c.o
 .debug_macro   0x000141a8      0x25f ./Core/Src/main.o
 .debug_macro   0x00014407      0x21b ./Core/Src/stm32g0xx_hal_msp.o
 .debug_macro   0x00014622      0x225 ./Core/Src/stm32g0xx_it.o
 .debug_macro   0x00014847      0x20c ./Core/Src/system_stm32g0xx.o
 .debug_macro   0x00014a53      0x225 ./Core/Src/tim.o
 .debug_macro   0x00014c78      0x22a ./Drivers/STM32G0xx_HAL_Driver/Src/stm32g0xx_hal.o
 .debug_macro   0x00014ea2      0x230 ./Drivers/STM32G0xx_HAL_Driver/Src/stm32g0xx_hal_adc.o
 .debug_macro   0x000150d2      0x20c ./Drivers/STM32G0xx_HAL_Driver/Src/stm32g0xx_hal_cortex.o
 .debug_macro   0x000152de      0x20c ./Drivers/STM32G0xx_HAL_Driver/Src/stm32g0xx_hal_dma.o
 .debug_macro   0x000154ea      0x213 ./Drivers/STM32G0xx_HAL_Driver/Src/stm32g0xx_hal_gpio.o
 .debug_macro   0x000156fd      0x2d8 ./Drivers/STM32G0xx_HAL_Driver/Src/stm32g0xx_hal_i2c.o
 .debug_macro   0x000159d5      0x20c ./Drivers/STM32G0xx_HAL_Driver/Src/stm32g0xx_hal_i2c_ex.o
 .debug_macro   0x00015be1      0x21e ./Drivers/STM32G0xx_HAL_Driver/Src/stm32g0xx_hal_pwr_ex.o
 .debug_macro   0x00015dff      0x24e ./Drivers/STM32G0xx_HAL_Driver/Src/stm32g0xx_hal_rcc.o
 .debug_macro   0x0001604d      0x224 ./Drivers/STM32G0xx_HAL_Driver/Src/stm32g0xx_hal_rcc_ex.o
 .debug_macro   0x00016271      0x214 ./Drivers/STM32G0xx_HAL_Driver/Src/stm32g0xx_hal_tim.o
 .debug_macro   0x00016485      0x212 ./Drivers/STM32G0xx_HAL_Driver/Src/stm32g0xx_hal_tim_ex.o

.debug_line     0x00000000    0x14e24
 .debug_line    0x00000000      0x85f ./Core/Src/adc.o
 .debug_line    0x0000085f      0x7d2 ./Core/Src/gpio.o
 .debug_line    0x00001031      0x85a ./Core/Src/i2c.o
 .debug_line    0x0000188b      0xabd ./Core/Src/main.o
 .debug_line    0x00002348      0x7b8 ./Core/Src/stm32g0xx_hal_msp.o
 .debug_line    0x00002b00      0x83f ./Core/Src/stm32g0xx_it.o
 .debug_line    0x0000333f      0x829 ./Core/Src/system_stm32g0xx.o
 .debug_line    0x00003b68      0x9ba ./Core/Src/tim.o
 .debug_line    0x00004522       0x7b ./Core/Startup/startup_stm32g030f6px.o
 .debug_line    0x0000459d      0xaec ./Drivers/STM32G0xx_HAL_Driver/Src/stm32g0xx_hal.o
 .debug_line    0x00005089     0x19a3 ./Drivers/STM32G0xx_HAL_Driver/Src/stm32g0xx_hal_adc.o
 .debug_line    0x00006a2c      0xc04 ./Drivers/STM32G0xx_HAL_Driver/Src/stm32g0xx_hal_cortex.o
 .debug_line    0x00007630      0xdeb ./Drivers/STM32G0xx_HAL_Driver/Src/stm32g0xx_hal_dma.o
 .debug_line    0x0000841b      0xbc0 ./Drivers/STM32G0xx_HAL_Driver/Src/stm32g0xx_hal_gpio.o
 .debug_line    0x00008fdb     0x379b ./Drivers/STM32G0xx_HAL_Driver/Src/stm32g0xx_hal_i2c.o
 .debug_line    0x0000c776      0x91c ./Drivers/STM32G0xx_HAL_Driver/Src/stm32g0xx_hal_i2c_ex.o
 .debug_line    0x0000d092      0x9fa ./Drivers/STM32G0xx_HAL_Driver/Src/stm32g0xx_hal_pwr_ex.o
 .debug_line    0x0000da8c     0x102a ./Drivers/STM32G0xx_HAL_Driver/Src/stm32g0xx_hal_rcc.o
 .debug_line    0x0000eab6      0xb47 ./Drivers/STM32G0xx_HAL_Driver/Src/stm32g0xx_hal_rcc_ex.o
 .debug_line    0x0000f5fd     0x3c81 ./Drivers/STM32G0xx_HAL_Driver/Src/stm32g0xx_hal_tim.o
 .debug_line    0x0001327e     0x1ba6 ./Drivers/STM32G0xx_HAL_Driver/Src/stm32g0xx_hal_tim_ex.o

.debug_str      0x00000000    0x8dcec
 .debug_str     0x00000000    0x8dcec ./Core/Src/adc.o
                              0x896fb (size before relaxing)
 .debug_str     0x0008dcec        0x0 ./Core/Src/gpio.o
                              0x89153 (size before relaxing)
 .debug_str     0x0008dcec        0x0 ./Core/Src/i2c.o
                              0x89997 (size before relaxing)
 .debug_str     0x0008dcec        0x0 ./Core/Src/main.o
                              0x8a05f (size before relaxing)
 .debug_str     0x0008dcec        0x0 ./Core/Src/stm32g0xx_hal_msp.o
                              0x8909f (size before relaxing)
 .debug_str     0x0008dcec        0x0 ./Core/Src/stm32g0xx_it.o
                              0x895e9 (size before relaxing)
 .debug_str     0x0008dcec        0x0 ./Core/Src/system_stm32g0xx.o
                              0x8907b (size before relaxing)
 .debug_str     0x0008dcec        0x0 ./Core/Src/tim.o
                              0x89af3 (size before relaxing)
 .debug_str     0x0008dcec        0x0 ./Core/Startup/startup_stm32g030f6px.o
                                 0x8e (size before relaxing)
 .debug_str     0x0008dcec        0x0 ./Drivers/STM32G0xx_HAL_Driver/Src/stm32g0xx_hal.o
                              0x8970d (size before relaxing)
 .debug_str     0x0008dcec        0x0 ./Drivers/STM32G0xx_HAL_Driver/Src/stm32g0xx_hal_adc.o
                              0x89e36 (size before relaxing)
 .debug_str     0x0008dcec        0x0 ./Drivers/STM32G0xx_HAL_Driver/Src/stm32g0xx_hal_cortex.o
                              0x894cd (size before relaxing)
 .debug_str     0x0008dcec        0x0 ./Drivers/STM32G0xx_HAL_Driver/Src/stm32g0xx_hal_dma.o
                              0x89515 (size before relaxing)
 .debug_str     0x0008dcec        0x0 ./Drivers/STM32G0xx_HAL_Driver/Src/stm32g0xx_hal_gpio.o
                              0x891b0 (size before relaxing)
 .debug_str     0x0008dcec        0x0 ./Drivers/STM32G0xx_HAL_Driver/Src/stm32g0xx_hal_i2c.o
                              0x8a447 (size before relaxing)
 .debug_str     0x0008dcec        0x0 ./Drivers/STM32G0xx_HAL_Driver/Src/stm32g0xx_hal_i2c_ex.o
                              0x896ba (size before relaxing)
 .debug_str     0x0008dcec        0x0 ./Drivers/STM32G0xx_HAL_Driver/Src/stm32g0xx_hal_pwr_ex.o
                              0x892cf (size before relaxing)
 .debug_str     0x0008dcec        0x0 ./Drivers/STM32G0xx_HAL_Driver/Src/stm32g0xx_hal_rcc.o
                              0x8979f (size before relaxing)
 .debug_str     0x0008dcec        0x0 ./Drivers/STM32G0xx_HAL_Driver/Src/stm32g0xx_hal_rcc_ex.o
                              0x893b7 (size before relaxing)
 .debug_str     0x0008dcec        0x0 ./Drivers/STM32G0xx_HAL_Driver/Src/stm32g0xx_hal_tim.o
                              0x8a5c3 (size before relaxing)
 .debug_str     0x0008dcec        0x0 ./Drivers/STM32G0xx_HAL_Driver/Src/stm32g0xx_hal_tim_ex.o
                              0x89f4b (size before relaxing)

.comment        0x00000000       0x43
 .comment       0x00000000       0x43 ./Core/Src/adc.o
                                 0x44 (size before relaxing)
 .comment       0x00000043        0x0 ./Core/Src/gpio.o
                                 0x44 (size before relaxing)
 .comment       0x00000043        0x0 ./Core/Src/i2c.o
                                 0x44 (size before relaxing)
 .comment       0x00000043        0x0 ./Core/Src/main.o
                                 0x44 (size before relaxing)
 .comment       0x00000043        0x0 ./Core/Src/stm32g0xx_hal_msp.o
                                 0x44 (size before relaxing)
 .comment       0x00000043        0x0 ./Core/Src/stm32g0xx_it.o
                                 0x44 (size before relaxing)
 .comment       0x00000043        0x0 ./Core/Src/system_stm32g0xx.o
                                 0x44 (size before relaxing)
 .comment       0x00000043        0x0 ./Core/Src/tim.o
                                 0x44 (size before relaxing)
 .comment       0x00000043        0x0 ./Drivers/STM32G0xx_HAL_Driver/Src/stm32g0xx_hal.o
                                 0x44 (size before relaxing)
 .comment       0x00000043        0x0 ./Drivers/STM32G0xx_HAL_Driver/Src/stm32g0xx_hal_adc.o
                                 0x44 (size before relaxing)
 .comment       0x00000043        0x0 ./Drivers/STM32G0xx_HAL_Driver/Src/stm32g0xx_hal_cortex.o
                                 0x44 (size before relaxing)
 .comment       0x00000043        0x0 ./Drivers/STM32G0xx_HAL_Driver/Src/stm32g0xx_hal_dma.o
                                 0x44 (size before relaxing)
 .comment       0x00000043        0x0 ./Drivers/STM32G0xx_HAL_Driver/Src/stm32g0xx_hal_gpio.o
                                 0x44 (size before relaxing)
 .comment       0x00000043        0x0 ./Drivers/STM32G0xx_HAL_Driver/Src/stm32g0xx_hal_i2c.o
                                 0x44 (size before relaxing)
 .comment       0x00000043        0x0 ./Drivers/STM32G0xx_HAL_Driver/Src/stm32g0xx_hal_i2c_ex.o
                                 0x44 (size before relaxing)
 .comment       0x00000043        0x0 ./Drivers/STM32G0xx_HAL_Driver/Src/stm32g0xx_hal_pwr_ex.o
                                 0x44 (size before relaxing)
 .comment       0x00000043        0x0 ./Drivers/STM32G0xx_HAL_Driver/Src/stm32g0xx_hal_rcc.o
                                 0x44 (size before relaxing)
 .comment       0x00000043        0x0 ./Drivers/STM32G0xx_HAL_Driver/Src/stm32g0xx_hal_rcc_ex.o
                                 0x44 (size before relaxing)
 .comment       0x00000043        0x0 ./Drivers/STM32G0xx_HAL_Driver/Src/stm32g0xx_hal_tim.o
                                 0x44 (size before relaxing)
 .comment       0x00000043        0x0 ./Drivers/STM32G0xx_HAL_Driver/Src/stm32g0xx_hal_tim_ex.o
                                 0x44 (size before relaxing)

.debug_frame    0x00000000     0x3d34
 .debug_frame   0x00000000       0x70 ./Core/Src/adc.o
 .debug_frame   0x00000070       0x30 ./Core/Src/gpio.o
 .debug_frame   0x000000a0       0x6c ./Core/Src/i2c.o
 .debug_frame   0x0000010c      0x164 ./Core/Src/main.o
 .debug_frame   0x00000270       0x30 ./Core/Src/stm32g0xx_hal_msp.o
 .debug_frame   0x000002a0       0xb8 ./Core/Src/stm32g0xx_it.o
 .debug_frame   0x00000358       0x4c ./Core/Src/system_stm32g0xx.o
 .debug_frame   0x000003a4       0xcc ./Core/Src/tim.o
 .debug_frame   0x00000470      0x360 ./Drivers/STM32G0xx_HAL_Driver/Src/stm32g0xx_hal.o
 .debug_frame   0x000007d0      0x78c ./Drivers/STM32G0xx_HAL_Driver/Src/stm32g0xx_hal_adc.o
 .debug_frame   0x00000f5c      0x33c ./Drivers/STM32G0xx_HAL_Driver/Src/stm32g0xx_hal_cortex.o
 .debug_frame   0x00001298      0x1f0 ./Drivers/STM32G0xx_HAL_Driver/Src/stm32g0xx_hal_dma.o
 .debug_frame   0x00001488      0x130 ./Drivers/STM32G0xx_HAL_Driver/Src/stm32g0xx_hal_gpio.o
 .debug_frame   0x000015b8      0xa68 ./Drivers/STM32G0xx_HAL_Driver/Src/stm32g0xx_hal_i2c.o
 .debug_frame   0x00002020       0xd0 ./Drivers/STM32G0xx_HAL_Driver/Src/stm32g0xx_hal_i2c_ex.o
 .debug_frame   0x000020f0      0x1f4 ./Drivers/STM32G0xx_HAL_Driver/Src/stm32g0xx_hal_pwr_ex.o
 .debug_frame   0x000022e4      0x214 ./Drivers/STM32G0xx_HAL_Driver/Src/stm32g0xx_hal_rcc.o
 .debug_frame   0x000024f8       0xb4 ./Drivers/STM32G0xx_HAL_Driver/Src/stm32g0xx_hal_rcc_ex.o
 .debug_frame   0x000025ac      0xf40 ./Drivers/STM32G0xx_HAL_Driver/Src/stm32g0xx_hal_tim.o
 .debug_frame   0x000034ec      0x620 ./Drivers/STM32G0xx_HAL_Driver/Src/stm32g0xx_hal_tim_ex.o
 .debug_frame   0x00003b0c       0x20 A:/APPS/STM/STM32 CubeIDE/APP Data/STM32CubeIDE_2.0.0/STM32CubeIDE/plugins/com.st.stm32cube.ide.mcu.externaltools.gnu-tools-for-stm32.13.3.rel1.win32_1.0.100.202509120712/tools/bin/../lib/gcc/arm-none-eabi/13.3.1/../../../../arm-none-eabi/lib/thumb/v6-m/nofp\libc_nano.a(libc_a-memset.o)
 .debug_frame   0x00003b2c       0x2c A:/APPS/STM/STM32 CubeIDE/APP Data/STM32CubeIDE_2.0.0/STM32CubeIDE/plugins/com.st.stm32cube.ide.mcu.externaltools.gnu-tools-for-stm32.13.3.rel1.win32_1.0.100.202509120712/tools/bin/../lib/gcc/arm-none-eabi/13.3.1/../../../../arm-none-eabi/lib/thumb/v6-m/nofp\libc_nano.a(libc_a-init.o)
 .debug_frame   0x00003b58       0x20 A:/APPS/STM/STM32 CubeIDE/APP Data/STM32CubeIDE_2.0.0/STM32CubeIDE/plugins/com.st.stm32cube.ide.mcu.externaltools.gnu-tools-for-stm32.13.3.rel1.win32_1.0.100.202509120712/tools/bin/../lib/gcc/arm-none-eabi/13.3.1/thumb/v6-m/nofp\libgcc.a(_udivsi3.o)
 .debug_frame   0x00003b78       0x20 A:/APPS/STM/STM32 CubeIDE/APP Data/STM32CubeIDE_2.0.0/STM32CubeIDE/plugins/com.st.stm32cube.ide.mcu.externaltools.gnu-tools-for-stm32.13.3.rel1.win32_1.0.100.202509120712/tools/bin/../lib/gcc/arm-none-eabi/13.3.1/thumb/v6-m/nofp\libgcc.a(_divsi3.o)
 .debug_frame   0x00003b98       0x28 A:/APPS/STM/STM32 CubeIDE/APP Data/STM32CubeIDE_2.0.0/STM32CubeIDE/plugins/com.st.stm32cube.ide.mcu.externaltools.gnu-tools-for-stm32.13.3.rel1.win32_1.0.100.202509120712/tools/bin/../lib/gcc/arm-none-eabi/13.3.1/thumb/v6-m/nofp\libgcc.a(_fixunssfsi.o)
 .debug_frame   0x00003bc0       0x38 A:/APPS/STM/STM32 CubeIDE/APP Data/STM32CubeIDE_2.0.0/STM32CubeIDE/plugins/com.st.stm32cube.ide.mcu.externaltools.gnu-tools-for-stm32.13.3.rel1.win32_1.0.100.202509120712/tools/bin/../lib/gcc/arm-none-eabi/13.3.1/thumb/v6-m/nofp\libgcc.a(divsf3.o)
 .debug_frame   0x00003bf8       0x38 A:/APPS/STM/STM32 CubeIDE/APP Data/STM32CubeIDE_2.0.0/STM32CubeIDE/plugins/com.st.stm32cube.ide.mcu.externaltools.gnu-tools-for-stm32.13.3.rel1.win32_1.0.100.202509120712/tools/bin/../lib/gcc/arm-none-eabi/13.3.1/thumb/v6-m/nofp\libgcc.a(mulsf3.o)
 .debug_frame   0x00003c30       0x38 A:/APPS/STM/STM32 CubeIDE/APP Data/STM32CubeIDE_2.0.0/STM32CubeIDE/plugins/com.st.stm32cube.ide.mcu.externaltools.gnu-tools-for-stm32.13.3.rel1.win32_1.0.100.202509120712/tools/bin/../lib/gcc/arm-none-eabi/13.3.1/thumb/v6-m/nofp\libgcc.a(subsf3.o)
 .debug_frame   0x00003c68       0x20 A:/APPS/STM/STM32 CubeIDE/APP Data/STM32CubeIDE_2.0.0/STM32CubeIDE/plugins/com.st.stm32cube.ide.mcu.externaltools.gnu-tools-for-stm32.13.3.rel1.win32_1.0.100.202509120712/tools/bin/../lib/gcc/arm-none-eabi/13.3.1/thumb/v6-m/nofp\libgcc.a(fixsfsi.o)
 .debug_frame   0x00003c88       0x28 A:/APPS/STM/STM32 CubeIDE/APP Data/STM32CubeIDE_2.0.0/STM32CubeIDE/plugins/com.st.stm32cube.ide.mcu.externaltools.gnu-tools-for-stm32.13.3.rel1.win32_1.0.100.202509120712/tools/bin/../lib/gcc/arm-none-eabi/13.3.1/thumb/v6-m/nofp\libgcc.a(floatunsisf.o)
 .debug_frame   0x00003cb0       0x2c A:/APPS/STM/STM32 CubeIDE/APP Data/STM32CubeIDE_2.0.0/STM32CubeIDE/plugins/com.st.stm32cube.ide.mcu.externaltools.gnu-tools-for-stm32.13.3.rel1.win32_1.0.100.202509120712/tools/bin/../lib/gcc/arm-none-eabi/13.3.1/thumb/v6-m/nofp\libgcc.a(eqsf2.o)
 .debug_frame   0x00003cdc       0x2c A:/APPS/STM/STM32 CubeIDE/APP Data/STM32CubeIDE_2.0.0/STM32CubeIDE/plugins/com.st.stm32cube.ide.mcu.externaltools.gnu-tools-for-stm32.13.3.rel1.win32_1.0.100.202509120712/tools/bin/../lib/gcc/arm-none-eabi/13.3.1/thumb/v6-m/nofp\libgcc.a(gesf2.o)
 .debug_frame   0x00003d08       0x2c A:/APPS/STM/STM32 CubeIDE/APP Data/STM32CubeIDE_2.0.0/STM32CubeIDE/plugins/com.st.stm32cube.ide.mcu.externaltools.gnu-tools-for-stm32.13.3.rel1.win32_1.0.100.202509120712/tools/bin/../lib/gcc/arm-none-eabi/13.3.1/thumb/v6-m/nofp\libgcc.a(lesf2.o)

.debug_line_str
                0x00000000       0x72
 .debug_line_str
                0x00000000       0x72 ./Core/Startup/startup_stm32g030f6px.o
