Archive member included to satisfy reference by file (symbol)

A:/APPS/STM/STM32 CubeIDE/APP Data/STM32CubeIDE_2.0.0/STM32CubeIDE/plugins/com.st.stm32cube.ide.mcu.externaltools.gnu-tools-for-stm32.13.3.rel1.win32_1.0.100.202509120712/tools/bin/../lib/gcc/arm-none-eabi/13.3.1/../../../../arm-none-eabi/lib/thumb/v7-m/nofp\libc_nano.a(libc_a-exit.o)
                              A:/APPS/STM/STM32 CubeIDE/APP Data/STM32CubeIDE_2.0.0/STM32CubeIDE/plugins/com.st.stm32cube.ide.mcu.externaltools.gnu-tools-for-stm32.13.3.rel1.win32_1.0.100.202509120712/tools/bin/../lib/gcc/arm-none-eabi/13.3.1/../../../../arm-none-eabi/lib/thumb/v7-m/nofp/crt0.o (exit)
A:/APPS/STM/STM32 CubeIDE/APP Data/STM32CubeIDE_2.0.0/STM32CubeIDE/plugins/com.st.stm32cube.ide.mcu.externaltools.gnu-tools-for-stm32.13.3.rel1.win32_1.0.100.202509120712/tools/bin/../lib/gcc/arm-none-eabi/13.3.1/../../../../arm-none-eabi/lib/thumb/v7-m/nofp\libc_nano.a(libc_a-nano-vfprintf_float.o)
                              (_printf_float)
A:/APPS/STM/STM32 CubeIDE/APP Data/STM32CubeIDE_2.0.0/STM32CubeIDE/plugins/com.st.stm32cube.ide.mcu.externaltools.gnu-tools-for-stm32.13.3.rel1.win32_1.0.100.202509120712/tools/bin/../lib/gcc/arm-none-eabi/13.3.1/../../../../arm-none-eabi/lib/thumb/v7-m/nofp\libc_nano.a(libc_a-nano-vfprintf_i.o)
                              A:/APPS/STM/STM32 CubeIDE/APP Data/STM32CubeIDE_2.0.0/STM32CubeIDE/plugins/com.st.stm32cube.ide.mcu.externaltools.gnu-tools-for-stm32.13.3.rel1.win32_1.0.100.202509120712/tools/bin/../lib/gcc/arm-none-eabi/13.3.1/../../../../arm-none-eabi/lib/thumb/v7-m/nofp\libc_nano.a(libc_a-nano-vfprintf_float.o) (_printf_common)
A:/APPS/STM/STM32 CubeIDE/APP Data/STM32CubeIDE_2.0.0/STM32CubeIDE/plugins/com.st.stm32cube.ide.mcu.externaltools.gnu-tools-for-stm32.13.3.rel1.win32_1.0.100.202509120712/tools/bin/../lib/gcc/arm-none-eabi/13.3.1/../../../../arm-none-eabi/lib/thumb/v7-m/nofp\libc_nano.a(libc_a-findfp.o)
                              A:/APPS/STM/STM32 CubeIDE/APP Data/STM32CubeIDE_2.0.0/STM32CubeIDE/plugins/com.st.stm32cube.ide.mcu.externaltools.gnu-tools-for-stm32.13.3.rel1.win32_1.0.100.202509120712/tools/bin/../lib/gcc/arm-none-eabi/13.3.1/../../../../arm-none-eabi/lib/thumb/v7-m/nofp\libc_nano.a(libc_a-exit.o) (__stdio_exit_handler)
A:/APPS/STM/STM32 CubeIDE/APP Data/STM32CubeIDE_2.0.0/STM32CubeIDE/plugins/com.st.stm32cube.ide.mcu.externaltools.gnu-tools-for-stm32.13.3.rel1.win32_1.0.100.202509120712/tools/bin/../lib/gcc/arm-none-eabi/13.3.1/../../../../arm-none-eabi/lib/thumb/v7-m/nofp\libc_nano.a(libc_a-fwalk.o)
                              A:/APPS/STM/STM32 CubeIDE/APP Data/STM32CubeIDE_2.0.0/STM32CubeIDE/plugins/com.st.stm32cube.ide.mcu.externaltools.gnu-tools-for-stm32.13.3.rel1.win32_1.0.100.202509120712/tools/bin/../lib/gcc/arm-none-eabi/13.3.1/../../../../arm-none-eabi/lib/thumb/v7-m/nofp\libc_nano.a(libc_a-findfp.o) (_fwalk_sglue)
A:/APPS/STM/STM32 CubeIDE/APP Data/STM32CubeIDE_2.0.0/STM32CubeIDE/plugins/com.st.stm32cube.ide.mcu.externaltools.gnu-tools-for-stm32.13.3.rel1.win32_1.0.100.202509120712/tools/bin/../lib/gcc/arm-none-eabi/13.3.1/../../../../arm-none-eabi/lib/thumb/v7-m/nofp\libc_nano.a(libc_a-snprintf.o)
                              ./Core/Src/DWIN_UI.o (snprintf)
A:/APPS/STM/STM32 CubeIDE/APP Data/STM32CubeIDE_2.0.0/STM32CubeIDE/plugins/com.st.stm32cube.ide.mcu.externaltools.gnu-tools-for-stm32.13.3.rel1.win32_1.0.100.202509120712/tools/bin/../lib/gcc/arm-none-eabi/13.3.1/../../../../arm-none-eabi/lib/thumb/v7-m/nofp\libc_nano.a(libc_a-stdio.o)
                              A:/APPS/STM/STM32 CubeIDE/APP Data/STM32CubeIDE_2.0.0/STM32CubeIDE/plugins/com.st.stm32cube.ide.mcu.externaltools.gnu-tools-for-stm32.13.3.rel1.win32_1.0.100.202509120712/tools/bin/../lib/gcc/arm-none-eabi/13.3.1/../../../../arm-none-eabi/lib/thumb/v7-m/nofp\libc_nano.a(libc_a-findfp.o) (__sread)
A:/APPS/STM/STM32 CubeIDE/APP Data/STM32CubeIDE_2.0.0/STM32CubeIDE/plugins/com.st.stm32cube.ide.mcu.externaltools.gnu-tools-for-stm32.13.3.rel1.win32_1.0.100.202509120712/tools/bin/../lib/gcc/arm-none-eabi/13.3.1/../../../../arm-none-eabi/lib/thumb/v7-m/nofp\libc_nano.a(libc_a-memset.o)
                              A:/APPS/STM/STM32 CubeIDE/APP Data/STM32CubeIDE_2.0.0/STM32CubeIDE/plugins/com.st.stm32cube.ide.mcu.externaltools.gnu-tools-for-stm32.13.3.rel1.win32_1.0.100.202509120712/tools/bin/../lib/gcc/arm-none-eabi/13.3.1/../../../../arm-none-eabi/lib/thumb/v7-m/nofp/crt0.o (memset)
A:/APPS/STM/STM32 CubeIDE/APP Data/STM32CubeIDE_2.0.0/STM32CubeIDE/plugins/com.st.stm32cube.ide.mcu.externaltools.gnu-tools-for-stm32.13.3.rel1.win32_1.0.100.202509120712/tools/bin/../lib/gcc/arm-none-eabi/13.3.1/../../../../arm-none-eabi/lib/thumb/v7-m/nofp\libc_nano.a(libc_a-localeconv.o)
[...]
Memory Configuration

Name             Origin             Length             Attributes
RAM              0x20000000         0x00005000         xrw
FLASH            0x08000000         0x00020000         xr
*default*        0x00000000         0xffffffff

Linker script and memory map

LOAD A:/APPS/STM/STM32 CubeIDE/APP Data/STM32CubeIDE_2.0.0/STM32CubeIDE/plugins/com.st.stm32cube.ide.mcu.externaltools.gnu-tools-for-stm32.13.3.rel1.win32_1.0.100.202509120712/tools/bin/../lib/gcc/arm-none-eabi/13.3.1/thumb/v7-m/nofp/crti.o
LOAD A:/APPS/STM/STM32 CubeIDE/APP Data/STM32CubeIDE_2.0.0/STM32CubeIDE/plugins/com.st.stm32cube.ide.mcu.externaltools.gnu-tools-for-stm32.13.3.rel1.win32_1.0.100.202509120712/tools/bin/../lib/gcc/arm-none-eabi/13.3.1/thumb/v7-m/nofp/crtbegin.o
LOAD A:/APPS/STM/STM32 CubeIDE/APP Data/STM32CubeIDE_2.0.0/STM32CubeIDE/plugins/com.st.stm32cube.ide.mcu.externaltools.gnu-tools-for-stm32.13.3.rel1.win32_1.0.100.202509120712/tools/bin/../lib/gcc/arm-none-eabi/13.3.1/../../../../arm-none-eabi/lib/thumb/v7-m/nofp/crt0.o
LOAD ./Core/Src/DCMotor.o
LOAD ./Core/Src/DWIN_UI.o
LOAD ./Core/Src/Stepper.o
LOAD ./Core/Src/SystemController.o
LOAD ./Core/Src/VacuumPump.o
LOAD ./Core/Src/eeprom.o
LOAD ./Core/Src/gpio.o
LOAD ./Core/Src/i2c.o
LOAD ./Core/Src/main.o
LOAD ./Core/Src/stm32f1xx_hal_msp.o
LOAD ./Core/Src/stm32f1xx_it.o
LOAD ./Core/Src/syscalls.o
LOAD ./Core/Src/sysmain.o
LOAD ./Core/Src/sysmem.o
LOAD ./Core/Src/system_stm32f1xx.o
LOAD ./Core/Src/tim.o
LOAD ./Core/Src/usart.o
LOAD ./Core/Src/xRtcHand.o
LOAD ./Core/Startup/startup_stm32f103rbtx.o
LOAD ./Drivers/STM32F1xx_HAL_Driver/Src/stm32f1xx_hal.o
LOAD ./Drivers/STM32F1xx_HAL_Driver/Src/stm32f1xx_hal_cortex.o
LOAD ./Drivers/STM32F1xx_HAL_Driver/Src/stm32f1xx_hal_dma.o
LOAD ./Drivers/STM32F1xx_HAL_Driver/Src/stm32f1xx_hal_exti.o
LOAD ./Drivers/STM32F1xx_HAL_Driver/Src/stm32f1xx_hal_flash.o
LOAD ./Drivers/STM32F1xx_HAL_Driver/Src/stm32f1xx_hal_flash_ex.o
LOAD ./Drivers/STM32F1xx_HAL_Driver/Src/stm32f1xx_hal_gpio.o
LOAD ./Drivers/STM32F1xx_HAL_Driver/Src/stm32f1xx_hal_gpio_ex.o
LOAD ./Drivers/STM32F1xx_HAL_Driver/Src/stm32f1xx_hal_i2c.o
LOAD ./Drivers/STM32F1xx_HAL_Driver/Src/stm32f1xx_hal_pwr.o
LOAD ./Drivers/STM32F1xx_HAL_Driver/Src/stm32f1xx_hal_rcc.o
LOAD ./Drivers/STM32F1xx_HAL_Driver/Src/stm32f1xx_hal_rcc_ex.o
LOAD ./Drivers/STM32F1xx_HAL_Driver/Src/stm32f1xx_hal_tim.o
LOAD ./Drivers/STM32F1xx_HAL_Driver/Src/stm32f1xx_hal_tim_ex.o
LOAD ./Drivers/STM32F1xx_HAL_Driver/Src/stm32f1xx_hal_uart.o
START GROUP
LOAD A:/APPS/STM/STM32 CubeIDE/APP Data/STM32CubeIDE_2.0.0/STM32CubeIDE/plugins/com.st.stm32cube.ide.mcu.externaltools.gnu-tools-for-stm32.13.3.rel1.win32_1.0.100.202509120712/tools/bin/../lib/gcc/arm-none-eabi/13.3.1/../../../../arm-none-eabi/lib/thumb/v7-m/nofp\libstdc++_nano.a
LOAD A:/APPS/STM/STM32 CubeIDE/APP Data/STM32CubeIDE_2.0.0/STM32CubeIDE/plugins/com.st.stm32cube.ide.mcu.externaltools.gnu-tools-for-stm32.13.3.rel1.win32_1.0.100.202509120712/tools/bin/../lib/gcc/arm-none-eabi/13.3.1/../../../../arm-none-eabi/lib/thumb/v7-m/nofp\libsupc++_nano.a
END GROUP
LOAD A:/APPS/STM/STM32 CubeIDE/APP Data/STM32CubeIDE_2.0.0/STM32CubeIDE/plugins/com.st.stm32cube.ide.mcu.externaltools.gnu-tools-for-stm32.13.3.rel1.win32_1.0.100.202509120712/tools/bin/../lib/gcc/arm-none-eabi/13.3.1/../../../../arm-none-eabi/lib/thumb/v7-m/nofp\libstdc++_nano.a
LOAD A:/APPS/STM/STM32 CubeIDE/APP Data/STM32CubeIDE_2.0.0/STM32CubeIDE/plugins/com.st.stm32cube.ide.mcu.externaltools.gnu-tools-for-stm32.13.3.rel1.win32_1.0.100.202509120712/tools/bin/../lib/gcc/arm-none-eabi/13.3.1/../../../../arm-none-eabi/lib/thumb/v7-m/nofp\libm.a
LOAD A:/APPS/STM/STM32 CubeIDE/APP Data/STM32CubeIDE_2.0.0/STM32CubeIDE/plugins/com.st.stm32cube.ide.mcu.externaltools.gnu-tools-for-stm32.13.3.rel1.win32_1.0.100.202509120712/tools/bin/../lib/gcc/arm-none-eabi/13.3.1/../../../../arm-none-eabi/lib/thumb/v7-m/nofp\libc_nano.a
START GROUP
LOAD A:/APPS/STM/STM32 CubeIDE/APP Data/STM32CubeIDE_2.0.0/STM32CubeIDE/plugins/com.st.stm32cube.ide.mcu.externaltools.gnu-tools-for-stm32.13.3.rel1.win32_1.0.100.202509120712/tools/bin/../lib/gcc/arm-none-eabi/13.3.1/thumb/v7-m/nofp\libgcc.a
LOAD A:/APPS/STM/STM32 CubeIDE/APP Data/STM32CubeIDE_2.0.0/STM32CubeIDE/plugins/com.st.stm32cube.ide.mcu.externaltools.gnu-tools-for-stm32.13.3.rel1.win32_1.0.100.202509120712/tools/bin/../lib/gcc/arm-none-eabi/13.3.1/../../../../arm-none-eabi/lib/thumb/v7-m/nofp\libc_nano.a
END GROUP
START GROUP
LOAD A:/APPS/STM/STM32 CubeIDE/APP Data/STM32CubeIDE_2.0.0/STM32CubeIDE/plugins/com.st.stm32cube.ide.mcu.externaltools.gnu-tools-for-stm32.13.3.rel1.win32_1.0.100.202509120712/tools/bin/../lib/gcc/arm-none-eabi/13.3.1/thumb/v7-m/nofp\libgcc.a
LOAD A:/APPS/STM/STM32 CubeIDE/APP Data/STM32CubeIDE_2.0.0/STM32CubeIDE/plugins/com.st.stm32cube.ide.mcu.externaltools.gnu-tools-for-stm32.13.3.rel1.win32_1.0.100.202509120712/tools/bin/../lib/gcc/arm-none-eabi/13.3.1/../../../../arm-none-eabi/lib/thumb/v7-m/nofp\libc_nano.a
END GROUP
LOAD A:/APPS/STM/STM32 CubeIDE/APP Data/STM32CubeIDE_2.0.0/STM32CubeIDE/plugins/com.st.stm32cube.ide.mcu.externaltools.gnu-tools-for-stm32.13.3.rel1.win32_1.0.100.202509120712/tools/bin/../lib/gcc/arm-none-eabi/13.3.1/thumb/v7-m/nofp/crtend.o
LOAD A:/APPS/STM/STM32 CubeIDE/APP Data/STM32CubeIDE_2.0.0/STM32CubeIDE/plugins/com.st.stm32cube.ide.mcu.externaltools.gnu-tools-for-stm32.13.3.rel1.win32_1.0.100.202509120712/tools/bin/../lib/gcc/arm-none-eabi/13.3.1/thumb/v7-m/nofp/crtn.o
                0x20005000                        _estack = (ORIGIN (RAM) + LENGTH (RAM))
                0x00000200                        _Min_Heap_Size = 0x200
                0x00000400                        _Min_Stack_Size = 0x400

.isr_vector     0x08000000      0x10c
                0x08000000                        . = ALIGN (0x4)
 *(.isr_vector)
 .isr_vector    0x08000000      0x10c ./Core/Startup/startup_stm32f103rbtx.o
                0x08000000                g_pfnVectors
                0x0800010c                        . = ALIGN (0x4)

.text           0x08000110     0xd648
                0x08000110                        . = ALIGN (0x4)
 *(.text)
 .text          0x08000110       0x40 A:/APPS/STM/STM32 CubeIDE/APP Data/STM32CubeIDE_2.0.0/STM32CubeIDE/plugins/com.st.stm32cube.ide.mcu.externaltools.gnu-tools-for-stm32.13.3.rel1.win32_1.0.100.202509120712/tools/bin/../lib/gcc/arm-none-eabi/13.3.1/thumb/v7-m/nofp/crtbegin.o
 .text          0x08000150       0x14 A:/APPS/STM/STM32 CubeIDE/APP Data/STM32CubeIDE_2.0.0/STM32CubeIDE/plugins/com.st.stm32cube.ide.mcu.externaltools.gnu-tools-for-stm32.13.3.rel1.win32_1.0.100.202509120712/tools/bin/../lib/gcc/arm-none-eabi/13.3.1/../../../../arm-none-eabi/lib/thumb/v7-m/nofp\libc_nano.a(libc_a-strcmp.o)
                0x08000150                strcmp
 .text          0x08000164       0x10 A:/APPS/STM/STM32 CubeIDE/APP Data/STM32CubeIDE_2.0.0/STM32CubeIDE/plugins/com.st.stm32cube.ide.mcu.externaltools.gnu-tools-for-stm32.13.3.rel1.win32_1.0.100.202509120712/tools/bin/../lib/gcc/arm-none-eabi/13.3.1/../../../../arm-none-eabi/lib/thumb/v7-m/nofp\libc_nano.a(libc_a-strlen.o)
                0x08000164                strlen
 .text          0x08000174      0x378 A:/APPS/STM/STM32 CubeIDE/APP Data/STM32CubeIDE_2.0.0/STM32CubeIDE/plugins/com.st.stm32cube.ide.mcu.externaltools.gnu-tools-for-stm32.13.3.rel1.win32_1.0.100.202509120712/tools/bin/../lib/gcc/arm-none-eabi/13.3.1/thumb/v7-m/nofp\libgcc.a(_arm_addsubdf3.o)
                0x08000174                __aeabi_drsub
                0x0800017c                __aeabi_dsub
                0x0800017c                __subdf3
                0x08000180                __aeabi_dadd
                0x08000180                __adddf3
                0x080003f8                __floatunsidf
                0x080003f8                __aeabi_ui2d
                0x08000418                __floatsidf
                0x08000418                __aeabi_i2d
                0x0800043c                __aeabi_f2d
                0x0800043c                __extendsfdf2
                0x08000480                __floatundidf
                0x08000480                __aeabi_ul2d
                0x08000490                __floatdidf
                0x08000490                __aeabi_l2d
 .text          0x080004ec      0x424 A:/APPS/STM/STM32 CubeIDE/APP Data/STM32CubeIDE_2.0.0/STM32CubeIDE/plugins/com.st.stm32cube.ide.mcu.externaltools.gnu-tools-for-stm32.13.3.rel1.win32_1.0.100.202509120712/tools/bin/../lib/gcc/arm-none-eabi/13.3.1/thumb/v7-m/nofp\libgcc.a(_arm_muldivdf3.o)
                0x080004ec                __aeabi_dmul
                0x080004ec                __muldf3
                0x08000740                __divdf3
                0x08000740                __aeabi_ddiv
 .text          0x08000910      0x110 A:/APPS/STM/STM32 CubeIDE/APP Data/STM32CubeIDE_2.0.0/STM32CubeIDE/plugins/com.st.stm32cube.ide.mcu.externaltools.gnu-tools-for-stm32.13.3.rel1.win32_1.0.100.202509120712/tools/bin/../lib/gcc/arm-none-eabi/13.3.1/thumb/v7-m/nofp\libgcc.a(_arm_cmpdf2.o)
                0x08000910                __gtdf2
                0x08000910                __gedf2
                0x08000918                __ltdf2
                0x08000918                __ledf2
                0x08000920                __nedf2
                0x08000920                __eqdf2
                0x08000920                __cmpdf2
                0x0800099c                __aeabi_cdrcmple
                0x080009ac                __aeabi_cdcmpeq
                0x080009ac                __aeabi_cdcmple
                0x080009bc                __aeabi_dcmpeq
                0x080009d0                __aeabi_dcmplt
                0x080009e4                __aeabi_dcmple
                0x080009f8                __aeabi_dcmpge
                0x08000a0c                __aeabi_dcmpgt
 .text          0x08000a20       0x2c A:/APPS/STM/STM32 CubeIDE/APP Data/STM32CubeIDE_2.0.0/STM32CubeIDE/plugins/com.st.stm32cube.ide.mcu.externaltools.gnu-tools-for-stm32.13.3.rel1.win32_1.0.100.202509120712/tools/bin/../lib/gcc/arm-none-eabi/13.3.1/thumb/v7-m/nofp\libgcc.a(_arm_unorddf2.o)
                0x08000a20                __unorddf2
                0x08000a20                __aeabi_dcmpun
 .text          0x08000a4c       0x50 A:/APPS/STM/STM32 CubeIDE/APP Data/STM32CubeIDE_2.0.0/STM32CubeIDE/plugins/com.st.stm32cube.ide.mcu.externaltools.gnu-tools-for-stm32.13.3.rel1.win32_1.0.100.202509120712/tools/bin/../lib/gcc/arm-none-eabi/13.3.1/thumb/v7-m/nofp\libgcc.a(_arm_fixdfsi.o)
                0x08000a4c                __aeabi_d2iz
                0x08000a4c                __fixdfsi
 .text          0x08000a9c      0x21c A:/APPS/STM/STM32 CubeIDE/APP Data/STM32CubeIDE_2.0.0/STM32CubeIDE/plugins/com.st.stm32cube.ide.mcu.externaltools.gnu-tools-for-stm32.13.3.rel1.win32_1.0.100.202509120712/tools/bin/../lib/gcc/arm-none-eabi/13.3.1/thumb/v7-m/nofp\libgcc.a(_arm_addsubsf3.o)
                0x08000a9c                __aeabi_frsub
                0x08000aa4                __subsf3
                0x08000aa4                __aeabi_fsub
                0x08000aa8                __aeabi_fadd
                0x08000aa8                __addsf3
                0x08000c08                __aeabi_ui2f
                0x08000c08                __floatunsisf
                0x08000c10                __aeabi_i2f
                0x08000c10                __floatsisf
                0x08000c2c                __aeabi_ul2f
                0x08000c2c                __floatundisf
                0x08000c3c                __aeabi_l2f
                0x08000c3c                __floatdisf
 .text          0x08000cb8      0x2a0 A:/APPS/STM/STM32 CubeIDE/APP Data/STM32CubeIDE_2.0.0/STM32CubeIDE/plugins/com.st.stm32cube.ide.mcu.externaltools.gnu-tools-for-stm32.13.3.rel1.win32_1.0.100.202509120712/tools/bin/../lib/gcc/arm-none-eabi/13.3.1/thumb/v7-m/nofp\libgcc.a(_arm_muldivsf3.o)
                0x08000cb8                __mulsf3
                0x08000cb8                __aeabi_fmul
                0x08000e20                __aeabi_fdiv
                0x08000e20                __divsf3
 .text          0x08000f58       0xec A:/APPS/STM/STM32 CubeIDE/APP Data/STM32CubeIDE_2.0.0/STM32CubeIDE/plugins/com.st.stm32cube.ide.mcu.externaltools.gnu-tools-for-stm32.13.3.rel1.win32_1.0.100.202509120712/tools/bin/../lib/gcc/arm-none-eabi/13.3.1/thumb/v7-m/nofp\libgcc.a(_arm_cmpsf2.o)
                0x08000f58                __gesf2
                0x08000f58                __gtsf2
                0x08000f60                __lesf2
                0x08000f60                __ltsf2
                0x08000f68                __nesf2
                0x08000f68                __eqsf2
                0x08000f68                __cmpsf2
                0x08000fc8                __aeabi_cfrcmple
                0x08000fd0                __aeabi_cfcmpeq
                0x08000fd0                __aeabi_cfcmple
                0x08000fe0                __aeabi_fcmpeq
                0x08000ff4                __aeabi_fcmplt
                0x08001008                __aeabi_fcmple
                0x0800101c                __aeabi_fcmpge
                0x08001030                __aeabi_fcmpgt
 .text          0x08001044       0x40 A:/APPS/STM/STM32 CubeIDE/APP Data/STM32CubeIDE_2.0.0/STM32CubeIDE/plugins/com.st.stm32cube.ide.mcu.externaltools.gnu-tools-for-stm32.13.3.rel1.win32_1.0.100.202509120712/tools/bin/../lib/gcc/arm-none-eabi/13.3.1/thumb/v7-m/nofp\libgcc.a(_arm_fixunssfsi.o)
                0x08001044                __fixunssfsi
                0x08001044                __aeabi_f2uiz
 *(.text*)
 .text._ZN7DCMotorC2EP17TIM_HandleTypeDefmS1_mP12GPIO_TypeDeftS3_tS3_t
                0x08001084       0x66 ./Core/Src/DCMotor.o
                0x08001084                DCMotor::DCMotor(TIM_HandleTypeDef*, unsigned long, TIM_HandleTypeDef*, unsigned long, GPIO_TypeDef*, unsigned short, GPIO_TypeDef*, unsigned short, GPIO_TypeDef*, unsigned short)
                0x08001084                DCMotor::DCMotor(TIM_HandleTypeDef*, unsigned long, TIM_HandleTypeDef*, unsigned long, GPIO_TypeDef*, unsigned short, GPIO_TypeDef*, unsigned short, GPIO_TypeDef*, unsigned short)
 .text._ZN7DCMotor4InitEv
                0x080010ea       0x16 ./Core/Src/DCMotor.o
                0x080010ea                DCMotor::Init()
 .text._ZN7DCMotor6EnableEv
                0x08001100       0x20 ./Core/Src/DCMotor.o
                0x08001100                DCMotor::Enable()
 .text._ZN7DCMotor7DisableEv
                0x08001120       0x20 ./Core/Src/DCMotor.o
                0x08001120                DCMotor::Disable()
 .text._ZN7DCMotor15SetSpeedForwardEt
                0x08001140       0x5c ./Core/Src/DCMotor.o
                0x08001140                DCMotor::SetSpeedForward(unsigned short)
 .text._ZN7DCMotor15SetSpeedReverseEt
                0x0800119c       0x5c ./Core/Src/DCMotor.o
                0x0800119c                DCMotor::SetSpeedReverse(unsigned short)
 .text._ZN7DCMotor11MoveForwardEt
                0x080011f8       0x54 ./Core/Src/DCMotor.o
                0x080011f8                DCMotor::MoveForward(unsigned short)
 .text._ZN7DCMotor11MoveReverseEt
                0x0800124c       0x54 ./Core/Src/DCMotor.o
                0x0800124c                DCMotor::MoveReverse(unsigned short)
 .text._ZN7DCMotor8MoveHomeEt
                0x080012a0       0x26 ./Core/Src/DCMotor.o
                0x080012a0                DCMotor::MoveHome(unsigned short)
 .text._ZN7DCMotor7MoveEndEt
                0x080012c6       0x26 ./Core/Src/DCMotor.o
                0x080012c6                DCMotor::MoveEnd(unsigned short)
 .text._ZN7DCMotor4StopEv
                0x080012ec       0x46 ./Core/Src/DCMotor.o
                0x080012ec                DCMotor::Stop()
 .text._ZN7DCMotor4passEv
                0x08001332       0x16 ./Core/Src/DCMotor.o
                0x08001332                DCMotor::pass()
 .text._ZN7DCMotor6resumeEv
                0x08001348       0x16 ./Core/Src/DCMotor.o
                0x08001348                DCMotor::resume()
 .text._ZN7DCMotor9IsRunningEv
                0x0800135e       0x1a ./Core/Src/DCMotor.o
                0x0800135e                DCMotor::IsRunning()
 .text._ZN7DCMotor10HandleExtiEt
                0x08001378       0x48 ./Core/Src/DCMotor.o
                0x08001378                DCMotor::HandleExti(unsigned short)
 .text._ZN7DCMotor11HandleExtioEv
                0x080013c0       0x70 ./Core/Src/DCMotor.o
                0x080013c0                DCMotor::HandleExtio()
 .text._ZN7DWIN_UIC2Ev
                0x08001430       0x98 ./Core/Src/DWIN_UI.o
                0x08001430                DWIN_UI::DWIN_UI()
                0x08001430                DWIN_UI::DWIN_UI()
 .text._ZN7DWIN_UI16handlePageSwitchENS_2VPEt
                0x080014c8     0x1208 ./Core/Src/DWIN_UI.o
                0x080014c8                DWIN_UI::handlePageSwitch(DWIN_UI::VP, unsigned short)
 .text._ZN7DWIN_UI11controllhubEt
                0x080026d0       0xd8 ./Core/Src/DWIN_UI.o
                0x080026d0                DWIN_UI::controllhub(unsigned short)
 .text._ZN7DWIN_UI10wakeSystemEv
                0x080027a8       0x18 ./Core/Src/DWIN_UI.o
                0x080027a8                DWIN_UI::wakeSystem()
 .text._ZN7DWIN_UI9SleepModeEv
                0x080027c0       0x24 ./Core/Src/DWIN_UI.o
                0x080027c0                DWIN_UI::SleepMode()
 .text._ZN7DWIN_UI10LodingPageEv
                0x080027e4       0x24 ./Core/Src/DWIN_UI.o
                0x080027e4                DWIN_UI::LodingPage()
 .text._ZN7DWIN_UI9RTC_EnterEt
                0x08002808       0x28 ./Core/Src/DWIN_UI.o
                0x08002808                DWIN_UI::RTC_Enter(unsigned short)
 .text._ZN7DWIN_UI9Mode_PageEt
                0x08002830       0xac ./Core/Src/DWIN_UI.o
                0x08002830                DWIN_UI::Mode_Page(unsigned short)
 .text._ZN7DWIN_UI14gyno_Home_PageEt
                0x080028dc       0x60 ./Core/Src/DWIN_UI.o
                0x080028dc                DWIN_UI::gyno_Home_Page(unsigned short)
 .text._ZN7DWIN_UI26gyno_process_on_Going_PageEt
                0x0800293c       0x30 ./Core/Src/DWIN_UI.o
                0x0800293c                DWIN_UI::gyno_process_on_Going_Page(unsigned short)
 .text._ZN7DWIN_UI14gyno_stop_PageEt
                0x0800296c       0x44 ./Core/Src/DWIN_UI.o
                0x0800296c                DWIN_UI::gyno_stop_Page(unsigned short)
 .text._ZN7DWIN_UI19gyno_selection_PageEt
                0x080029b0       0x64 ./Core/Src/DWIN_UI.o
                0x080029b0                DWIN_UI::gyno_selection_Page(unsigned short)
 .text._ZN7DWIN_UI18gyno_settings_PageEt
                0x08002a14      0x1b0 ./Core/Src/DWIN_UI.o
                0x08002a14                DWIN_UI::gyno_settings_Page(unsigned short)
 .text._ZN7DWIN_UI21Fine_Needle_Home_PageEt
                0x08002bc4       0x64 ./Core/Src/DWIN_UI.o
                0x08002bc4                DWIN_UI::Fine_Needle_Home_Page(unsigned short)
 .text._ZN7DWIN_UI33Fine_Needle_process_on_Going_PageEt
                0x08002c28       0x30 ./Core/Src/DWIN_UI.o
                0x08002c28                DWIN_UI::Fine_Needle_process_on_Going_Page(unsigned short)
 .text._ZN7DWIN_UI21Fine_Needle_stop_PageEt
                0x08002c58       0x44 ./Core/Src/DWIN_UI.o
                0x08002c58                DWIN_UI::Fine_Needle_stop_Page(unsigned short)
 .text._ZN7DWIN_UI26Fine_Needle_selection_PageEt
                0x08002c9c       0x64 ./Core/Src/DWIN_UI.o
                0x08002c9c                DWIN_UI::Fine_Needle_selection_Page(unsigned short)
 .text._ZN7DWIN_UI25Fine_Needle_settings_PageEt
                0x08002d00      0x1b0 ./Core/Src/DWIN_UI.o
                0x08002d00                DWIN_UI::Fine_Needle_settings_Page(unsigned short)
 .text._ZN7DWIN_UI16Mucoid_Home_PageEt
                0x08002eb0       0x64 ./Core/Src/DWIN_UI.o
                0x08002eb0                DWIN_UI::Mucoid_Home_Page(unsigned short)
 .text._ZN7DWIN_UI28Mucoid_process_on_Going_PageEt
                0x08002f14       0x30 ./Core/Src/DWIN_UI.o
                0x08002f14                DWIN_UI::Mucoid_process_on_Going_Page(unsigned short)
 .text._ZN7DWIN_UI16Mucoid_stop_PageEt
                0x08002f44       0x44 ./Core/Src/DWIN_UI.o
                0x08002f44                DWIN_UI::Mucoid_stop_Page(unsigned short)
 .text._ZN7DWIN_UI21Mucoid_selection_PageEt
                0x08002f88       0x64 ./Core/Src/DWIN_UI.o
                0x08002f88                DWIN_UI::Mucoid_selection_Page(unsigned short)
 .text._ZN7DWIN_UI20Mucoid_settings_PageEt
                0x08002fec      0x1b0 ./Core/Src/DWIN_UI.o
                0x08002fec                DWIN_UI::Mucoid_settings_Page(unsigned short)
 .text._ZN7DWIN_UI15fluid_Home_PageEt
                0x0800319c       0x64 ./Core/Src/DWIN_UI.o
                0x0800319c                DWIN_UI::fluid_Home_Page(unsigned short)
 .text._ZN7DWIN_UI27fluid_process_on_Going_PageEt
                0x08003200       0x30 ./Core/Src/DWIN_UI.o
                0x08003200                DWIN_UI::fluid_process_on_Going_Page(unsigned short)
 .text._ZN7DWIN_UI15fluid_stop_PageEt
                0x08003230       0x44 ./Core/Src/DWIN_UI.o
                0x08003230                DWIN_UI::fluid_stop_Page(unsigned short)
 .text._ZN7DWIN_UI20fluid_selection_PageEt
                0x08003274       0x64 ./Core/Src/DWIN_UI.o
                0x08003274                DWIN_UI::fluid_selection_Page(unsigned short)
 .text._ZN7DWIN_UI19fluid_settings_PageEt
                0x080032d8      0x1b0 ./Core/Src/DWIN_UI.o
                0x080032d8                DWIN_UI::fluid_settings_Page(unsigned short)
 .text._ZN7DWIN_UI13ECT_Home_PageEt
                0x08003488       0x64 ./Core/Src/DWIN_UI.o
                0x08003488                DWIN_UI::ECT_Home_Page(unsigned short)
 .text._ZN7DWIN_UI25ECT_process_on_Going_PageEt
                0x080034ec       0x30 ./Core/Src/DWIN_UI.o
                0x080034ec                DWIN_UI::ECT_process_on_Going_Page(unsigned short)
 .text._ZN7DWIN_UI13ECT_stop_PageEt
                0x0800351c       0x44 ./Core/Src/DWIN_UI.o
                0x0800351c                DWIN_UI::ECT_stop_Page(unsigned short)
 .text._ZN7DWIN_UI18ECT_selection_PageEt
                0x08003560       0x64 ./Core/Src/DWIN_UI.o
                0x08003560                DWIN_UI::ECT_selection_Page(unsigned short)
 .text._ZN7DWIN_UI17ECT_settings_PageEt
                0x080035c4      0x1b0 ./Core/Src/DWIN_UI.o
                0x080035c4                DWIN_UI::ECT_settings_Page(unsigned short)
 .text._ZN7DWIN_UI21superficial_Home_PageEt
                0x08003774       0x64 ./Core/Src/DWIN_UI.o
                0x08003774                DWIN_UI::superficial_Home_Page(unsigned short)
 .text._ZN7DWIN_UI33superficial_process_on_Going_PageEt
                0x080037d8       0x30 ./Core/Src/DWIN_UI.o
                0x080037d8                DWIN_UI::superficial_process_on_Going_Page(unsigned short)
 .text._ZN7DWIN_UI21superficial_stop_PageEt
                0x08003808       0x44 ./Core/Src/DWIN_UI.o
                0x08003808                DWIN_UI::superficial_stop_Page(unsigned short)
 .text._ZN7DWIN_UI26superficial_selection_PageEt
                0x0800384c       0x64 ./Core/Src/DWIN_UI.o
                0x0800384c                DWIN_UI::superficial_selection_Page(unsigned short)
 .text._ZN7DWIN_UI25superficial_settings_PageEt
                0x080038b0      0x1b0 ./Core/Src/DWIN_UI.o
                0x080038b0                DWIN_UI::superficial_settings_Page(unsigned short)
 .text._ZN7DWIN_UI10homeTrigerEv
                0x08003a60       0x40 ./Core/Src/DWIN_UI.o
                0x08003a60                DWIN_UI::homeTriger()
 .text._ZN7DWIN_UI4Psw_Et
                0x08003aa0      0x150 ./Core/Src/DWIN_UI.o
                0x08003aa0                DWIN_UI::Psw_(unsigned short)
 .text._ZN7DWIN_UI16Psw_enter_buttonEv
                0x08003bf0      0x6d4 ./Core/Src/DWIN_UI.o
                0x08003bf0                DWIN_UI::Psw_enter_button()
 .text._ZN7DWIN_UI15Psw_back_buttonEv
                0x080042c4       0x40 ./Core/Src/DWIN_UI.o
                0x080042c4                DWIN_UI::Psw_back_button()
 .text._ZN7DWIN_UI10pageSwitchEh
                0x08004304       0x94 ./Core/Src/DWIN_UI.o
                0x08004304                DWIN_UI::pageSwitch(unsigned char)
 .text._ZN7DWIN_UI15sendValueToDwinEtt
                0x08004398       0x6c ./Core/Src/DWIN_UI.o
                0x08004398                DWIN_UI::sendValueToDwin(unsigned short, unsigned short)
 .text._ZN7DWIN_UI16sendStringToDwinEtPKc
                0x08004404       0x88 ./Core/Src/DWIN_UI.o
                0x08004404                DWIN_UI::sendStringToDwin(unsigned short, char const*)
 .text._ZN7DWIN_UI25sendCurrentDateTimeToDwinEv
                0x0800448c       0x84 ./Core/Src/DWIN_UI.o
                0x0800448c                DWIN_UI::sendCurrentDateTimeToDwin()
 .text._ZN7StepperC2EP17TIM_HandleTypeDefmP12GPIO_TypeDeftS3_tS3_tS3_t
                0x08004510       0x6e ./Core/Src/Stepper.o
                0x08004510                Stepper::Stepper(TIM_HandleTypeDef*, unsigned long, GPIO_TypeDef*, unsigned short, GPIO_TypeDef*, unsigned short, GPIO_TypeDef*, unsigned short, GPIO_TypeDef*, unsigned short)
                0x08004510                Stepper::Stepper(TIM_HandleTypeDef*, unsigned long, GPIO_TypeDef*, unsigned short, GPIO_TypeDef*, unsigned short, GPIO_TypeDef*, unsigned short, GPIO_TypeDef*, unsigned short)
 .text._ZN7Stepper4InitEtm
                0x0800457e       0x24 ./Core/Src/Stepper.o
                0x0800457e                Stepper::Init(unsigned short, unsigned long)
 .text._ZN7Stepper6EnableEv
                0x080045a2       0x20 ./Core/Src/Stepper.o
                0x080045a2                Stepper::Enable()
 .text._ZN7Stepper7DisableEv
                0x080045c2       0x20 ./Core/Src/Stepper.o
                0x080045c2                Stepper::Disable()
 *fill*         0x080045e2        0x2 
 .text._ZN7Stepper8SetSpeedEf
                0x080045e4       0xfc ./Core/Src/Stepper.o
                0x080045e4                Stepper::SetSpeed(float)
 .text._ZN7Stepper11MoveForwardEmm
                0x080046e0       0x74 ./Core/Src/Stepper.o
                0x080046e0                Stepper::MoveForward(unsigned long, unsigned long)
 .text._ZN7Stepper8MoveHomeEm
                0x08004754       0x60 ./Core/Src/Stepper.o
                0x08004754                Stepper::MoveHome(unsigned long)
 .text._ZN7Stepper7MoveEndEm
                0x080047b4       0x60 ./Core/Src/Stepper.o
                0x080047b4                Stepper::MoveEnd(unsigned long)
 .text._ZN7Stepper4StopEv
                0x08004814       0x36 ./Core/Src/Stepper.o
                0x08004814                Stepper::Stop()
 .text._ZN7Stepper4passEv
                0x0800484a       0x26 ./Core/Src/Stepper.o
                0x0800484a                Stepper::pass()
 .text._ZN7Stepper6resumeEv
                0x08004870       0x26 ./Core/Src/Stepper.o
                0x08004870                Stepper::resume()
 .text._ZN7Stepper11HandlePulseEv
                0x08004896       0x40 ./Core/Src/Stepper.o
                0x08004896                Stepper::HandlePulse()
 .text._ZN7Stepper10HandleExtiEt
                0x080048d6       0x48 ./Core/Src/Stepper.o
                0x080048d6                Stepper::HandleExti(unsigned short)
 .text._ZN7Stepper11HandleExtioEv
                0x0800491e       0x70 ./Core/Src/Stepper.o
                0x0800491e                Stepper::HandleExtio()
 .text._ZN7Stepper6IsDoneEv
                0x0800498e       0x1a ./Core/Src/Stepper.o
                0x0800498e                Stepper::IsDone()
 .text._ZN16SystemControllerC2EP7StepperP7DCMotorP10VacuumPump
                0x080049a8       0x34 ./Core/Src/SystemController.o
                0x080049a8                SystemController::SystemController(Stepper*, DCMotor*, VacuumPump*)
                0x080049a8                SystemController::SystemController(Stepper*, DCMotor*, VacuumPump*)
 .text._ZN16SystemController4InitEv
                0x080049dc       0x18 ./Core/Src/SystemController.o
                0x080049dc                SystemController::Init()
 .text._ZN16SystemController5StartEv
                0x080049f4       0x28 ./Core/Src/SystemController.o
                0x080049f4                SystemController::Start()
 .text._ZN16SystemController5PauseEv
                0x08004a1c       0x54 ./Core/Src/SystemController.o
                0x08004a1c                SystemController::Pause()
 .text._ZN16SystemController6ResumeEv
                0x08004a70       0x48 ./Core/Src/SystemController.o
                0x08004a70                SystemController::Resume()
 .text._ZN16SystemController5ResetEv
                0x08004ab8       0x18 ./Core/Src/SystemController.o
                0x08004ab8                SystemController::Reset()
 .text._ZN16SystemController6UpdateEv
                0x08004ad0      0x3e0 ./Core/Src/SystemController.o
                0x08004ad0                SystemController::Update()
 .text._ZN10VacuumPumpC2EP17TIM_HandleTypeDefm
                0x08004eb0       0x30 ./Core/Src/VacuumPump.o
                0x08004eb0                VacuumPump::VacuumPump(TIM_HandleTypeDef*, unsigned long)
                0x08004eb0                VacuumPump::VacuumPump(TIM_HandleTypeDef*, unsigned long)
 .text._ZN10VacuumPump4InitEv
                0x08004ee0       0x28 ./Core/Src/VacuumPump.o
                0x08004ee0                VacuumPump::Init()
 .text._ZN10VacuumPump3mapEmmmmm
                0x08004f08       0x4e ./Core/Src/VacuumPump.o
                0x08004f08                VacuumPump::map(unsigned long, unsigned long, unsigned long, unsigned long, unsigned long)
 *fill*         0x08004f56        0x2 
 .text._ZN10VacuumPump5StartEh
                0x08004f58       0xc0 ./Core/Src/VacuumPump.o
                0x08004f58                VacuumPump::Start(unsigned char)
 .text._ZN10VacuumPump10StartTimedEhm
                0x08005018       0x36 ./Core/Src/VacuumPump.o
                0x08005018                VacuumPump::StartTimed(unsigned char, unsigned long)
 *fill*         0x0800504e        0x2 
 .text._ZN10VacuumPump4StopEv
                0x08005050       0x9c ./Core/Src/VacuumPump.o
                0x08005050                VacuumPump::Stop()
 .text._ZN10VacuumPump4passEv
                0x080050ec       0xa8 ./Core/Src/VacuumPump.o
                0x080050ec                VacuumPump::pass()
 .text._ZN10VacuumPump6resumeEv
                0x08005194       0x9a ./Core/Src/VacuumPump.o
                0x08005194                VacuumPump::resume()
 .text._ZN10VacuumPump9IsRunningEv
                0x0800522e       0x56 ./Core/Src/VacuumPump.o
                0x0800522e                VacuumPump::IsRunning()
 .text._ZN6eeprom12EEPROM_WriteEtPht
                0x08005284       0xac ./Core/Src/eeprom.o
                0x08005284                eeprom::EEPROM_Write(unsigned short, unsigned char*, unsigned short)
 .text._ZN6eeprom11EEPROM_ReadEtPht
                0x08005330       0xac ./Core/Src/eeprom.o
                0x08005330                eeprom::EEPROM_Read(unsigned short, unsigned char*, unsigned short)
 .text.MX_GPIO_Init
                0x080053dc      0x19c ./Core/Src/gpio.o
                0x080053dc                MX_GPIO_Init
 .text.MX_I2C1_Init
                0x08005578       0x5c ./Core/Src/i2c.o
                0x08005578                MX_I2C1_Init
 .text.HAL_I2C_MspInit
                0x080055d4       0x7c ./Core/Src/i2c.o
                0x080055d4                HAL_I2C_MspInit
 .text.main     0x08005650       0x44 ./Core/Src/main.o
                0x08005650                main
 .text._Z18SystemClock_Configv
                0x08005694       0x9e ./Core/Src/main.o
                0x08005694                SystemClock_Config()
 .text.Error_Handler
                0x08005732        0xc ./Core/Src/main.o
                0x08005732                Error_Handler
 *fill*         0x0800573e        0x2 
 .text.HAL_MspInit
                0x08005740       0x64 ./Core/Src/stm32f1xx_hal_msp.o
                0x08005740                HAL_MspInit
 .text.NMI_Handler
                0x080057a4        0x8 ./Core/Src/stm32f1xx_it.o
                0x080057a4                NMI_Handler
 .text.HardFault_Handler
                0x080057ac        0x8 ./Core/Src/stm32f1xx_it.o
                0x080057ac                HardFault_Handler
 .text.MemManage_Handler
                0x080057b4        0x8 ./Core/Src/stm32f1xx_it.o
                0x080057b4                MemManage_Handler
 .text.BusFault_Handler
                0x080057bc        0x8 ./Core/Src/stm32f1xx_it.o
                0x080057bc                BusFault_Handler
 .text.UsageFault_Handler
                0x080057c4        0x8 ./Core/Src/stm32f1xx_it.o
                0x080057c4                UsageFault_Handler
 .text.SVC_Handler
                0x080057cc        0xc ./Core/Src/stm32f1xx_it.o
                0x080057cc                SVC_Handler
 .text.DebugMon_Handler
                0x080057d8        0xc ./Core/Src/stm32f1xx_it.o
                0x080057d8                DebugMon_Handler
 .text.PendSV_Handler
                0x080057e4        0xc ./Core/Src/stm32f1xx_it.o
                0x080057e4                PendSV_Handler
 .text.SysTick_Handler
                0x080057f0        0xc ./Core/Src/stm32f1xx_it.o
                0x080057f0                SysTick_Handler
 .text.EXTI0_IRQHandler
                0x080057fc        0xe ./Core/Src/stm32f1xx_it.o
                0x080057fc                EXTI0_IRQHandler
 .text.EXTI1_IRQHandler
                0x0800580a        0xe ./Core/Src/stm32f1xx_it.o
                0x0800580a                EXTI1_IRQHandler
 .text.EXTI2_IRQHandler
                0x08005818        0xe ./Core/Src/stm32f1xx_it.o
                0x08005818                EXTI2_IRQHandler
 .text.EXTI3_IRQHandler
                0x08005826        0xe ./Core/Src/stm32f1xx_it.o
                0x08005826                EXTI3_IRQHandler
 .text.TIM2_IRQHandler
                0x08005834       0x14 ./Core/Src/stm32f1xx_it.o
                0x08005834                TIM2_IRQHandler
 .text.USART3_IRQHandler
                0x08005848       0x14 ./Core/Src/stm32f1xx_it.o
                0x08005848                USART3_IRQHandler
 .text._getpid  0x0800585c        0xe ./Core/Src/syscalls.o
                0x0800585c                _getpid
 .text._kill    0x0800586a       0x20 ./Core/Src/syscalls.o
                0x0800586a                _kill
 .text._exit    0x0800588a       0x16 ./Core/Src/syscalls.o
                0x0800588a                _exit
 .text._read    0x080058a0       0x3a ./Core/Src/syscalls.o
                0x080058a0                _read
 .text._write   0x080058da       0x38 ./Core/Src/syscalls.o
                0x080058da                _write
 .text._close   0x08005912       0x16 ./Core/Src/syscalls.o
                0x08005912                _close
 .text._fstat   0x08005928       0x1e ./Core/Src/syscalls.o
                0x08005928                _fstat
 .text._isatty  0x08005946       0x14 ./Core/Src/syscalls.o
                0x08005946                _isatty
 .text._lseek   0x0800595a       0x18 ./Core/Src/syscalls.o
                0x0800595a                _lseek
 .text._ZN7SysMainC2Ev
                0x08005972       0x1a ./Core/Src/sysmain.o
                0x08005972                SysMain::SysMain()
                0x08005972                SysMain::SysMain()
 .text._ZN7SysMain10SystemInitEv
                0x0800598c      0x150 ./Core/Src/sysmain.o
                0x0800598c                SysMain::SystemInit()
 .text._ZN7SysMain13SystemProcessEv
                0x08005adc      0x418 ./Core/Src/sysmain.o
                0x08005adc                SysMain::SystemProcess()
 .text._ZN7SysMain8mapFloatEfffff
                0x08005ef4       0x8c ./Core/Src/sysmain.o
                0x08005ef4                SysMain::mapFloat(float, float, float, float, float)
 .text._ZN7SysMain28calculate_step_pulses_for_mmEf
                0x08005f80       0x54 ./Core/Src/sysmain.o
                0x08005f80                SysMain::calculate_step_pulses_for_mm(float)
 .text.HAL_TIM_PWM_PulseFinishedCallback
                0x08005fd4       0x1c ./Core/Src/sysmain.o
                0x08005fd4                HAL_TIM_PWM_PulseFinishedCallback
 .text.HAL_GPIO_EXTI_Callback
                0x08005ff0       0x30 ./Core/Src/sysmain.o
                0x08005ff0                HAL_GPIO_EXTI_Callback
 .text.HAL_UART_RxCpltCallback
                0x08006020       0x4c ./Core/Src/sysmain.o
                0x08006020                HAL_UART_RxCpltCallback
 .text._Z41__static_initialization_and_destruction_0v
                0x0800606c       0xa8 ./Core/Src/sysmain.o
 .text._GLOBAL__sub_I_sysMain
                0x08006114        0xa ./Core/Src/sysmain.o
 *fill*         0x0800611e        0x2 
 .text._sbrk    0x08006120       0x6c ./Core/Src/sysmem.o
                0x08006120                _sbrk
 .text.SystemInit
                0x0800618c        0xc ./Core/Src/system_stm32f1xx.o
                0x0800618c                SystemInit
 .text.MX_TIM1_Init
                0x08006198      0x144 ./Core/Src/tim.o
                0x08006198                MX_TIM1_Init
 .text.MX_TIM2_Init
                0x080062dc       0xe8 ./Core/Src/tim.o
                0x080062dc                MX_TIM2_Init
 .text.MX_TIM3_Init
                0x080063c4      0x108 ./Core/Src/tim.o
                0x080063c4                MX_TIM3_Init
 .text.HAL_TIM_Base_MspInit
                0x080064cc       0x98 ./Core/Src/tim.o
                0x080064cc                HAL_TIM_Base_MspInit
 .text.HAL_TIM_MspPostInit
                0x08006564      0x134 ./Core/Src/tim.o
                0x08006564                HAL_TIM_MspPostInit
 .text.MX_USART3_UART_Init
                0x08006698       0x54 ./Core/Src/usart.o
                0x08006698                MX_USART3_UART_Init
 .text.HAL_UART_MspInit
                0x080066ec       0xa8 ./Core/Src/usart.o
                0x080066ec                HAL_UART_MspInit
 .text._ZN8XRtcHand8decToBcdEi
                0x08006794       0x4c ./Core/Src/xRtcHand.o
                0x08006794                XRtcHand::decToBcd(int)
 .text._ZN8XRtcHand8bcdToDecEh
                0x080067e0       0x30 ./Core/Src/xRtcHand.o
                0x080067e0                XRtcHand::bcdToDec(unsigned char)
 .text._ZN8XRtcHand15Set_Time_n_DateEhhhhhhh
                0x08006810       0xa8 ./Core/Src/xRtcHand.o
                0x08006810                XRtcHand::Set_Time_n_Date(unsigned char, unsigned char, unsigned char, unsigned char, unsigned char, unsigned char, unsigned char)
 .text._ZN8XRtcHand15Get_Time_n_DateEv
                0x080068b8       0xb0 ./Core/Src/xRtcHand.o
                0x080068b8                XRtcHand::Get_Time_n_Date()
 .text.Reset_Handler
                0x08006968       0x48 ./Core/Startup/startup_stm32f103rbtx.o
                0x08006968                Reset_Handler
 .text.Default_Handler
                0x080069b0        0x2 ./Core/Startup/startup_stm32f103rbtx.o
                0x080069b0                RTC_Alarm_IRQHandler
                0x080069b0                TIM1_CC_IRQHandler
                0x080069b0                PVD_IRQHandler
                0x080069b0                I2C2_EV_IRQHandler
                0x080069b0                ADC1_2_IRQHandler
                0x080069b0                SPI1_IRQHandler
                0x080069b0                TAMPER_IRQHandler
                0x080069b0                DMA1_Channel4_IRQHandler
                0x080069b0                RTC_IRQHandler
                0x080069b0                DMA1_Channel7_IRQHandler
                0x080069b0                CAN1_RX1_IRQHandler
                0x080069b0                TIM4_IRQHandler
                0x080069b0                I2C1_EV_IRQHandler
                0x080069b0                DMA1_Channel6_IRQHandler
                0x080069b0                TIM3_IRQHandler
                0x080069b0                RCC_IRQHandler
                0x080069b0                TIM1_TRG_COM_IRQHandler
                0x080069b0                DMA1_Channel1_IRQHandler
                0x080069b0                Default_Handler
                0x080069b0                EXTI15_10_IRQHandler
                0x080069b0                EXTI9_5_IRQHandler
                0x080069b0                SPI2_IRQHandler
                0x080069b0                DMA1_Channel5_IRQHandler
                0x080069b0                EXTI4_IRQHandler
                0x080069b0                USB_LP_CAN1_RX0_IRQHandler
                0x080069b0                USB_HP_CAN1_TX_IRQHandler
                0x080069b0                DMA1_Channel3_IRQHandler
                0x080069b0                TIM1_UP_IRQHandler
                0x080069b0                WWDG_IRQHandler
                0x080069b0                TIM1_BRK_IRQHandler
                0x080069b0                USART2_IRQHandler
                0x080069b0                I2C2_ER_IRQHandler
                0x080069b0                DMA1_Channel2_IRQHandler
                0x080069b0                CAN1_SCE_IRQHandler
                0x080069b0                FLASH_IRQHandler
                0x080069b0                USART1_IRQHandler
                0x080069b0                I2C1_ER_IRQHandler
                0x080069b0                USBWakeUp_IRQHandler
 *fill*         0x080069b2        0x2 
 .text.HAL_Init
                0x080069b4       0x2c ./Drivers/STM32F1xx_HAL_Driver/Src/stm32f1xx_hal.o
                0x080069b4                HAL_Init
 .text.HAL_InitTick
                0x080069e0       0x60 ./Drivers/STM32F1xx_HAL_Driver/Src/stm32f1xx_hal.o
                0x080069e0                HAL_InitTick
 .text.HAL_IncTick
                0x08006a40       0x24 ./Drivers/STM32F1xx_HAL_Driver/Src/stm32f1xx_hal.o
                0x08006a40                HAL_IncTick
 .text.HAL_GetTick
                0x08006a64       0x14 ./Drivers/STM32F1xx_HAL_Driver/Src/stm32f1xx_hal.o
                0x08006a64                HAL_GetTick
 .text.HAL_Delay
                0x08006a78       0x48 ./Drivers/STM32F1xx_HAL_Driver/Src/stm32f1xx_hal.o
                0x08006a78                HAL_Delay
 .text.__NVIC_SetPriorityGrouping
                0x08006ac0       0x48 ./Drivers/STM32F1xx_HAL_Driver/Src/stm32f1xx_hal_cortex.o
 .text.__NVIC_GetPriorityGrouping
                0x08006b08       0x1c ./Drivers/STM32F1xx_HAL_Driver/Src/stm32f1xx_hal_cortex.o
 .text.__NVIC_EnableIRQ
                0x08006b24       0x38 ./Drivers/STM32F1xx_HAL_Driver/Src/stm32f1xx_hal_cortex.o
 .text.__NVIC_SetPriority
                0x08006b5c       0x54 ./Drivers/STM32F1xx_HAL_Driver/Src/stm32f1xx_hal_cortex.o
 .text.NVIC_EncodePriority
                0x08006bb0       0x64 ./Drivers/STM32F1xx_HAL_Driver/Src/stm32f1xx_hal_cortex.o
 .text.SysTick_Config
                0x08006c14       0x44 ./Drivers/STM32F1xx_HAL_Driver/Src/stm32f1xx_hal_cortex.o
 .text.HAL_NVIC_SetPriorityGrouping
                0x08006c58       0x16 ./Drivers/STM32F1xx_HAL_Driver/Src/stm32f1xx_hal_cortex.o
                0x08006c58                HAL_NVIC_SetPriorityGrouping
 .text.HAL_NVIC_SetPriority
                0x08006c6e       0x38 ./Drivers/STM32F1xx_HAL_Driver/Src/stm32f1xx_hal_cortex.o
                0x08006c6e                HAL_NVIC_SetPriority
 .text.HAL_NVIC_EnableIRQ
                0x08006ca6       0x1c ./Drivers/STM32F1xx_HAL_Driver/Src/stm32f1xx_hal_cortex.o
                0x08006ca6                HAL_NVIC_EnableIRQ
 .text.HAL_SYSTICK_Config
                0x08006cc2       0x18 ./Drivers/STM32F1xx_HAL_Driver/Src/stm32f1xx_hal_cortex.o
                0x08006cc2                HAL_SYSTICK_Config
 .text.HAL_DMA_Abort
                0x08006cda       0x76 ./Drivers/STM32F1xx_HAL_Driver/Src/stm32f1xx_hal_dma.o
                0x08006cda                HAL_DMA_Abort
 .text.HAL_DMA_Abort_IT
                0x08006d50       0xf0 ./Drivers/STM32F1xx_HAL_Driver/Src/stm32f1xx_hal_dma.o
                0x08006d50                HAL_DMA_Abort_IT
 .text.HAL_GPIO_Init
                0x08006e40      0x308 ./Drivers/STM32F1xx_HAL_Driver/Src/stm32f1xx_hal_gpio.o
                0x08006e40                HAL_GPIO_Init
 .text.HAL_GPIO_ReadPin
                0x08007148       0x2e ./Drivers/STM32F1xx_HAL_Driver/Src/stm32f1xx_hal_gpio.o
                0x08007148                HAL_GPIO_ReadPin
 .text.HAL_GPIO_WritePin
                0x08007176       0x30 ./Drivers/STM32F1xx_HAL_Driver/Src/stm32f1xx_hal_gpio.o
                0x08007176                HAL_GPIO_WritePin
 *fill*         0x080071a6        0x2 
 .text.HAL_GPIO_EXTI_IRQHandler
                0x080071a8       0x30 ./Drivers/STM32F1xx_HAL_Driver/Src/stm32f1xx_hal_gpio.o
                0x080071a8                HAL_GPIO_EXTI_IRQHandler
 .text.HAL_I2C_Init
                0x080071d8      0x288 ./Drivers/STM32F1xx_HAL_Driver/Src/stm32f1xx_hal_i2c.o
                0x080071d8                HAL_I2C_Init
 .text.HAL_I2C_Mem_Write
                0x08007460      0x1f4 ./Drivers/STM32F1xx_HAL_Driver/Src/stm32f1xx_hal_i2c.o
                0x08007460                HAL_I2C_Mem_Write
 .text.HAL_I2C_Mem_Read
                0x08007654      0x4e8 ./Drivers/STM32F1xx_HAL_Driver/Src/stm32f1xx_hal_i2c.o
                0x08007654                HAL_I2C_Mem_Read
 .text.I2C_RequestMemoryWrite
                0x08007b3c      0x12c ./Drivers/STM32F1xx_HAL_Driver/Src/stm32f1xx_hal_i2c.o
 .text.I2C_RequestMemoryRead
                0x08007c68      0x1d0 ./Drivers/STM32F1xx_HAL_Driver/Src/stm32f1xx_hal_i2c.o
 .text.I2C_WaitOnFlagUntilTimeout
                0x08007e38       0xf4 ./Drivers/STM32F1xx_HAL_Driver/Src/stm32f1xx_hal_i2c.o
 .text.I2C_WaitOnMasterAddressFlagUntilTimeout
                0x08007f2c      0x140 ./Drivers/STM32F1xx_HAL_Driver/Src/stm32f1xx_hal_i2c.o
 .text.I2C_WaitOnTXEFlagUntilTimeout
                0x0800806c       0x90 ./Drivers/STM32F1xx_HAL_Driver/Src/stm32f1xx_hal_i2c.o
 .text.I2C_WaitOnBTFFlagUntilTimeout
                0x080080fc       0x90 ./Drivers/STM32F1xx_HAL_Driver/Src/stm32f1xx_hal_i2c.o
 .text.I2C_WaitOnRXNEFlagUntilTimeout
                0x0800818c       0xba ./Drivers/STM32F1xx_HAL_Driver/Src/stm32f1xx_hal_i2c.o
 .text.I2C_IsAcknowledgeFailed
                0x08008246       0x5c ./Drivers/STM32F1xx_HAL_Driver/Src/stm32f1xx_hal_i2c.o
 *fill*         0x080082a2        0x2 
 .text.HAL_RCC_OscConfig
                0x080082a4      0x504 ./Drivers/STM32F1xx_HAL_Driver/Src/stm32f1xx_hal_rcc.o
                0x080082a4                HAL_RCC_OscConfig
 .text.HAL_RCC_ClockConfig
                0x080087a8      0x1d4 ./Drivers/STM32F1xx_HAL_Driver/Src/stm32f1xx_hal_rcc.o
                0x080087a8                HAL_RCC_ClockConfig
 .text.HAL_RCC_GetSysClockFreq
                0x0800897c       0xa8 ./Drivers/STM32F1xx_HAL_Driver/Src/stm32f1xx_hal_rcc.o
                0x0800897c                HAL_RCC_GetSysClockFreq
 .text.HAL_RCC_GetHCLKFreq
                0x08008a24       0x14 ./Drivers/STM32F1xx_HAL_Driver/Src/stm32f1xx_hal_rcc.o
                0x08008a24                HAL_RCC_GetHCLKFreq
 .text.HAL_RCC_GetPCLK1Freq
                0x08008a38       0x28 ./Drivers/STM32F1xx_HAL_Driver/Src/stm32f1xx_hal_rcc.o
                0x08008a38                HAL_RCC_GetPCLK1Freq
 .text.HAL_RCC_GetPCLK2Freq
                0x08008a60       0x28 ./Drivers/STM32F1xx_HAL_Driver/Src/stm32f1xx_hal_rcc.o
                0x08008a60                HAL_RCC_GetPCLK2Freq
 .text.RCC_Delay
                0x08008a88       0x3c ./Drivers/STM32F1xx_HAL_Driver/Src/stm32f1xx_hal_rcc.o
 .text.HAL_TIM_Base_Init
                0x08008ac4       0x9e ./Drivers/STM32F1xx_HAL_Driver/Src/stm32f1xx_hal_tim.o
                0x08008ac4                HAL_TIM_Base_Init
 .text.HAL_TIM_PWM_Init
                0x08008b62       0x9e ./Drivers/STM32F1xx_HAL_Driver/Src/stm32f1xx_hal_tim.o
                0x08008b62                HAL_TIM_PWM_Init
 .text.HAL_TIM_PWM_MspInit
                0x08008c00       0x12 ./Drivers/STM32F1xx_HAL_Driver/Src/stm32f1xx_hal_tim.o
                0x08008c00                HAL_TIM_PWM_MspInit
 *fill*         0x08008c12        0x2 
 .text.HAL_TIM_PWM_Start
                0x08008c14      0x144 ./Drivers/STM32F1xx_HAL_Driver/Src/stm32f1xx_hal_tim.o
                0x08008c14                HAL_TIM_PWM_Start
 .text.HAL_TIM_PWM_Stop
                0x08008d58       0xc8 ./Drivers/STM32F1xx_HAL_Driver/Src/stm32f1xx_hal_tim.o
                0x08008d58                HAL_TIM_PWM_Stop
 .text.HAL_TIM_PWM_Start_IT
                0x08008e20      0x1e0 ./Drivers/STM32F1xx_HAL_Driver/Src/stm32f1xx_hal_tim.o
                0x08008e20                HAL_TIM_PWM_Start_IT
 .text.HAL_TIM_PWM_Stop_IT
                0x08009000      0x164 ./Drivers/STM32F1xx_HAL_Driver/Src/stm32f1xx_hal_tim.o
                0x08009000                HAL_TIM_PWM_Stop_IT
 .text.HAL_TIM_IRQHandler
                0x08009164      0x1e0 ./Drivers/STM32F1xx_HAL_Driver/Src/stm32f1xx_hal_tim.o
                0x08009164                HAL_TIM_IRQHandler
 .text.HAL_TIM_PWM_ConfigChannel
                0x08009344      0x184 ./Drivers/STM32F1xx_HAL_Driver/Src/stm32f1xx_hal_tim.o
                0x08009344                HAL_TIM_PWM_ConfigChannel
 .text.HAL_TIM_ConfigClockSource
                0x080094c8      0x18e ./Drivers/STM32F1xx_HAL_Driver/Src/stm32f1xx_hal_tim.o
                0x080094c8                HAL_TIM_ConfigClockSource
 .text.HAL_TIM_PeriodElapsedCallback
                0x08009656       0x12 ./Drivers/STM32F1xx_HAL_Driver/Src/stm32f1xx_hal_tim.o
                0x08009656                HAL_TIM_PeriodElapsedCallback
 .text.HAL_TIM_OC_DelayElapsedCallback
                0x08009668       0x12 ./Drivers/STM32F1xx_HAL_Driver/Src/stm32f1xx_hal_tim.o
                0x08009668                HAL_TIM_OC_DelayElapsedCallback
 .text.HAL_TIM_IC_CaptureCallback
                0x0800967a       0x12 ./Drivers/STM32F1xx_HAL_Driver/Src/stm32f1xx_hal_tim.o
                0x0800967a                HAL_TIM_IC_CaptureCallback
 .text.HAL_TIM_TriggerCallback
                0x0800968c       0x12 ./Drivers/STM32F1xx_HAL_Driver/Src/stm32f1xx_hal_tim.o
                0x0800968c                HAL_TIM_TriggerCallback
 *fill*         0x0800969e        0x2 
 .text.TIM_Base_SetConfig
                0x080096a0       0xdc ./Drivers/STM32F1xx_HAL_Driver/Src/stm32f1xx_hal_tim.o
                0x080096a0                TIM_Base_SetConfig
 .text.TIM_OC1_SetConfig
                0x0800977c       0xcc ./Drivers/STM32F1xx_HAL_Driver/Src/stm32f1xx_hal_tim.o
 .text.TIM_OC2_SetConfig
                0x08009848       0xd4 ./Drivers/STM32F1xx_HAL_Driver/Src/stm32f1xx_hal_tim.o
                0x08009848                TIM_OC2_SetConfig
 .text.TIM_OC3_SetConfig
                0x0800991c       0xd4 ./Drivers/STM32F1xx_HAL_Driver/Src/stm32f1xx_hal_tim.o
 .text.TIM_OC4_SetConfig
                0x080099f0       0x9c ./Drivers/STM32F1xx_HAL_Driver/Src/stm32f1xx_hal_tim.o
 .text.TIM_TI1_ConfigInputStage
                0x08009a8c       0x5c ./Drivers/STM32F1xx_HAL_Driver/Src/stm32f1xx_hal_tim.o
 .text.TIM_TI2_ConfigInputStage
                0x08009ae8       0x5e ./Drivers/STM32F1xx_HAL_Driver/Src/stm32f1xx_hal_tim.o
 .text.TIM_ITRx_SetConfig
                0x08009b46       0x34 ./Drivers/STM32F1xx_HAL_Driver/Src/stm32f1xx_hal_tim.o
 .text.TIM_ETR_SetConfig
                0x08009b7a       0x3e ./Drivers/STM32F1xx_HAL_Driver/Src/stm32f1xx_hal_tim.o
                0x08009b7a                TIM_ETR_SetConfig
 .text.TIM_CCxChannelCmd
                0x08009bb8       0x48 ./Drivers/STM32F1xx_HAL_Driver/Src/stm32f1xx_hal_tim.o
                0x08009bb8                TIM_CCxChannelCmd
 .text.HAL_TIMEx_MasterConfigSynchronization
                0x08009c00       0xbc ./Drivers/STM32F1xx_HAL_Driver/Src/stm32f1xx_hal_tim_ex.o
                0x08009c00                HAL_TIMEx_MasterConfigSynchronization
 .text.HAL_TIMEx_ConfigBreakDeadTime
                0x08009cbc       0xa2 ./Drivers/STM32F1xx_HAL_Driver/Src/stm32f1xx_hal_tim_ex.o
                0x08009cbc                HAL_TIMEx_ConfigBreakDeadTime
 .text.HAL_TIMEx_CommutCallback
                0x08009d5e       0x12 ./Drivers/STM32F1xx_HAL_Driver/Src/stm32f1xx_hal_tim_ex.o
                0x08009d5e                HAL_TIMEx_CommutCallback
 .text.HAL_TIMEx_BreakCallback
                0x08009d70       0x12 ./Drivers/STM32F1xx_HAL_Driver/Src/stm32f1xx_hal_tim_ex.o
                0x08009d70                HAL_TIMEx_BreakCallback
 .text.HAL_UART_Init
                0x08009d82       0xa0 ./Drivers/STM32F1xx_HAL_Driver/Src/stm32f1xx_hal_uart.o
                0x08009d82                HAL_UART_Init
 .text.HAL_UART_Transmit
                0x08009e22      0x116 ./Drivers/STM32F1xx_HAL_Driver/Src/stm32f1xx_hal_uart.o
                0x08009e22                HAL_UART_Transmit
 .text.HAL_UART_Receive_IT
                0x08009f38       0x4a ./Drivers/STM32F1xx_HAL_Driver/Src/stm32f1xx_hal_uart.o
                0x08009f38                HAL_UART_Receive_IT
 *fill*         0x08009f82        0x2 
 .text.HAL_UART_IRQHandler
                0x08009f84      0x524 ./Drivers/STM32F1xx_HAL_Driver/Src/stm32f1xx_hal_uart.o
                0x08009f84                HAL_UART_IRQHandler
 .text.HAL_UART_TxCpltCallback
                0x0800a4a8       0x12 ./Drivers/STM32F1xx_HAL_Driver/Src/stm32f1xx_hal_uart.o
                0x0800a4a8                HAL_UART_TxCpltCallback
 .text.HAL_UART_ErrorCallback
                0x0800a4ba       0x12 ./Drivers/STM32F1xx_HAL_Driver/Src/stm32f1xx_hal_uart.o
                0x0800a4ba                HAL_UART_ErrorCallback
 .text.HAL_UARTEx_RxEventCallback
                0x0800a4cc       0x16 ./Drivers/STM32F1xx_HAL_Driver/Src/stm32f1xx_hal_uart.o
                0x0800a4cc                HAL_UARTEx_RxEventCallback
 .text.UART_WaitOnFlagUntilTimeout
                0x0800a4e2       0xb2 ./Drivers/STM32F1xx_HAL_Driver/Src/stm32f1xx_hal_uart.o
 .text.UART_Start_Receive_IT
                0x0800a594       0x72 ./Drivers/STM32F1xx_HAL_Driver/Src/stm32f1xx_hal_uart.o
                0x0800a594                UART_Start_Receive_IT
 .text.UART_EndRxTransfer
                0x0800a606       0xc4 ./Drivers/STM32F1xx_HAL_Driver/Src/stm32f1xx_hal_uart.o
 .text.UART_DMAAbortOnError
                0x0800a6ca       0x28 ./Drivers/STM32F1xx_HAL_Driver/Src/stm32f1xx_hal_uart.o
 .text.UART_Transmit_IT
                0x0800a6f2       0x9e ./Drivers/STM32F1xx_HAL_Driver/Src/stm32f1xx_hal_uart.o
 .text.UART_EndTransmit_IT
                0x0800a790       0x30 ./Drivers/STM32F1xx_HAL_Driver/Src/stm32f1xx_hal_uart.o
 .text.UART_Receive_IT
                0x0800a7c0      0x17c ./Drivers/STM32F1xx_HAL_Driver/Src/stm32f1xx_hal_uart.o
 .text.UART_SetConfig
                0x0800a93c      0x11c ./Drivers/STM32F1xx_HAL_Driver/Src/stm32f1xx_hal_uart.o
 .text.__cvt    0x0800aa58       0xc8 A:/APPS/STM/STM32 CubeIDE/APP Data/STM32CubeIDE_2.0.0/STM32CubeIDE/plugins/com.st.stm32cube.ide.mcu.externaltools.gnu-tools-for-stm32.13.3.rel1.win32_1.0.100.202509120712/tools/bin/../lib/gcc/arm-none-eabi/13.3.1/../../../../arm-none-eabi/lib/thumb/v7-m/nofp\libc_nano.a(libc_a-nano-vfprintf_float.o)
                0x0800aa58                __cvt
 .text.__exponent
                0x0800ab20       0x74 A:/APPS/STM/STM32 CubeIDE/APP Data/STM32CubeIDE_2.0.0/STM32CubeIDE/plugins/com.st.stm32cube.ide.mcu.externaltools.gnu-tools-for-stm32.13.3.rel1.win32_1.0.100.202509120712/tools/bin/../lib/gcc/arm-none-eabi/13.3.1/../../../../arm-none-eabi/lib/thumb/v7-m/nofp\libc_nano.a(libc_a-nano-vfprintf_float.o)
                0x0800ab20                __exponent
 .text._printf_float
                0x0800ab94      0x458 A:/APPS/STM/STM32 CubeIDE/APP Data/STM32CubeIDE_2.0.0/STM32CubeIDE/plugins/com.st.stm32cube.ide.mcu.externaltools.gnu-tools-for-stm32.13.3.rel1.win32_1.0.100.202509120712/tools/bin/../lib/gcc/arm-none-eabi/13.3.1/../../../../arm-none-eabi/lib/thumb/v7-m/nofp\libc_nano.a(libc_a-nano-vfprintf_float.o)
                0x0800ab94                _printf_float
 .text._printf_common
                0x0800afec       0xe4 A:/APPS/STM/STM32 CubeIDE/APP Data/STM32CubeIDE_2.0.0/STM32CubeIDE/plugins/com.st.stm32cube.ide.mcu.externaltools.gnu-tools-for-stm32.13.3.rel1.win32_1.0.100.202509120712/tools/bin/../lib/gcc/arm-none-eabi/13.3.1/../../../../arm-none-eabi/lib/thumb/v7-m/nofp\libc_nano.a(libc_a-nano-vfprintf_i.o)
                0x0800afec                _printf_common
 .text._printf_i
                0x0800b0d0      0x23c A:/APPS/STM/STM32 CubeIDE/APP Data/STM32CubeIDE_2.0.0/STM32CubeIDE/plugins/com.st.stm32cube.ide.mcu.externaltools.gnu-tools-for-stm32.13.3.rel1.win32_1.0.100.202509120712/tools/bin/../lib/gcc/arm-none-eabi/13.3.1/../../../../arm-none-eabi/lib/thumb/v7-m/nofp\libc_nano.a(libc_a-nano-vfprintf_i.o)
                0x0800b0d0                _printf_i
 .text.std      0x0800b30c       0x6c A:/APPS/STM/STM32 CubeIDE/APP Data/STM32CubeIDE_2.0.0/STM32CubeIDE/plugins/com.st.stm32cube.ide.mcu.externaltools.gnu-tools-for-stm32.13.3.rel1.win32_1.0.100.202509120712/tools/bin/../lib/gcc/arm-none-eabi/13.3.1/../../../../arm-none-eabi/lib/thumb/v7-m/nofp\libc_nano.a(libc_a-findfp.o)
 .text.stdio_exit_handler
                0x0800b378       0x18 A:/APPS/STM/STM32 CubeIDE/APP Data/STM32CubeIDE_2.0.0/STM32CubeIDE/plugins/com.st.stm32cube.ide.mcu.externaltools.gnu-tools-for-stm32.13.3.rel1.win32_1.0.100.202509120712/tools/bin/../lib/gcc/arm-none-eabi/13.3.1/../../../../arm-none-eabi/lib/thumb/v7-m/nofp\libc_nano.a(libc_a-findfp.o)
 .text.cleanup_stdio
                0x0800b390       0x40 A:/APPS/STM/STM32 CubeIDE/APP Data/STM32CubeIDE_2.0.0/STM32CubeIDE/plugins/com.st.stm32cube.ide.mcu.externaltools.gnu-tools-for-stm32.13.3.rel1.win32_1.0.100.202509120712/tools/bin/../lib/gcc/arm-none-eabi/13.3.1/../../../../arm-none-eabi/lib/thumb/v7-m/nofp\libc_nano.a(libc_a-findfp.o)
 .text.global_stdio_init.part.0
                0x0800b3d0       0x3c A:/APPS/STM/STM32 CubeIDE/APP Data/STM32CubeIDE_2.0.0/STM32CubeIDE/plugins/com.st.stm32cube.ide.mcu.externaltools.gnu-tools-for-stm32.13.3.rel1.win32_1.0.100.202509120712/tools/bin/../lib/gcc/arm-none-eabi/13.3.1/../../../../arm-none-eabi/lib/thumb/v7-m/nofp\libc_nano.a(libc_a-findfp.o)
 .text.__sfp_lock_acquire
                0x0800b40c        0xc A:/APPS/STM/STM32 CubeIDE/APP Data/STM32CubeIDE_2.0.0/STM32CubeIDE/plugins/com.st.stm32cube.ide.mcu.externaltools.gnu-tools-for-stm32.13.3.rel1.win32_1.0.100.202509120712/tools/bin/../lib/gcc/arm-none-eabi/13.3.1/../../../../arm-none-eabi/lib/thumb/v7-m/nofp\libc_nano.a(libc_a-findfp.o)
                0x0800b40c                __sfp_lock_acquire
 .text.__sfp_lock_release
                0x0800b418        0xc A:/APPS/STM/STM32 CubeIDE/APP Data/STM32CubeIDE_2.0.0/STM32CubeIDE/plugins/com.st.stm32cube.ide.mcu.externaltools.gnu-tools-for-stm32.13.3.rel1.win32_1.0.100.202509120712/tools/bin/../lib/gcc/arm-none-eabi/13.3.1/../../../../arm-none-eabi/lib/thumb/v7-m/nofp\libc_nano.a(libc_a-findfp.o)
                0x0800b418                __sfp_lock_release
 .text.__sinit  0x0800b424       0x30 A:/APPS/STM/STM32 CubeIDE/APP Data/STM32CubeIDE_2.0.0/STM32CubeIDE/plugins/com.st.stm32cube.ide.mcu.externaltools.gnu-tools-for-stm32.13.3.rel1.win32_1.0.100.202509120712/tools/bin/../lib/gcc/arm-none-eabi/13.3.1/../../../../arm-none-eabi/lib/thumb/v7-m/nofp\libc_nano.a(libc_a-findfp.o)
                0x0800b424                __sinit
 .text._fwalk_sglue
                0x0800b454       0x3c A:/APPS/STM/STM32 CubeIDE/APP Data/STM32CubeIDE_2.0.0/STM32CubeIDE/plugins/com.st.stm32cube.ide.mcu.externaltools.gnu-tools-for-stm32.13.3.rel1.win32_1.0.100.202509120712/tools/bin/../lib/gcc/arm-none-eabi/13.3.1/../../../../arm-none-eabi/lib/thumb/v7-m/nofp\libc_nano.a(libc_a-fwalk.o)
                0x0800b454                _fwalk_sglue
 .text.snprintf
                0x0800b490       0x6c A:/APPS/STM/STM32 CubeIDE/APP Data/STM32CubeIDE_2.0.0/STM32CubeIDE/plugins/com.st.stm32cube.ide.mcu.externaltools.gnu-tools-for-stm32.13.3.rel1.win32_1.0.100.202509120712/tools/bin/../lib/gcc/arm-none-eabi/13.3.1/../../../../arm-none-eabi/lib/thumb/v7-m/nofp\libc_nano.a(libc_a-snprintf.o)
                0x0800b490                sniprintf
                0x0800b490                snprintf
 .text.__sread  0x0800b4fc       0x22 A:/APPS/STM/STM32 CubeIDE/APP Data/STM32CubeIDE_2.0.0/STM32CubeIDE/plugins/com.st.stm32cube.ide.mcu.externaltools.gnu-tools-for-stm32.13.3.rel1.win32_1.0.100.202509120712/tools/bin/../lib/gcc/arm-none-eabi/13.3.1/../../../../arm-none-eabi/lib/thumb/v7-m/nofp\libc_nano.a(libc_a-stdio.o)
                0x0800b4fc                __sread
 .text.__swrite
                0x0800b51e       0x38 A:/APPS/STM/STM32 CubeIDE/APP Data/STM32CubeIDE_2.0.0/STM32CubeIDE/plugins/com.st.stm32cube.ide.mcu.externaltools.gnu-tools-for-stm32.13.3.rel1.win32_1.0.100.202509120712/tools/bin/../lib/gcc/arm-none-eabi/13.3.1/../../../../arm-none-eabi/lib/thumb/v7-m/nofp\libc_nano.a(libc_a-stdio.o)
                0x0800b51e                __swrite
 .text.__sseek  0x0800b556       0x24 A:/APPS/STM/STM32 CubeIDE/APP Data/STM32CubeIDE_2.0.0/STM32CubeIDE/plugins/com.st.stm32cube.ide.mcu.externaltools.gnu-tools-for-stm32.13.3.rel1.win32_1.0.100.202509120712/tools/bin/../lib/gcc/arm-none-eabi/13.3.1/../../../../arm-none-eabi/lib/thumb/v7-m/nofp\libc_nano.a(libc_a-stdio.o)
                0x0800b556                __sseek
 .text.__sclose
                0x0800b57a        0x8 A:/APPS/STM/STM32 CubeIDE/APP Data/STM32CubeIDE_2.0.0/STM32CubeIDE/plugins/com.st.stm32cube.ide.mcu.externaltools.gnu-tools-for-stm32.13.3.rel1.win32_1.0.100.202509120712/tools/bin/../lib/gcc/arm-none-eabi/13.3.1/../../../../arm-none-eabi/lib/thumb/v7-m/nofp\libc_nano.a(libc_a-stdio.o)
                0x0800b57a                __sclose
 .text.memset   0x0800b582       0x10 A:/APPS/STM/STM32 CubeIDE/APP Data/STM32CubeIDE_2.0.0/STM32CubeIDE/plugins/com.st.stm32cube.ide.mcu.externaltools.gnu-tools-for-stm32.13.3.rel1.win32_1.0.100.202509120712/tools/bin/../lib/gcc/arm-none-eabi/13.3.1/../../../../arm-none-eabi/lib/thumb/v7-m/nofp\libc_nano.a(libc_a-memset.o)
                0x0800b582                memset
 *fill*         0x0800b592        0x2 
 .text._localeconv_r
                0x0800b594        0x8 A:/APPS/STM/STM32 CubeIDE/APP Data/STM32CubeIDE_2.0.0/STM32CubeIDE/plugins/com.st.stm32cube.ide.mcu.externaltools.gnu-tools-for-stm32.13.3.rel1.win32_1.0.100.202509120712/tools/bin/../lib/gcc/arm-none-eabi/13.3.1/../../../../arm-none-eabi/lib/thumb/v7-m/nofp\libc_nano.a(libc_a-localeconv.o)
                0x0800b594                _localeconv_r
 .text._close_r
                0x0800b59c       0x20 A:/APPS/STM/STM32 CubeIDE/APP Data/STM32CubeIDE_2.0.0/STM32CubeIDE/plugins/com.st.stm32cube.ide.mcu.externaltools.gnu-tools-for-stm32.13.3.rel1.win32_1.0.100.202509120712/tools/bin/../lib/gcc/arm-none-eabi/13.3.1/../../../../arm-none-eabi/lib/thumb/v7-m/nofp\libc_nano.a(libc_a-closer.o)
                0x0800b59c                _close_r
 .text._lseek_r
                0x0800b5bc       0x24 A:/APPS/STM/STM32 CubeIDE/APP Data/STM32CubeIDE_2.0.0/STM32CubeIDE/plugins/com.st.stm32cube.ide.mcu.externaltools.gnu-tools-for-stm32.13.3.rel1.win32_1.0.100.202509120712/tools/bin/../lib/gcc/arm-none-eabi/13.3.1/../../../../arm-none-eabi/lib/thumb/v7-m/nofp\libc_nano.a(libc_a-lseekr.o)
                0x0800b5bc                _lseek_r
 .text._read_r  0x0800b5e0       0x24 A:/APPS/STM/STM32 CubeIDE/APP Data/STM32CubeIDE_2.0.0/STM32CubeIDE/plugins/com.st.stm32cube.ide.mcu.externaltools.gnu-tools-for-stm32.13.3.rel1.win32_1.0.100.202509120712/tools/bin/../lib/gcc/arm-none-eabi/13.3.1/../../../../arm-none-eabi/lib/thumb/v7-m/nofp\libc_nano.a(libc_a-readr.o)
                0x0800b5e0                _read_r
 .text._write_r
                0x0800b604       0x24 A:/APPS/STM/STM32 CubeIDE/APP Data/STM32CubeIDE_2.0.0/STM32CubeIDE/plugins/com.st.stm32cube.ide.mcu.externaltools.gnu-tools-for-stm32.13.3.rel1.win32_1.0.100.202509120712/tools/bin/../lib/gcc/arm-none-eabi/13.3.1/../../../../arm-none-eabi/lib/thumb/v7-m/nofp\libc_nano.a(libc_a-writer.o)
                0x0800b604                _write_r
 .text.__errno  0x0800b628        0xc A:/APPS/STM/STM32 CubeIDE/APP Data/STM32CubeIDE_2.0.0/STM32CubeIDE/plugins/com.st.stm32cube.ide.mcu.externaltools.gnu-tools-for-stm32.13.3.rel1.win32_1.0.100.202509120712/tools/bin/../lib/gcc/arm-none-eabi/13.3.1/../../../../arm-none-eabi/lib/thumb/v7-m/nofp\libc_nano.a(libc_a-errno.o)
                0x0800b628                __errno
 .text.__libc_init_array
                0x0800b634       0x48 A:/APPS/STM/STM32 CubeIDE/APP Data/STM32CubeIDE_2.0.0/STM32CubeIDE/plugins/com.st.stm32cube.ide.mcu.externaltools.gnu-tools-for-stm32.13.3.rel1.win32_1.0.100.202509120712/tools/bin/../lib/gcc/arm-none-eabi/13.3.1/../../../../arm-none-eabi/lib/thumb/v7-m/nofp\libc_nano.a(libc_a-init.o)
                0x0800b634                __libc_init_array
 .text.__retarget_lock_init_recursive
                0x0800b67c        0x2 A:/APPS/STM/STM32 CubeIDE/APP Data/STM32CubeIDE_2.0.0/STM32CubeIDE/plugins/com.st.stm32cube.ide.mcu.externaltools.gnu-tools-for-stm32.13.3.rel1.win32_1.0.100.202509120712/tools/bin/../lib/gcc/arm-none-eabi/13.3.1/../../../../arm-none-eabi/lib/thumb/v7-m/nofp\libc_nano.a(libc_a-lock.o)
                0x0800b67c                __retarget_lock_init_recursive
 .text.__retarget_lock_acquire_recursive
                0x0800b67e        0x2 A:/APPS/STM/STM32 CubeIDE/APP Data/STM32CubeIDE_2.0.0/STM32CubeIDE/plugins/com.st.stm32cube.ide.mcu.externaltools.gnu-tools-for-stm32.13.3.rel1.win32_1.0.100.202509120712/tools/bin/../lib/gcc/arm-none-eabi/13.3.1/../../../../arm-none-eabi/lib/thumb/v7-m/nofp\libc_nano.a(libc_a-lock.o)
                0x0800b67e                __retarget_lock_acquire_recursive
 .text.__retarget_lock_release_recursive
                0x0800b680        0x2 A:/APPS/STM/STM32 CubeIDE/APP Data/STM32CubeIDE_2.0.0/STM32CubeIDE/plugins/com.st.stm32cube.ide.mcu.externaltools.gnu-tools-for-stm32.13.3.rel1.win32_1.0.100.202509120712/tools/bin/../lib/gcc/arm-none-eabi/13.3.1/../../../../arm-none-eabi/lib/thumb/v7-m/nofp\libc_nano.a(libc_a-lock.o)
                0x0800b680                __retarget_lock_release_recursive
 .text.memchr   0x0800b682       0x1c A:/APPS/STM/STM32 CubeIDE/APP Data/STM32CubeIDE_2.0.0/STM32CubeIDE/plugins/com.st.stm32cube.ide.mcu.externaltools.gnu-tools-for-stm32.13.3.rel1.win32_1.0.100.202509120712/tools/bin/../lib/gcc/arm-none-eabi/13.3.1/../../../../arm-none-eabi/lib/thumb/v7-m/nofp\libc_nano.a(libc_a-memchr-stub.o)
                0x0800b682                memchr
 .text.memcpy   0x0800b69e       0x1c A:/APPS/STM/STM32 CubeIDE/APP Data/STM32CubeIDE_2.0.0/STM32CubeIDE/plugins/com.st.stm32cube.ide.mcu.externaltools.gnu-tools-for-stm32.13.3.rel1.win32_1.0.100.202509120712/tools/bin/../lib/gcc/arm-none-eabi/13.3.1/../../../../arm-none-eabi/lib/thumb/v7-m/nofp\libc_nano.a(libc_a-memcpy-stub.o)
                0x0800b69e                memcpy
 .text.quorem   0x0800b6ba      0x110 A:/APPS/STM/STM32 CubeIDE/APP Data/STM32CubeIDE_2.0.0/STM32CubeIDE/plugins/com.st.stm32cube.ide.mcu.externaltools.gnu-tools-for-stm32.13.3.rel1.win32_1.0.100.202509120712/tools/bin/../lib/gcc/arm-none-eabi/13.3.1/../../../../arm-none-eabi/lib/thumb/v7-m/nofp\libc_nano.a(libc_a-dtoa.o)
 *fill*         0x0800b7ca        0x6 
 .text._dtoa_r  0x0800b7d0      0xba8 A:/APPS/STM/STM32 CubeIDE/APP Data/STM32CubeIDE_2.0.0/STM32CubeIDE/plugins/com.st.stm32cube.ide.mcu.externaltools.gnu-tools-for-stm32.13.3.rel1.win32_1.0.100.202509120712/tools/bin/../lib/gcc/arm-none-eabi/13.3.1/../../../../arm-none-eabi/lib/thumb/v7-m/nofp\libc_nano.a(libc_a-dtoa.o)
                0x0800b7d0                _dtoa_r
 .text._free_r  0x0800c378       0x90 A:/APPS/STM/STM32 CubeIDE/APP Data/STM32CubeIDE_2.0.0/STM32CubeIDE/plugins/com.st.stm32cube.ide.mcu.externaltools.gnu-tools-for-stm32.13.3.rel1.win32_1.0.100.202509120712/tools/bin/../lib/gcc/arm-none-eabi/13.3.1/../../../../arm-none-eabi/lib/thumb/v7-m/nofp\libc_nano.a(libc_a-freer.o)
                0x0800c378                _free_r
 .text.malloc   0x0800c408       0x10 A:/APPS/STM/STM32 CubeIDE/APP Data/STM32CubeIDE_2.0.0/STM32CubeIDE/plugins/com.st.stm32cube.ide.mcu.externaltools.gnu-tools-for-stm32.13.3.rel1.win32_1.0.100.202509120712/tools/bin/../lib/gcc/arm-none-eabi/13.3.1/../../../../arm-none-eabi/lib/thumb/v7-m/nofp\libc_nano.a(libc_a-malloc.o)
                0x0800c408                malloc
 .text.sbrk_aligned
                0x0800c418       0x44 A:/APPS/STM/STM32 CubeIDE/APP Data/STM32CubeIDE_2.0.0/STM32CubeIDE/plugins/com.st.stm32cube.ide.mcu.externaltools.gnu-tools-for-stm32.13.3.rel1.win32_1.0.100.202509120712/tools/bin/../lib/gcc/arm-none-eabi/13.3.1/../../../../arm-none-eabi/lib/thumb/v7-m/nofp\libc_nano.a(libc_a-mallocr.o)
 .text._malloc_r
                0x0800c45c      0x100 A:/APPS/STM/STM32 CubeIDE/APP Data/STM32CubeIDE_2.0.0/STM32CubeIDE/plugins/com.st.stm32cube.ide.mcu.externaltools.gnu-tools-for-stm32.13.3.rel1.win32_1.0.100.202509120712/tools/bin/../lib/gcc/arm-none-eabi/13.3.1/../../../../arm-none-eabi/lib/thumb/v7-m/nofp\libc_nano.a(libc_a-mallocr.o)
                0x0800c45c                _malloc_r
 .text.__malloc_lock
                0x0800c55c        0xc A:/APPS/STM/STM32 CubeIDE/APP Data/STM32CubeIDE_2.0.0/STM32CubeIDE/plugins/com.st.stm32cube.ide.mcu.externaltools.gnu-tools-for-stm32.13.3.rel1.win32_1.0.100.202509120712/tools/bin/../lib/gcc/arm-none-eabi/13.3.1/../../../../arm-none-eabi/lib/thumb/v7-m/nofp\libc_nano.a(libc_a-mlock.o)
                0x0800c55c                __malloc_lock
 .text.__malloc_unlock
                0x0800c568        0xc A:/APPS/STM/STM32 CubeIDE/APP Data/STM32CubeIDE_2.0.0/STM32CubeIDE/plugins/com.st.stm32cube.ide.mcu.externaltools.gnu-tools-for-stm32.13.3.rel1.win32_1.0.100.202509120712/tools/bin/../lib/gcc/arm-none-eabi/13.3.1/../../../../arm-none-eabi/lib/thumb/v7-m/nofp\libc_nano.a(libc_a-mlock.o)
                0x0800c568                __malloc_unlock
 .text._Balloc  0x0800c574       0x80 A:/APPS/STM/STM32 CubeIDE/APP Data/STM32CubeIDE_2.0.0/STM32CubeIDE/plugins/com.st.stm32cube.ide.mcu.externaltools.gnu-tools-for-stm32.13.3.rel1.win32_1.0.100.202509120712/tools/bin/../lib/gcc/arm-none-eabi/13.3.1/../../../../arm-none-eabi/lib/thumb/v7-m/nofp\libc_nano.a(libc_a-mprec.o)
                0x0800c574                _Balloc
 .text._Bfree   0x0800c5f4       0x44 A:/APPS/STM/STM32 CubeIDE/APP Data/STM32CubeIDE_2.0.0/STM32CubeIDE/plugins/com.st.stm32cube.ide.mcu.externaltools.gnu-tools-for-stm32.13.3.rel1.win32_1.0.100.202509120712/tools/bin/../lib/gcc/arm-none-eabi/13.3.1/../../../../arm-none-eabi/lib/thumb/v7-m/nofp\libc_nano.a(libc_a-mprec.o)
                0x0800c5f4                _Bfree
 .text.__multadd
                0x0800c638       0x8c A:/APPS/STM/STM32 CubeIDE/APP Data/STM32CubeIDE_2.0.0/STM32CubeIDE/plugins/com.st.stm32cube.ide.mcu.externaltools.gnu-tools-for-stm32.13.3.rel1.win32_1.0.100.202509120712/tools/bin/../lib/gcc/arm-none-eabi/13.3.1/../../../../arm-none-eabi/lib/thumb/v7-m/nofp\libc_nano.a(libc_a-mprec.o)
                0x0800c638                __multadd
 .text.__hi0bits
                0x0800c6c4       0x3e A:/APPS/STM/STM32 CubeIDE/APP Data/STM32CubeIDE_2.0.0/STM32CubeIDE/plugins/com.st.stm32cube.ide.mcu.externaltools.gnu-tools-for-stm32.13.3.rel1.win32_1.0.100.202509120712/tools/bin/../lib/gcc/arm-none-eabi/13.3.1/../../../../arm-none-eabi/lib/thumb/v7-m/nofp\libc_nano.a(libc_a-mprec.o)
                0x0800c6c4                __hi0bits
 .text.__lo0bits
                0x0800c702       0x5a A:/APPS/STM/STM32 CubeIDE/APP Data/STM32CubeIDE_2.0.0/STM32CubeIDE/plugins/com.st.stm32cube.ide.mcu.externaltools.gnu-tools-for-stm32.13.3.rel1.win32_1.0.100.202509120712/tools/bin/../lib/gcc/arm-none-eabi/13.3.1/../../../../arm-none-eabi/lib/thumb/v7-m/nofp\libc_nano.a(libc_a-mprec.o)
                0x0800c702                __lo0bits
 .text.__i2b    0x0800c75c       0x2c A:/APPS/STM/STM32 CubeIDE/APP Data/STM32CubeIDE_2.0.0/STM32CubeIDE/plugins/com.st.stm32cube.ide.mcu.externaltools.gnu-tools-for-stm32.13.3.rel1.win32_1.0.100.202509120712/tools/bin/../lib/gcc/arm-none-eabi/13.3.1/../../../../arm-none-eabi/lib/thumb/v7-m/nofp\libc_nano.a(libc_a-mprec.o)
                0x0800c75c                __i2b
 .text.__multiply
                0x0800c788      0x144 A:/APPS/STM/STM32 CubeIDE/APP Data/STM32CubeIDE_2.0.0/STM32CubeIDE/plugins/com.st.stm32cube.ide.mcu.externaltools.gnu-tools-for-stm32.13.3.rel1.win32_1.0.100.202509120712/tools/bin/../lib/gcc/arm-none-eabi/13.3.1/../../../../arm-none-eabi/lib/thumb/v7-m/nofp\libc_nano.a(libc_a-mprec.o)
                0x0800c788                __multiply
 .text.__pow5mult
                0x0800c8cc       0xb4 A:/APPS/STM/STM32 CubeIDE/APP Data/STM32CubeIDE_2.0.0/STM32CubeIDE/plugins/com.st.stm32cube.ide.mcu.externaltools.gnu-tools-for-stm32.13.3.rel1.win32_1.0.100.202509120712/tools/bin/../lib/gcc/arm-none-eabi/13.3.1/../../../../arm-none-eabi/lib/thumb/v7-m/nofp\libc_nano.a(libc_a-mprec.o)
                0x0800c8cc                __pow5mult
 .text.__lshift
                0x0800c980       0xd8 A:/APPS/STM/STM32 CubeIDE/APP Data/STM32CubeIDE_2.0.0/STM32CubeIDE/plugins/com.st.stm32cube.ide.mcu.externaltools.gnu-tools-for-stm32.13.3.rel1.win32_1.0.100.202509120712/tools/bin/../lib/gcc/arm-none-eabi/13.3.1/../../../../arm-none-eabi/lib/thumb/v7-m/nofp\libc_nano.a(libc_a-mprec.o)
                0x0800c980                __lshift
 .text.__mcmp   0x0800ca58       0x36 A:/APPS/STM/STM32 CubeIDE/APP Data/STM32CubeIDE_2.0.0/STM32CubeIDE/plugins/com.st.stm32cube.ide.mcu.externaltools.gnu-tools-for-stm32.13.3.rel1.win32_1.0.100.202509120712/tools/bin/../lib/gcc/arm-none-eabi/13.3.1/../../../../arm-none-eabi/lib/thumb/v7-m/nofp\libc_nano.a(libc_a-mprec.o)
                0x0800ca58                __mcmp
 *fill*         0x0800ca8e        0x2 
 .text.__mdiff  0x0800ca90      0x128 A:/APPS/STM/STM32 CubeIDE/APP Data/STM32CubeIDE_2.0.0/STM32CubeIDE/plugins/com.st.stm32cube.ide.mcu.externaltools.gnu-tools-for-stm32.13.3.rel1.win32_1.0.100.202509120712/tools/bin/../lib/gcc/arm-none-eabi/13.3.1/../../../../arm-none-eabi/lib/thumb/v7-m/nofp\libc_nano.a(libc_a-mprec.o)
                0x0800ca90                __mdiff
 .text.__d2b    0x0800cbb8       0xb0 A:/APPS/STM/STM32 CubeIDE/APP Data/STM32CubeIDE_2.0.0/STM32CubeIDE/plugins/com.st.stm32cube.ide.mcu.externaltools.gnu-tools-for-stm32.13.3.rel1.win32_1.0.100.202509120712/tools/bin/../lib/gcc/arm-none-eabi/13.3.1/../../../../arm-none-eabi/lib/thumb/v7-m/nofp\libc_nano.a(libc_a-mprec.o)
                0x0800cbb8                __d2b
 .text.__ssputs_r
                0x0800cc68       0xb6 A:/APPS/STM/STM32 CubeIDE/APP Data/STM32CubeIDE_2.0.0/STM32CubeIDE/plugins/com.st.stm32cube.ide.mcu.externaltools.gnu-tools-for-stm32.13.3.rel1.win32_1.0.100.202509120712/tools/bin/../lib/gcc/arm-none-eabi/13.3.1/../../../../arm-none-eabi/lib/thumb/v7-m/nofp\libc_nano.a(libc_a-nano-svfprintf.o)
                0x0800cc68                __ssputs_r
 *fill*         0x0800cd1e        0x2 
 .text._svfprintf_r
                0x0800cd20      0x1f8 A:/APPS/STM/STM32 CubeIDE/APP Data/STM32CubeIDE_2.0.0/STM32CubeIDE/plugins/com.st.stm32cube.ide.mcu.externaltools.gnu-tools-for-stm32.13.3.rel1.win32_1.0.100.202509120712/tools/bin/../lib/gcc/arm-none-eabi/13.3.1/../../../../arm-none-eabi/lib/thumb/v7-m/nofp\libc_nano.a(libc_a-nano-svfprintf.o)
                0x0800cd20                _svfiprintf_r
                0x0800cd20                _svfprintf_r
 .text.__sflush_r
                0x0800cf18      0x100 A:/APPS/STM/STM32 CubeIDE/APP Data/STM32CubeIDE_2.0.0/STM32CubeIDE/plugins/com.st.stm32cube.ide.mcu.externaltools.gnu-tools-for-stm32.13.3.rel1.win32_1.0.100.202509120712/tools/bin/../lib/gcc/arm-none-eabi/13.3.1/../../../../arm-none-eabi/lib/thumb/v7-m/nofp\libc_nano.a(libc_a-fflush.o)
                0x0800cf18                __sflush_r
 .text._fflush_r
                0x0800d018       0x50 A:/APPS/STM/STM32 CubeIDE/APP Data/STM32CubeIDE_2.0.0/STM32CubeIDE/plugins/com.st.stm32cube.ide.mcu.externaltools.gnu-tools-for-stm32.13.3.rel1.win32_1.0.100.202509120712/tools/bin/../lib/gcc/arm-none-eabi/13.3.1/../../../../arm-none-eabi/lib/thumb/v7-m/nofp\libc_nano.a(libc_a-fflush.o)
                0x0800d018                _fflush_r
 .text.memmove  0x0800d068       0x34 A:/APPS/STM/STM32 CubeIDE/APP Data/STM32CubeIDE_2.0.0/STM32CubeIDE/plugins/com.st.stm32cube.ide.mcu.externaltools.gnu-tools-for-stm32.13.3.rel1.win32_1.0.100.202509120712/tools/bin/../lib/gcc/arm-none-eabi/13.3.1/../../../../arm-none-eabi/lib/thumb/v7-m/nofp\libc_nano.a(libc_a-memmove.o)
                0x0800d068                memmove
 .text._sbrk_r  0x0800d09c       0x20 A:/APPS/STM/STM32 CubeIDE/APP Data/STM32CubeIDE_2.0.0/STM32CubeIDE/plugins/com.st.stm32cube.ide.mcu.externaltools.gnu-tools-for-stm32.13.3.rel1.win32_1.0.100.202509120712/tools/bin/../lib/gcc/arm-none-eabi/13.3.1/../../../../arm-none-eabi/lib/thumb/v7-m/nofp\libc_nano.a(libc_a-sbrkr.o)
                0x0800d09c                _sbrk_r
 .text.__assert_func
                0x0800d0bc       0x3c A:/APPS/STM/STM32 CubeIDE/APP Data/STM32CubeIDE_2.0.0/STM32CubeIDE/plugins/com.st.stm32cube.ide.mcu.externaltools.gnu-tools-for-stm32.13.3.rel1.win32_1.0.100.202509120712/tools/bin/../lib/gcc/arm-none-eabi/13.3.1/../../../../arm-none-eabi/lib/thumb/v7-m/nofp\libc_nano.a(libc_a-assert.o)
                0x0800d0bc                __assert_func
 .text._calloc_r
                0x0800d0f8       0x28 A:/APPS/STM/STM32 CubeIDE/APP Data/STM32CubeIDE_2.0.0/STM32CubeIDE/plugins/com.st.stm32cube.ide.mcu.externaltools.gnu-tools-for-stm32.13.3.rel1.win32_1.0.100.202509120712/tools/bin/../lib/gcc/arm-none-eabi/13.3.1/../../../../arm-none-eabi/lib/thumb/v7-m/nofp\libc_nano.a(libc_a-callocr.o)
                0x0800d0f8                _calloc_r
 .text.__ascii_mbtowc
                0x0800d120       0x24 A:/APPS/STM/STM32 CubeIDE/APP Data/STM32CubeIDE_2.0.0/STM32CubeIDE/plugins/com.st.stm32cube.ide.mcu.externaltools.gnu-tools-for-stm32.13.3.rel1.win32_1.0.100.202509120712/tools/bin/../lib/gcc/arm-none-eabi/13.3.1/../../../../arm-none-eabi/lib/thumb/v7-m/nofp\libc_nano.a(libc_a-mbtowc_r.o)
                0x0800d120                __ascii_mbtowc
 .text._realloc_r
                0x0800d144       0x5c A:/APPS/STM/STM32 CubeIDE/APP Data/STM32CubeIDE_2.0.0/STM32CubeIDE/plugins/com.st.stm32cube.ide.mcu.externaltools.gnu-tools-for-stm32.13.3.rel1.win32_1.0.100.202509120712/tools/bin/../lib/gcc/arm-none-eabi/13.3.1/../../../../arm-none-eabi/lib/thumb/v7-m/nofp\libc_nano.a(libc_a-reallocr.o)
                0x0800d144                _realloc_r
 .text.__ascii_wctomb
                0x0800d1a0       0x1a A:/APPS/STM/STM32 CubeIDE/APP Data/STM32CubeIDE_2.0.0/STM32CubeIDE/plugins/com.st.stm32cube.ide.mcu.externaltools.gnu-tools-for-stm32.13.3.rel1.win32_1.0.100.202509120712/tools/bin/../lib/gcc/arm-none-eabi/13.3.1/../../../../arm-none-eabi/lib/thumb/v7-m/nofp\libc_nano.a(libc_a-wctomb_r.o)
                0x0800d1a0                __ascii_wctomb
 *fill*         0x0800d1ba        0x2 
 .text.fprintf  0x0800d1bc       0x24 A:/APPS/STM/STM32 CubeIDE/APP Data/STM32CubeIDE_2.0.0/STM32CubeIDE/plugins/com.st.stm32cube.ide.mcu.externaltools.gnu-tools-for-stm32.13.3.rel1.win32_1.0.100.202509120712/tools/bin/../lib/gcc/arm-none-eabi/13.3.1/../../../../arm-none-eabi/lib/thumb/v7-m/nofp\libc_nano.a(libc_a-fprintf.o)
                0x0800d1bc                fiprintf
                0x0800d1bc                fprintf
 .text.abort    0x0800d1e0        0xe A:/APPS/STM/STM32 CubeIDE/APP Data/STM32CubeIDE_2.0.0/STM32CubeIDE/plugins/com.st.stm32cube.ide.mcu.externaltools.gnu-tools-for-stm32.13.3.rel1.win32_1.0.100.202509120712/tools/bin/../lib/gcc/arm-none-eabi/13.3.1/../../../../arm-none-eabi/lib/thumb/v7-m/nofp\libc_nano.a(libc_a-abort.o)
                0x0800d1e0                abort
 .text._malloc_usable_size_r
                0x0800d1ee       0x10 A:/APPS/STM/STM32 CubeIDE/APP Data/STM32CubeIDE_2.0.0/STM32CubeIDE/plugins/com.st.stm32cube.ide.mcu.externaltools.gnu-tools-for-stm32.13.3.rel1.win32_1.0.100.202509120712/tools/bin/../lib/gcc/arm-none-eabi/13.3.1/../../../../arm-none-eabi/lib/thumb/v7-m/nofp\libc_nano.a(libc_a-msizer.o)
                0x0800d1ee                _malloc_usable_size_r
 .text.__sfputc_r
                0x0800d1fe       0x2a A:/APPS/STM/STM32 CubeIDE/APP Data/STM32CubeIDE_2.0.0/STM32CubeIDE/plugins/com.st.stm32cube.ide.mcu.externaltools.gnu-tools-for-stm32.13.3.rel1.win32_1.0.100.202509120712/tools/bin/../lib/gcc/arm-none-eabi/13.3.1/../../../../arm-none-eabi/lib/thumb/v7-m/nofp\libc_nano.a(libc_a-nano-vfprintf.o)
 .text.__sfputs_r
                0x0800d228       0x24 A:/APPS/STM/STM32 CubeIDE/APP Data/STM32CubeIDE_2.0.0/STM32CubeIDE/plugins/com.st.stm32cube.ide.mcu.externaltools.gnu-tools-for-stm32.13.3.rel1.win32_1.0.100.202509120712/tools/bin/../lib/gcc/arm-none-eabi/13.3.1/../../../../arm-none-eabi/lib/thumb/v7-m/nofp\libc_nano.a(libc_a-nano-vfprintf.o)
                0x0800d228                __sfputs_r
 .text._vfprintf_r
                0x0800d24c      0x230 A:/APPS/STM/STM32 CubeIDE/APP Data/STM32CubeIDE_2.0.0/STM32CubeIDE/plugins/com.st.stm32cube.ide.mcu.externaltools.gnu-tools-for-stm32.13.3.rel1.win32_1.0.100.202509120712/tools/bin/../lib/gcc/arm-none-eabi/13.3.1/../../../../arm-none-eabi/lib/thumb/v7-m/nofp\libc_nano.a(libc_a-nano-vfprintf.o)
                0x0800d24c                _vfprintf_r
                0x0800d24c                _vfiprintf_r
 .text.__swbuf_r
                0x0800d47c       0x7c A:/APPS/STM/STM32 CubeIDE/APP Data/STM32CubeIDE_2.0.0/STM32CubeIDE/plugins/com.st.stm32cube.ide.mcu.externaltools.gnu-tools-for-stm32.13.3.rel1.win32_1.0.100.202509120712/tools/bin/../lib/gcc/arm-none-eabi/13.3.1/../../../../arm-none-eabi/lib/thumb/v7-m/nofp\libc_nano.a(libc_a-wbuf.o)
                0x0800d47c                __swbuf_r
 .text.__swsetup_r
                0x0800d4f8       0xac A:/APPS/STM/STM32 CubeIDE/APP Data/STM32CubeIDE_2.0.0/STM32CubeIDE/plugins/com.st.stm32cube.ide.mcu.externaltools.gnu-tools-for-stm32.13.3.rel1.win32_1.0.100.202509120712/tools/bin/../lib/gcc/arm-none-eabi/13.3.1/../../../../arm-none-eabi/lib/thumb/v7-m/nofp\libc_nano.a(libc_a-wsetup.o)
                0x0800d4f8                __swsetup_r
 .text._raise_r
                0x0800d5a4       0x50 A:/APPS/STM/STM32 CubeIDE/APP Data/STM32CubeIDE_2.0.0/STM32CubeIDE/plugins/com.st.stm32cube.ide.mcu.externaltools.gnu-tools-for-stm32.13.3.rel1.win32_1.0.100.202509120712/tools/bin/../lib/gcc/arm-none-eabi/13.3.1/../../../../arm-none-eabi/lib/thumb/v7-m/nofp\libc_nano.a(libc_a-signal.o)
                0x0800d5a4                _raise_r
 .text.raise    0x0800d5f4       0x10 A:/APPS/STM/STM32 CubeIDE/APP Data/STM32CubeIDE_2.0.0/STM32CubeIDE/plugins/com.st.stm32cube.ide.mcu.externaltools.gnu-tools-for-stm32.13.3.rel1.win32_1.0.100.202509120712/tools/bin/../lib/gcc/arm-none-eabi/13.3.1/../../../../arm-none-eabi/lib/thumb/v7-m/nofp\libc_nano.a(libc_a-signal.o)
                0x0800d5f4                raise
 .text._kill_r  0x0800d604       0x24 A:/APPS/STM/STM32 CubeIDE/APP Data/STM32CubeIDE_2.0.0/STM32CubeIDE/plugins/com.st.stm32cube.ide.mcu.externaltools.gnu-tools-for-stm32.13.3.rel1.win32_1.0.100.202509120712/tools/bin/../lib/gcc/arm-none-eabi/13.3.1/../../../../arm-none-eabi/lib/thumb/v7-m/nofp\libc_nano.a(libc_a-signalr.o)
                0x0800d604                _kill_r
 .text._getpid_r
                0x0800d628        0x4 A:/APPS/STM/STM32 CubeIDE/APP Data/STM32CubeIDE_2.0.0/STM32CubeIDE/plugins/com.st.stm32cube.ide.mcu.externaltools.gnu-tools-for-stm32.13.3.rel1.win32_1.0.100.202509120712/tools/bin/../lib/gcc/arm-none-eabi/13.3.1/../../../../arm-none-eabi/lib/thumb/v7-m/nofp\libc_nano.a(libc_a-signalr.o)
                0x0800d628                _getpid_r
 .text.__swhatbuf_r
                0x0800d62c       0x4a A:/APPS/STM/STM32 CubeIDE/APP Data/STM32CubeIDE_2.0.0/STM32CubeIDE/plugins/com.st.stm32cube.ide.mcu.externaltools.gnu-tools-for-stm32.13.3.rel1.win32_1.0.100.202509120712/tools/bin/../lib/gcc/arm-none-eabi/13.3.1/../../../../arm-none-eabi/lib/thumb/v7-m/nofp\libc_nano.a(libc_a-makebuf.o)
                0x0800d62c                __swhatbuf_r
 .text.__smakebuf_r
                0x0800d676       0x78 A:/APPS/STM/STM32 CubeIDE/APP Data/STM32CubeIDE_2.0.0/STM32CubeIDE/plugins/com.st.stm32cube.ide.mcu.externaltools.gnu-tools-for-stm32.13.3.rel1.win32_1.0.100.202509120712/tools/bin/../lib/gcc/arm-none-eabi/13.3.1/../../../../arm-none-eabi/lib/thumb/v7-m/nofp\libc_nano.a(libc_a-makebuf.o)
                0x0800d676                __smakebuf_r
 *fill*         0x0800d6ee        0x2 
 .text._fstat_r
                0x0800d6f0       0x24 A:/APPS/STM/STM32 CubeIDE/APP Data/STM32CubeIDE_2.0.0/STM32CubeIDE/plugins/com.st.stm32cube.ide.mcu.externaltools.gnu-tools-for-stm32.13.3.rel1.win32_1.0.100.202509120712/tools/bin/../lib/gcc/arm-none-eabi/13.3.1/../../../../arm-none-eabi/lib/thumb/v7-m/nofp\libc_nano.a(libc_a-fstatr.o)
                0x0800d6f0                _fstat_r
 .text._isatty_r
                0x0800d714       0x20 A:/APPS/STM/STM32 CubeIDE/APP Data/STM32CubeIDE_2.0.0/STM32CubeIDE/plugins/com.st.stm32cube.ide.mcu.externaltools.gnu-tools-for-stm32.13.3.rel1.win32_1.0.100.202509120712/tools/bin/../lib/gcc/arm-none-eabi/13.3.1/../../../../arm-none-eabi/lib/thumb/v7-m/nofp\libc_nano.a(libc_a-isattyr.o)
                0x0800d714                _isatty_r
 *(.glue_7)
 .glue_7        0x0800d734        0x0 linker stubs
 *(.glue_7t)
 .glue_7t       0x0800d734        0x0 linker stubs
 *(.eh_frame)
 .eh_frame      0x0800d734        0x0 A:/APPS/STM/STM32 CubeIDE/APP Data/STM32CubeIDE_2.0.0/STM32CubeIDE/plugins/com.st.stm32cube.ide.mcu.externaltools.gnu-tools-for-stm32.13.3.rel1.win32_1.0.100.202509120712/tools/bin/../lib/gcc/arm-none-eabi/13.3.1/thumb/v7-m/nofp/crtbegin.o
 *(.init)
 .init          0x0800d734        0x4 A:/APPS/STM/STM32 CubeIDE/APP Data/STM32CubeIDE_2.0.0/STM32CubeIDE/plugins/com.st.stm32cube.ide.mcu.externaltools.gnu-tools-for-stm32.13.3.rel1.win32_1.0.100.202509120712/tools/bin/../lib/gcc/arm-none-eabi/13.3.1/thumb/v7-m/nofp/crti.o
                0x0800d734                _init
 .init          0x0800d738        0x8 A:/APPS/STM/STM32 CubeIDE/APP Data/STM32CubeIDE_2.0.0/STM32CubeIDE/plugins/com.st.stm32cube.ide.mcu.externaltools.gnu-tools-for-stm32.13.3.rel1.win32_1.0.100.202509120712/tools/bin/../lib/gcc/arm-none-eabi/13.3.1/thumb/v7-m/nofp/crtn.o
 *(.fini)
 .fini          0x0800d740        0x4 A:/APPS/STM/STM32 CubeIDE/APP Data/STM32CubeIDE_2.0.0/STM32CubeIDE/plugins/com.st.stm32cube.ide.mcu.externaltools.gnu-tools-for-stm32.13.3.rel1.win32_1.0.100.202509120712/tools/bin/../lib/gcc/arm-none-eabi/13.3.1/thumb/v7-m/nofp/crti.o
                0x0800d740                _fini
 .fini          0x0800d744        0x8 A:/APPS/STM/STM32 CubeIDE/APP Data/STM32CubeIDE_2.0.0/STM32CubeIDE/plugins/com.st.stm32cube.ide.mcu.externaltools.gnu-tools-for-stm32.13.3.rel1.win32_1.0.100.202509120712/tools/bin/../lib/gcc/arm-none-eabi/13.3.1/thumb/v7-m/nofp/crtn.o
 *fill*         0x0800d74c        0x4 
 .fini.__stub   0x0800d750        0x8 linker stubs
                0x0800d758                        . = ALIGN (0x4)
                0x0800d758                        _etext = .

.vfp11_veneer   0x0800d758        0x0
 .vfp11_veneer  0x0800d758        0x0 linker stubs

.v4_bx          0x0800d758        0x0
 .v4_bx         0x0800d758        0x0 linker stubs

.iplt           0x0800d758        0x0
 .iplt          0x0800d758        0x0 A:/APPS/STM/STM32 CubeIDE/APP Data/STM32CubeIDE_2.0.0/STM32CubeIDE/plugins/com.st.stm32cube.ide.mcu.externaltools.gnu-tools-for-stm32.13.3.rel1.win32_1.0.100.202509120712/tools/bin/../lib/gcc/arm-none-eabi/13.3.1/thumb/v7-m/nofp/crtbegin.o

.rodata         0x0800d758      0x434
                0x0800d758                        . = ALIGN (0x4)
 *(.rodata)
 .rodata        0x0800d758       0x96 ./Core/Src/DWIN_UI.o
 *(.rodata*)
 *fill*         0x0800d7ee        0x2 
 .rodata.AHBPrescTable
                0x0800d7f0       0x10 ./Core/Src/system_stm32f1xx.o
                0x0800d7f0                AHBPrescTable
 .rodata.APBPrescTable
                0x0800d800        0x8 ./Core/Src/system_stm32f1xx.o
                0x0800d800                APBPrescTable
 .rodata.aPLLMULFactorTable.1
                0x0800d808       0x10 ./Drivers/STM32F1xx_HAL_Driver/Src/stm32f1xx_hal_rcc.o
 .rodata.aPredivFactorTable.0
                0x0800d818        0x2 ./Drivers/STM32F1xx_HAL_Driver/Src/stm32f1xx_hal_rcc.o
 .rodata._printf_float.str1.1
                0x0800d81a      0x171 A:/APPS/STM/STM32 CubeIDE/APP Data/STM32CubeIDE_2.0.0/STM32CubeIDE/plugins/com.st.stm32cube.ide.mcu.externaltools.gnu-tools-for-stm32.13.3.rel1.win32_1.0.100.202509120712/tools/bin/../lib/gcc/arm-none-eabi/13.3.1/../../../../arm-none-eabi/lib/thumb/v7-m/nofp\libc_nano.a(libc_a-nano-vfprintf_float.o)
                                 0x12 (size before relaxing)
 .rodata._printf_i.str1.1
                0x0800d98b        0x0 A:/APPS/STM/STM32 CubeIDE/APP Data/STM32CubeIDE_2.0.0/STM32CubeIDE/plugins/com.st.stm32cube.ide.mcu.externaltools.gnu-tools-for-stm32.13.3.rel1.win32_1.0.100.202509120712/tools/bin/../lib/gcc/arm-none-eabi/13.3.1/../../../../arm-none-eabi/lib/thumb/v7-m/nofp\libc_nano.a(libc_a-nano-vfprintf_i.o)
                                 0x22 (size before relaxing)
 .rodata._dtoa_r.str1.1
                0x0800d98b        0x0 A:/APPS/STM/STM32 CubeIDE/APP Data/STM32CubeIDE_2.0.0/STM32CubeIDE/plugins/com.st.stm32cube.ide.mcu.externaltools.gnu-tools-for-stm32.13.3.rel1.win32_1.0.100.202509120712/tools/bin/../lib/gcc/arm-none-eabi/13.3.1/../../../../arm-none-eabi/lib/thumb/v7-m/nofp\libc_nano.a(libc_a-dtoa.o)
                                 0x8f (size before relaxing)
 .rodata._Balloc.str1.1
                0x0800d98b        0x0 A:/APPS/STM/STM32 CubeIDE/APP Data/STM32CubeIDE_2.0.0/STM32CubeIDE/plugins/com.st.stm32cube.ide.mcu.externaltools.gnu-tools-for-stm32.13.3.rel1.win32_1.0.100.202509120712/tools/bin/../lib/gcc/arm-none-eabi/13.3.1/../../../../arm-none-eabi/lib/thumb/v7-m/nofp\libc_nano.a(libc_a-mprec.o)
                                 0x70 (size before relaxing)
 .rodata.__multadd.str1.1
                0x0800d98b        0x0 A:/APPS/STM/STM32 CubeIDE/APP Data/STM32CubeIDE_2.0.0/STM32CubeIDE/plugins/com.st.stm32cube.ide.mcu.externaltools.gnu-tools-for-stm32.13.3.rel1.win32_1.0.100.202509120712/tools/bin/../lib/gcc/arm-none-eabi/13.3.1/../../../../arm-none-eabi/lib/thumb/v7-m/nofp\libc_nano.a(libc_a-mprec.o)
                                 0x11 (size before relaxing)
 *fill*         0x0800d98b        0x1 
 .rodata.p05.0  0x0800d98c        0xc A:/APPS/STM/STM32 CubeIDE/APP Data/STM32CubeIDE_2.0.0/STM32CubeIDE/plugins/com.st.stm32cube.ide.mcu.externaltools.gnu-tools-for-stm32.13.3.rel1.win32_1.0.100.202509120712/tools/bin/../lib/gcc/arm-none-eabi/13.3.1/../../../../arm-none-eabi/lib/thumb/v7-m/nofp\libc_nano.a(libc_a-mprec.o)
 .rodata.__mprec_bigtens
                0x0800d998       0x28 A:/APPS/STM/STM32 CubeIDE/APP Data/STM32CubeIDE_2.0.0/STM32CubeIDE/plugins/com.st.stm32cube.ide.mcu.externaltools.gnu-tools-for-stm32.13.3.rel1.win32_1.0.100.202509120712/tools/bin/../lib/gcc/arm-none-eabi/13.3.1/../../../../arm-none-eabi/lib/thumb/v7-m/nofp\libc_nano.a(libc_a-mprec.o)
                0x0800d998                __mprec_bigtens
 .rodata.__mprec_tens
                0x0800d9c0       0xc8 A:/APPS/STM/STM32 CubeIDE/APP Data/STM32CubeIDE_2.0.0/STM32CubeIDE/plugins/com.st.stm32cube.ide.mcu.externaltools.gnu-tools-for-stm32.13.3.rel1.win32_1.0.100.202509120712/tools/bin/../lib/gcc/arm-none-eabi/13.3.1/../../../../arm-none-eabi/lib/thumb/v7-m/nofp\libc_nano.a(libc_a-mprec.o)
                0x0800d9c0                __mprec_tens
 .rodata._svfprintf_r.str1.1
                0x0800da88        0x0 A:/APPS/STM/STM32 CubeIDE/APP Data/STM32CubeIDE_2.0.0/STM32CubeIDE/plugins/com.st.stm32cube.ide.mcu.externaltools.gnu-tools-for-stm32.13.3.rel1.win32_1.0.100.202509120712/tools/bin/../lib/gcc/arm-none-eabi/13.3.1/../../../../arm-none-eabi/lib/thumb/v7-m/nofp\libc_nano.a(libc_a-nano-svfprintf.o)
                                 0x11 (size before relaxing)
 .rodata._setlocale_r.str1.1
                0x0800da88        0x0 A:/APPS/STM/STM32 CubeIDE/APP Data/STM32CubeIDE_2.0.0/STM32CubeIDE/plugins/com.st.stm32cube.ide.mcu.externaltools.gnu-tools-for-stm32.13.3.rel1.win32_1.0.100.202509120712/tools/bin/../lib/gcc/arm-none-eabi/13.3.1/../../../../arm-none-eabi/lib/thumb/v7-m/nofp\libc_nano.a(libc_a-locale.o)
                                  0x9 (size before relaxing)
 .rodata.str1.1
                0x0800da88        0x0 A:/APPS/STM/STM32 CubeIDE/APP Data/STM32CubeIDE_2.0.0/STM32CubeIDE/plugins/com.st.stm32cube.ide.mcu.externaltools.gnu-tools-for-stm32.13.3.rel1.win32_1.0.100.202509120712/tools/bin/../lib/gcc/arm-none-eabi/13.3.1/../../../../arm-none-eabi/lib/thumb/v7-m/nofp\libc_nano.a(libc_a-locale.o)
                                  0x2 (size before relaxing)
 .rodata.__assert_func.str1.1
                0x0800da88        0x0 A:/APPS/STM/STM32 CubeIDE/APP Data/STM32CubeIDE_2.0.0/STM32CubeIDE/plugins/com.st.stm32cube.ide.mcu.externaltools.gnu-tools-for-stm32.13.3.rel1.win32_1.0.100.202509120712/tools/bin/../lib/gcc/arm-none-eabi/13.3.1/../../../../arm-none-eabi/lib/thumb/v7-m/nofp\libc_nano.a(libc_a-assert.o)
                                 0x3d (size before relaxing)
 .rodata._ctype_
                0x0800da88      0x101 A:/APPS/STM/STM32 CubeIDE/APP Data/STM32CubeIDE_2.0.0/STM32CubeIDE/plugins/com.st.stm32cube.ide.mcu.externaltools.gnu-tools-for-stm32.13.3.rel1.win32_1.0.100.202509120712/tools/bin/../lib/gcc/arm-none-eabi/13.3.1/../../../../arm-none-eabi/lib/thumb/v7-m/nofp\libc_nano.a(libc_a-ctype_.o)
                0x0800da88                _ctype_
 .rodata._vfprintf_r.str1.1